[35m[1mConsolidate compiler generated dependencies of target scorbot[0m
[ 33%] [32mBuilding CXX object CMakeFiles/scorbot.dir/src/scorbot.cpp.o[0m
[ 66%] [32mBuilding CXX object CMakeFiles/scorbot.dir/src/scorbot_node.cpp.o[0m
In file included from [01m[K/home/leon/robotica/scorbotLabo/software_scorbot/scorbot_ws/scorbot/src/scorbot.cpp:1[m[K:
[01m[K/home/leon/robotica/scorbotLabo/software_scorbot/scorbot_ws/scorbot/src/scorbot.h:66:93:[m[K [01;31m[Kerror: [m[Kno type named ‘[01m[Ktype[m[K’ in ‘[01m[Kstruct std::enable_if<false, void>[m[K’
   66 |       std::shared_ptr<rclcpp::WallTimer< std::function<void(std::shared_ptr<rclcpp::Node>)> [01;31m[K>[m[K > control_timer;
      |                                                                                             [01;31m[K^[m[K
[01m[K/home/leon/robotica/scorbotLabo/software_scorbot/scorbot_ws/scorbot/src/scorbot.h:66:93:[m[K [01;36m[Knote: [m[Kinvalid template non-type parameter
[01m[K/home/leon/robotica/scorbotLabo/software_scorbot/scorbot_ws/scorbot/src/scorbot.h:66:95:[m[K [01;31m[Kerror: [m[Ktemplate argument 1 is invalid
   66 |       std::shared_ptr<rclcpp::WallTimer< std::function<void(std::shared_ptr<rclcpp::Node>)> > [01;31m[K>[m[K control_timer;
      |                                                                                               [01;31m[K^[m[K
[01m[K/home/leon/robotica/scorbotLabo/software_scorbot/scorbot_ws/scorbot/src/scorbot.h:66:97:[m[K [01;31m[Kerror: [m[Kexpected unqualified-id before ‘[01m[K>[m[K’ token
   66 |       std::shared_ptr<rclcpp::WallTimer< std::function<void(std::shared_ptr<rclcpp::Node>)> > > [01;31m[Kc[m[Kontrol_timer;
      |                                                                                                 [01;31m[K^[m[K
In file included from [01m[K/home/leon/robotica/scorbotLabo/software_scorbot/scorbot_ws/scorbot/src/scorbot_node.cpp:2[m[K:
[01m[K/home/leon/robotica/scorbotLabo/software_scorbot/scorbot_ws/scorbot/src/scorbot.h:66:93:[m[K [01;31m[Kerror: [m[Kno type named ‘[01m[Ktype[m[K’ in ‘[01m[Kstruct std::enable_if<false, void>[m[K’
   66 |       std::shared_ptr<rclcpp::WallTimer< std::function<void(std::shared_ptr<rclcpp::Node>)> [01;31m[K>[m[K > control_timer;
      |                                                                                             [01;31m[K^[m[K
[01m[K/home/leon/robotica/scorbotLabo/software_scorbot/scorbot_ws/scorbot/src/scorbot.h:66:93:[m[K [01;36m[Knote: [m[Kinvalid template non-type parameter
[01m[K/home/leon/robotica/scorbotLabo/software_scorbot/scorbot_ws/scorbot/src/scorbot.h:66:95:[m[K [01;31m[Kerror: [m[Ktemplate argument 1 is invalid
   66 |       std::shared_ptr<rclcpp::WallTimer< std::function<void(std::shared_ptr<rclcpp::Node>)> > [01;31m[K>[m[K control_timer;
      |                                                                                               [01;31m[K^[m[K
[01m[K/home/leon/robotica/scorbotLabo/software_scorbot/scorbot_ws/scorbot/src/scorbot.h:66:97:[m[K [01;31m[Kerror: [m[Kexpected unqualified-id before ‘[01m[K>[m[K’ token
   66 |       std::shared_ptr<rclcpp::WallTimer< std::function<void(std::shared_ptr<rclcpp::Node>)> > > [01;31m[Kc[m[Kontrol_timer;
      |                                                                                                 [01;31m[K^[m[K
[01m[K/home/leon/robotica/scorbotLabo/software_scorbot/scorbot_ws/scorbot/src/scorbot.cpp:[m[K In constructor ‘[01m[Kscorbot::Teleop::Teleop(std::shared_ptr<rclcpp::Node>)[m[K’:
[01m[K/home/leon/robotica/scorbotLabo/software_scorbot/scorbot_ws/scorbot/src/scorbot.cpp:77:3:[m[K [01;31m[Kerror: [m[K‘[01m[Kcontrol_timer[m[K’ was not declared in this scope
   77 |   [01;31m[Kcontrol_timer[m[K = n->create_wall_timer(period, std::bind(&Teleop::on_control_cycle, n));
      |   [01;31m[K^~~~~~~~~~~~~[m[K
gmake[2]: *** [CMakeFiles/scorbot.dir/build.make:90: CMakeFiles/scorbot.dir/src/scorbot_node.cpp.o] Error 1
gmake[2]: *** Waiting for unfinished jobs....
gmake[2]: *** wait: No child processes.  Stop.
gmake[1]: *** [CMakeFiles/Makefile2:137: CMakeFiles/scorbot.dir/all] Error 2
gmake: *** [Makefile:146: all] Interrupt
