[0.025s] Invoking command in '/home/leon/robotica/scorbotLabo/software_scorbot/scorbot_ws/build/scorbot': AMENT_PREFIX_PATH=/home/leon/robotica/scorbotLabo/software_scorbot/scorbot_ws/install/scorbot_msgs:${AMENT_PREFIX_PATH} CMAKE_PREFIX_PATH=/home/leon/robotica/scorbotLabo/software_scorbot/scorbot_ws/install/scorbot_msgs:/home/leon/microros_ws/install/micro_ros_demos_rclc:/home/leon/microros_ws/install/common_interfaces:/home/leon/microros_ws/install/visualization_msgs:/home/leon/microros_ws/install/test_msgs:/home/leon/microros_ws/install/example_interfaces:/home/leon/microros_ws/install/action_msgs:/home/leon/microros_ws/install/unique_identifier_msgs:/home/leon/microros_ws/install/trajectory_msgs:/home/leon/microros_ws/install/stereo_msgs:/home/leon/microros_ws/install/std_srvs:/home/leon/microros_ws/install/shape_msgs:/home/leon/microros_ws/install/sensor_msgs:/home/leon/microros_ws/install/nav_msgs:/home/leon/microros_ws/install/diagnostic_msgs:/home/leon/microros_ws/install/geometry_msgs:/home/leon/microros_ws/install/actionlib_msgs:/home/leon/microros_ws/install/std_msgs:/home/leon/microros_ws/install/statistics_msgs:/home/leon/microros_ws/install/rosidl_typesupport_microxrcedds_test_msg:/home/leon/microros_ws/install/rosidl_typesupport_microxrcedds_cpp_tests:/home/leon/microros_ws/install/rmw_microxrcedds:/home/leon/microros_ws/install/rosidl_typesupport_microxrcedds_cpp:/home/leon/microros_ws/install/rosidl_typesupport_microxrcedds_c_tests:/home/leon/microros_ws/install/rosidl_typesupport_microxrcedds_c:/home/leon/microros_ws/install/rosgraph_msgs:/home/leon/microros_ws/install/rclc_parameter:/home/leon/microros_ws/install/rclc:/home/leon/microros_ws/install/composition_interfaces:/home/leon/microros_ws/install/rcl_interfaces:/home/leon/microros_ws/install/microxrcedds_client:/home/leon/microros_ws/install/microcdr:/home/leon/microros_ws/install/micro_ros_utilities:/home/leon/microros_ws/install/micro_ros_setup:/home/leon/microros_ws/install/micro_ros_agent:/home/leon/microros_ws/install/micro_ros_msgs:/home/leon/microros_ws/install/lifecycle_msgs:/home/leon/microros_ws/install/complex_msgs:/home/leon/microros_ws/install/builtin_interfaces:/home/leon/microros_ws/install/sensor_msgs_py:/opt/ros/humble LD_LIBRARY_PATH=/home/leon/robotica/scorbotLabo/software_scorbot/scorbot_ws/install/scorbot_msgs/lib:${LD_LIBRARY_PATH} PYTHONPATH=/home/leon/robotica/scorbotLabo/software_scorbot/scorbot_ws/install/scorbot_msgs/local/lib/python3.10/dist-packages:${PYTHONPATH} /usr/bin/cmake --build /home/leon/robotica/scorbotLabo/software_scorbot/scorbot_ws/build/scorbot -- -j4 -l4
[0.106s] [35m[1mConsolidate compiler generated dependencies of target scorbot[0m
[0.143s] [ 33%] [32mBuilding CXX object CMakeFiles/scorbot.dir/src/scorbot.cpp.o[0m
[0.146s] [ 66%] [32mBuilding CXX object CMakeFiles/scorbot.dir/src/scorbot_node.cpp.o[0m
[5.118s] In file included from [01m[K/home/leon/robotica/scorbotLabo/software_scorbot/scorbot_ws/scorbot/src/scorbot.cpp:1[m[K:
[5.118s] [01m[K/home/leon/robotica/scorbotLabo/software_scorbot/scorbot_ws/scorbot/src/scorbot.h:66:93:[m[K [01;31m[Kerror: [m[Kno type named ‘[01m[Ktype[m[K’ in ‘[01m[Kstruct std::enable_if<false, void>[m[K’
[5.118s]    66 |       std::shared_ptr<rclcpp::WallTimer< std::function<void(std::shared_ptr<rclcpp::Node>)> [01;31m[K>[m[K > control_timer;
[5.119s]       |                                                                                             [01;31m[K^[m[K
[5.119s] [01m[K/home/leon/robotica/scorbotLabo/software_scorbot/scorbot_ws/scorbot/src/scorbot.h:66:93:[m[K [01;36m[Knote: [m[Kinvalid template non-type parameter
[5.119s] [01m[K/home/leon/robotica/scorbotLabo/software_scorbot/scorbot_ws/scorbot/src/scorbot.h:66:95:[m[K [01;31m[Kerror: [m[Ktemplate argument 1 is invalid
[5.119s]    66 |       std::shared_ptr<rclcpp::WallTimer< std::function<void(std::shared_ptr<rclcpp::Node>)> > [01;31m[K>[m[K control_timer;
[5.119s]       |                                                                                               [01;31m[K^[m[K
[5.122s] [01m[K/home/leon/robotica/scorbotLabo/software_scorbot/scorbot_ws/scorbot/src/scorbot.h:66:97:[m[K [01;31m[Kerror: [m[Kexpected unqualified-id before ‘[01m[K>[m[K’ token
[5.122s]    66 |       std::shared_ptr<rclcpp::WallTimer< std::function<void(std::shared_ptr<rclcpp::Node>)> > > [01;31m[Kc[m[Kontrol_timer;
[5.122s]       |                                                                                                 [01;31m[K^[m[K
[5.134s] In file included from [01m[K/home/leon/robotica/scorbotLabo/software_scorbot/scorbot_ws/scorbot/src/scorbot_node.cpp:2[m[K:
[5.134s] [01m[K/home/leon/robotica/scorbotLabo/software_scorbot/scorbot_ws/scorbot/src/scorbot.h:66:93:[m[K [01;31m[Kerror: [m[Kno type named ‘[01m[Ktype[m[K’ in ‘[01m[Kstruct std::enable_if<false, void>[m[K’
[5.135s]    66 |       std::shared_ptr<rclcpp::WallTimer< std::function<void(std::shared_ptr<rclcpp::Node>)> [01;31m[K>[m[K > control_timer;
[5.135s]       |                                                                                             [01;31m[K^[m[K
[5.135s] [01m[K/home/leon/robotica/scorbotLabo/software_scorbot/scorbot_ws/scorbot/src/scorbot.h:66:93:[m[K [01;36m[Knote: [m[Kinvalid template non-type parameter
[5.138s] [01m[K/home/leon/robotica/scorbotLabo/software_scorbot/scorbot_ws/scorbot/src/scorbot.h:66:95:[m[K [01;31m[Kerror: [m[Ktemplate argument 1 is invalid
[5.138s]    66 |       std::shared_ptr<rclcpp::WallTimer< std::function<void(std::shared_ptr<rclcpp::Node>)> > [01;31m[K>[m[K control_timer;
[5.138s]       |                                                                                               [01;31m[K^[m[K
[5.138s] [01m[K/home/leon/robotica/scorbotLabo/software_scorbot/scorbot_ws/scorbot/src/scorbot.h:66:97:[m[K [01;31m[Kerror: [m[Kexpected unqualified-id before ‘[01m[K>[m[K’ token
[5.141s]    66 |       std::shared_ptr<rclcpp::WallTimer< std::function<void(std::shared_ptr<rclcpp::Node>)> > > [01;31m[Kc[m[Kontrol_timer;
[5.141s]       |                                                                                                 [01;31m[K^[m[K
[5.186s] [01m[K/home/leon/robotica/scorbotLabo/software_scorbot/scorbot_ws/scorbot/src/scorbot.cpp:[m[K In constructor ‘[01m[Kscorbot::Teleop::Teleop(std::shared_ptr<rclcpp::Node>)[m[K’:
[5.187s] [01m[K/home/leon/robotica/scorbotLabo/software_scorbot/scorbot_ws/scorbot/src/scorbot.cpp:77:3:[m[K [01;31m[Kerror: [m[K‘[01m[Kcontrol_timer[m[K’ was not declared in this scope
[5.187s]    77 |   [01;31m[Kcontrol_timer[m[K = n->create_wall_timer(period, std::bind(&Teleop::on_control_cycle, n));
[5.187s]       |   [01;31m[K^~~~~~~~~~~~~[m[K
[5.952s] gmake[2]: *** [CMakeFiles/scorbot.dir/build.make:90: CMakeFiles/scorbot.dir/src/scorbot_node.cpp.o] Error 1
[5.953s] gmake[2]: *** Waiting for unfinished jobs....
[6.469s] gmake[2]: *** wait: No child processes.  Stop.
[6.469s] gmake[1]: *** [CMakeFiles/Makefile2:137: CMakeFiles/scorbot.dir/all] Error 2
[6.469s] gmake: *** [Makefile:146: all] Interrupt
[6.502s] Invoked command in '/home/leon/robotica/scorbotLabo/software_scorbot/scorbot_ws/build/scorbot' returned '-2': AMENT_PREFIX_PATH=/home/leon/robotica/scorbotLabo/software_scorbot/scorbot_ws/install/scorbot_msgs:${AMENT_PREFIX_PATH} CMAKE_PREFIX_PATH=/home/leon/robotica/scorbotLabo/software_scorbot/scorbot_ws/install/scorbot_msgs:/home/leon/microros_ws/install/micro_ros_demos_rclc:/home/leon/microros_ws/install/common_interfaces:/home/leon/microros_ws/install/visualization_msgs:/home/leon/microros_ws/install/test_msgs:/home/leon/microros_ws/install/example_interfaces:/home/leon/microros_ws/install/action_msgs:/home/leon/microros_ws/install/unique_identifier_msgs:/home/leon/microros_ws/install/trajectory_msgs:/home/leon/microros_ws/install/stereo_msgs:/home/leon/microros_ws/install/std_srvs:/home/leon/microros_ws/install/shape_msgs:/home/leon/microros_ws/install/sensor_msgs:/home/leon/microros_ws/install/nav_msgs:/home/leon/microros_ws/install/diagnostic_msgs:/home/leon/microros_ws/install/geometry_msgs:/home/leon/microros_ws/install/actionlib_msgs:/home/leon/microros_ws/install/std_msgs:/home/leon/microros_ws/install/statistics_msgs:/home/leon/microros_ws/install/rosidl_typesupport_microxrcedds_test_msg:/home/leon/microros_ws/install/rosidl_typesupport_microxrcedds_cpp_tests:/home/leon/microros_ws/install/rmw_microxrcedds:/home/leon/microros_ws/install/rosidl_typesupport_microxrcedds_cpp:/home/leon/microros_ws/install/rosidl_typesupport_microxrcedds_c_tests:/home/leon/microros_ws/install/rosidl_typesupport_microxrcedds_c:/home/leon/microros_ws/install/rosgraph_msgs:/home/leon/microros_ws/install/rclc_parameter:/home/leon/microros_ws/install/rclc:/home/leon/microros_ws/install/composition_interfaces:/home/leon/microros_ws/install/rcl_interfaces:/home/leon/microros_ws/install/microxrcedds_client:/home/leon/microros_ws/install/microcdr:/home/leon/microros_ws/install/micro_ros_utilities:/home/leon/microros_ws/install/micro_ros_setup:/home/leon/microros_ws/install/micro_ros_agent:/home/leon/microros_ws/install/micro_ros_msgs:/home/leon/microros_ws/install/lifecycle_msgs:/home/leon/microros_ws/install/complex_msgs:/home/leon/microros_ws/install/builtin_interfaces:/home/leon/microros_ws/install/sensor_msgs_py:/opt/ros/humble LD_LIBRARY_PATH=/home/leon/robotica/scorbotLabo/software_scorbot/scorbot_ws/install/scorbot_msgs/lib:${LD_LIBRARY_PATH} PYTHONPATH=/home/leon/robotica/scorbotLabo/software_scorbot/scorbot_ws/install/scorbot_msgs/local/lib/python3.10/dist-packages:${PYTHONPATH} /usr/bin/cmake --build /home/leon/robotica/scorbotLabo/software_scorbot/scorbot_ws/build/scorbot -- -j4 -l4
