[0.058s] Invoking command in '/home/leon/robotica/scorbotLabo/software_scorbot/scorbot_ws/build/scorbot_msgs': CMAKE_PREFIX_PATH=${CMAKE_PREFIX_PATH}:/home/leon/microros_ws/install/sensor_msgs_py:/opt/ros/humble /usr/bin/cmake --build /home/leon/robotica/scorbotLabo/software_scorbot/scorbot_ws/build/scorbot_msgs -- -j4 -l4
[0.314s] [  3%] Built target scorbot_msgs__rs
[0.314s] [  3%] Built target scorbot_msgs__cpp
[0.314s] [ 11%] Built target scorbot_msgs__rosidl_generator_c
[0.341s] [ 11%] Built target ament_cmake_python_copy_scorbot_msgs
[0.371s] [ 20%] Built target scorbot_msgs__rosidl_typesupport_introspection_cpp
[0.380s] [ 28%] Built target scorbot_msgs__rosidl_typesupport_fastrtps_cpp
[0.386s] [ 36%] Built target scorbot_msgs__rosidl_typesupport_microxrcedds_cpp
[0.398s] [ 45%] Built target scorbot_msgs__rosidl_typesupport_cpp
[0.432s] [ 53%] Built target scorbot_msgs__rosidl_typesupport_microxrcedds_c
[0.438s] [ 61%] Built target scorbot_msgs__rosidl_typesupport_fastrtps_c
[0.452s] [ 70%] Built target scorbot_msgs__rosidl_typesupport_introspection_c
[0.473s] [ 78%] Built target scorbot_msgs__rosidl_typesupport_c
[0.510s] [ 78%] Built target scorbot_msgs
[0.550s] [ 80%] Built target scorbot_msgs__py
[0.592s] [ 86%] Built target scorbot_msgs__rosidl_generator_py
[0.641s] [ 90%] Built target scorbot_msgs__rosidl_typesupport_microxrcedds_c__pyext
[0.641s] [ 93%] Built target scorbot_msgs__rosidl_typesupport_fastrtps_c__pyext
[0.649s] [ 96%] Built target scorbot_msgs__rosidl_typesupport_introspection_c__pyext
[0.681s] [100%] Built target scorbot_msgs__rosidl_typesupport_c__pyext
[0.891s] running egg_info
[0.892s] writing scorbot_msgs.egg-info/PKG-INFO
[0.893s] writing dependency_links to scorbot_msgs.egg-info/dependency_links.txt
[0.893s] writing top-level names to scorbot_msgs.egg-info/top_level.txt
[0.897s] reading manifest file 'scorbot_msgs.egg-info/SOURCES.txt'
[0.898s] writing manifest file 'scorbot_msgs.egg-info/SOURCES.txt'
[0.959s] [100%] Built target ament_cmake_python_build_scorbot_msgs_egg
[0.979s] Invoked command in '/home/leon/robotica/scorbotLabo/software_scorbot/scorbot_ws/build/scorbot_msgs' returned '0': CMAKE_PREFIX_PATH=${CMAKE_PREFIX_PATH}:/home/leon/microros_ws/install/sensor_msgs_py:/opt/ros/humble /usr/bin/cmake --build /home/leon/robotica/scorbotLabo/software_scorbot/scorbot_ws/build/scorbot_msgs -- -j4 -l4
[0.998s] Invoking command in '/home/leon/robotica/scorbotLabo/software_scorbot/scorbot_ws/build/scorbot_msgs': CMAKE_PREFIX_PATH=${CMAKE_PREFIX_PATH}:/home/leon/microros_ws/install/sensor_msgs_py:/opt/ros/humble /usr/bin/cmake --install /home/leon/robotica/scorbotLabo/software_scorbot/scorbot_ws/build/scorbot_msgs
[1.014s] -- Install configuration: ""
[1.015s] -- Up-to-date: /home/leon/robotica/scorbotLabo/software_scorbot/scorbot_ws/install/scorbot_msgs/share/ament_index/resource_index/rosidl_interfaces/scorbot_msgs
[1.015s] -- Up-to-date: /home/leon/robotica/scorbotLabo/software_scorbot/scorbot_ws/install/scorbot_msgs/include/scorbot_msgs/scorbot_msgs
[1.015s] -- Up-to-date: /home/leon/robotica/scorbotLabo/software_scorbot/scorbot_ws/install/scorbot_msgs/include/scorbot_msgs/scorbot_msgs/msg
[1.015s] -- Up-to-date: /home/leon/robotica/scorbotLabo/software_scorbot/scorbot_ws/install/scorbot_msgs/include/scorbot_msgs/scorbot_msgs/msg/joint_trajectory.h
[1.015s] -- Up-to-date: /home/leon/robotica/scorbotLabo/software_scorbot/scorbot_ws/install/scorbot_msgs/include/scorbot_msgs/scorbot_msgs/msg/detail
[1.015s] -- Up-to-date: /home/leon/robotica/scorbotLabo/software_scorbot/scorbot_ws/install/scorbot_msgs/include/scorbot_msgs/scorbot_msgs/msg/detail/trajectory_point__functions.h
[1.016s] -- Up-to-date: /home/leon/robotica/scorbotLabo/software_scorbot/scorbot_ws/install/scorbot_msgs/include/scorbot_msgs/scorbot_msgs/msg/detail/trajectory_point__type_support.h
[1.016s] -- Up-to-date: /home/leon/robotica/scorbotLabo/software_scorbot/scorbot_ws/install/scorbot_msgs/include/scorbot_msgs/scorbot_msgs/msg/detail/joint_velocities__struct.h
[1.016s] -- Up-to-date: /home/leon/robotica/scorbotLabo/software_scorbot/scorbot_ws/install/scorbot_msgs/include/scorbot_msgs/scorbot_msgs/msg/detail/joint_trajectory__functions.h
[1.016s] -- Up-to-date: /home/leon/robotica/scorbotLabo/software_scorbot/scorbot_ws/install/scorbot_msgs/include/scorbot_msgs/scorbot_msgs/msg/detail/joint_trajectory__type_support.h
[1.016s] -- Up-to-date: /home/leon/robotica/scorbotLabo/software_scorbot/scorbot_ws/install/scorbot_msgs/include/scorbot_msgs/scorbot_msgs/msg/detail/trajectory_point__struct.h
[1.016s] -- Up-to-date: /home/leon/robotica/scorbotLabo/software_scorbot/scorbot_ws/install/scorbot_msgs/include/scorbot_msgs/scorbot_msgs/msg/detail/joint_velocities__functions.h
[1.016s] -- Up-to-date: /home/leon/robotica/scorbotLabo/software_scorbot/scorbot_ws/install/scorbot_msgs/include/scorbot_msgs/scorbot_msgs/msg/detail/joint_velocities__functions.c
[1.016s] -- Up-to-date: /home/leon/robotica/scorbotLabo/software_scorbot/scorbot_ws/install/scorbot_msgs/include/scorbot_msgs/scorbot_msgs/msg/detail/joint_trajectory__struct.h
[1.017s] -- Up-to-date: /home/leon/robotica/scorbotLabo/software_scorbot/scorbot_ws/install/scorbot_msgs/include/scorbot_msgs/scorbot_msgs/msg/detail/joint_trajectory__functions.c
[1.017s] -- Up-to-date: /home/leon/robotica/scorbotLabo/software_scorbot/scorbot_ws/install/scorbot_msgs/include/scorbot_msgs/scorbot_msgs/msg/detail/trajectory_point__functions.c
[1.017s] -- Up-to-date: /home/leon/robotica/scorbotLabo/software_scorbot/scorbot_ws/install/scorbot_msgs/include/scorbot_msgs/scorbot_msgs/msg/detail/joint_velocities__type_support.h
[1.017s] -- Up-to-date: /home/leon/robotica/scorbotLabo/software_scorbot/scorbot_ws/install/scorbot_msgs/include/scorbot_msgs/scorbot_msgs/msg/joint_velocities.h
[1.017s] -- Up-to-date: /home/leon/robotica/scorbotLabo/software_scorbot/scorbot_ws/install/scorbot_msgs/include/scorbot_msgs/scorbot_msgs/msg/trajectory_point.h
[1.017s] -- Up-to-date: /home/leon/robotica/scorbotLabo/software_scorbot/scorbot_ws/install/scorbot_msgs/include/scorbot_msgs/scorbot_msgs/msg/rosidl_generator_c__visibility_control.h
[1.018s] -- Up-to-date: /home/leon/robotica/scorbotLabo/software_scorbot/scorbot_ws/install/scorbot_msgs/share/scorbot_msgs/environment/library_path.sh
[1.018s] -- Up-to-date: /home/leon/robotica/scorbotLabo/software_scorbot/scorbot_ws/install/scorbot_msgs/share/scorbot_msgs/environment/library_path.dsv
[1.018s] -- Up-to-date: /home/leon/robotica/scorbotLabo/software_scorbot/scorbot_ws/install/scorbot_msgs/lib/libscorbot_msgs__rosidl_generator_c.so
[1.018s] -- Up-to-date: /home/leon/robotica/scorbotLabo/software_scorbot/scorbot_ws/install/scorbot_msgs/include/scorbot_msgs/scorbot_msgs
[1.018s] -- Up-to-date: /home/leon/robotica/scorbotLabo/software_scorbot/scorbot_ws/install/scorbot_msgs/include/scorbot_msgs/scorbot_msgs/msg
[1.018s] -- Up-to-date: /home/leon/robotica/scorbotLabo/software_scorbot/scorbot_ws/install/scorbot_msgs/include/scorbot_msgs/scorbot_msgs/msg/detail
[1.018s] -- Up-to-date: /home/leon/robotica/scorbotLabo/software_scorbot/scorbot_ws/install/scorbot_msgs/include/scorbot_msgs/scorbot_msgs/msg/detail/microxrcedds
[1.018s] -- Up-to-date: /home/leon/robotica/scorbotLabo/software_scorbot/scorbot_ws/install/scorbot_msgs/include/scorbot_msgs/scorbot_msgs/msg/detail/joint_velocities__rosidl_typesupport_microxrcedds_c.h
[1.019s] -- Up-to-date: /home/leon/robotica/scorbotLabo/software_scorbot/scorbot_ws/install/scorbot_msgs/include/scorbot_msgs/scorbot_msgs/msg/detail/joint_trajectory__rosidl_typesupport_microxrcedds_c.h
[1.019s] -- Up-to-date: /home/leon/robotica/scorbotLabo/software_scorbot/scorbot_ws/install/scorbot_msgs/include/scorbot_msgs/scorbot_msgs/msg/detail/trajectory_point__rosidl_typesupport_microxrcedds_c.h
[1.019s] -- Up-to-date: /home/leon/robotica/scorbotLabo/software_scorbot/scorbot_ws/install/scorbot_msgs/include/scorbot_msgs/scorbot_msgs/msg/rosidl_typesupport_microxrcedds_c__visibility_control.h
[1.019s] -- Up-to-date: /home/leon/robotica/scorbotLabo/software_scorbot/scorbot_ws/install/scorbot_msgs/lib/libscorbot_msgs__rosidl_typesupport_microxrcedds_c.so
[1.019s] -- Up-to-date: /home/leon/robotica/scorbotLabo/software_scorbot/scorbot_ws/install/scorbot_msgs/include/scorbot_msgs/scorbot_msgs
[1.019s] -- Up-to-date: /home/leon/robotica/scorbotLabo/software_scorbot/scorbot_ws/install/scorbot_msgs/include/scorbot_msgs/scorbot_msgs/msg
[1.019s] -- Up-to-date: /home/leon/robotica/scorbotLabo/software_scorbot/scorbot_ws/install/scorbot_msgs/include/scorbot_msgs/scorbot_msgs/msg/rosidl_typesupport_fastrtps_c__visibility_control.h
[1.019s] -- Up-to-date: /home/leon/robotica/scorbotLabo/software_scorbot/scorbot_ws/install/scorbot_msgs/include/scorbot_msgs/scorbot_msgs/msg/detail
[1.020s] -- Up-to-date: /home/leon/robotica/scorbotLabo/software_scorbot/scorbot_ws/install/scorbot_msgs/include/scorbot_msgs/scorbot_msgs/msg/detail/trajectory_point__rosidl_typesupport_fastrtps_c.h
[1.020s] -- Up-to-date: /home/leon/robotica/scorbotLabo/software_scorbot/scorbot_ws/install/scorbot_msgs/include/scorbot_msgs/scorbot_msgs/msg/detail/joint_velocities__rosidl_typesupport_fastrtps_c.h
[1.020s] -- Up-to-date: /home/leon/robotica/scorbotLabo/software_scorbot/scorbot_ws/install/scorbot_msgs/include/scorbot_msgs/scorbot_msgs/msg/detail/joint_trajectory__rosidl_typesupport_fastrtps_c.h
[1.020s] -- Up-to-date: /home/leon/robotica/scorbotLabo/software_scorbot/scorbot_ws/install/scorbot_msgs/lib/libscorbot_msgs__rosidl_typesupport_fastrtps_c.so
[1.021s] -- Up-to-date: /home/leon/robotica/scorbotLabo/software_scorbot/scorbot_ws/install/scorbot_msgs/include/scorbot_msgs/scorbot_msgs
[1.021s] -- Up-to-date: /home/leon/robotica/scorbotLabo/software_scorbot/scorbot_ws/install/scorbot_msgs/include/scorbot_msgs/scorbot_msgs/msg
[1.021s] -- Up-to-date: /home/leon/robotica/scorbotLabo/software_scorbot/scorbot_ws/install/scorbot_msgs/include/scorbot_msgs/scorbot_msgs/msg/rosidl_typesupport_introspection_c__visibility_control.h
[1.021s] -- Up-to-date: /home/leon/robotica/scorbotLabo/software_scorbot/scorbot_ws/install/scorbot_msgs/include/scorbot_msgs/scorbot_msgs/msg/detail
[1.021s] -- Up-to-date: /home/leon/robotica/scorbotLabo/software_scorbot/scorbot_ws/install/scorbot_msgs/include/scorbot_msgs/scorbot_msgs/msg/detail/joint_velocities__type_support.c
[1.021s] -- Up-to-date: /home/leon/robotica/scorbotLabo/software_scorbot/scorbot_ws/install/scorbot_msgs/include/scorbot_msgs/scorbot_msgs/msg/detail/trajectory_point__rosidl_typesupport_introspection_c.h
[1.022s] -- Up-to-date: /home/leon/robotica/scorbotLabo/software_scorbot/scorbot_ws/install/scorbot_msgs/include/scorbot_msgs/scorbot_msgs/msg/detail/trajectory_point__type_support.c
[1.022s] -- Up-to-date: /home/leon/robotica/scorbotLabo/software_scorbot/scorbot_ws/install/scorbot_msgs/include/scorbot_msgs/scorbot_msgs/msg/detail/joint_trajectory__type_support.c
[1.022s] -- Up-to-date: /home/leon/robotica/scorbotLabo/software_scorbot/scorbot_ws/install/scorbot_msgs/include/scorbot_msgs/scorbot_msgs/msg/detail/joint_trajectory__rosidl_typesupport_introspection_c.h
[1.022s] -- Up-to-date: /home/leon/robotica/scorbotLabo/software_scorbot/scorbot_ws/install/scorbot_msgs/include/scorbot_msgs/scorbot_msgs/msg/detail/joint_velocities__rosidl_typesupport_introspection_c.h
[1.022s] -- Up-to-date: /home/leon/robotica/scorbotLabo/software_scorbot/scorbot_ws/install/scorbot_msgs/lib/libscorbot_msgs__rosidl_typesupport_introspection_c.so
[1.022s] -- Up-to-date: /home/leon/robotica/scorbotLabo/software_scorbot/scorbot_ws/install/scorbot_msgs/lib/libscorbot_msgs__rosidl_typesupport_c.so
[1.022s] -- Up-to-date: /home/leon/robotica/scorbotLabo/software_scorbot/scorbot_ws/install/scorbot_msgs/include/scorbot_msgs/scorbot_msgs
[1.023s] -- Up-to-date: /home/leon/robotica/scorbotLabo/software_scorbot/scorbot_ws/install/scorbot_msgs/include/scorbot_msgs/scorbot_msgs/msg
[1.023s] -- Up-to-date: /home/leon/robotica/scorbotLabo/software_scorbot/scorbot_ws/install/scorbot_msgs/include/scorbot_msgs/scorbot_msgs/msg/rosidl_generator_cpp__visibility_control.hpp
[1.023s] -- Up-to-date: /home/leon/robotica/scorbotLabo/software_scorbot/scorbot_ws/install/scorbot_msgs/include/scorbot_msgs/scorbot_msgs/msg/trajectory_point.hpp
[1.023s] -- Up-to-date: /home/leon/robotica/scorbotLabo/software_scorbot/scorbot_ws/install/scorbot_msgs/include/scorbot_msgs/scorbot_msgs/msg/detail
[1.023s] -- Up-to-date: /home/leon/robotica/scorbotLabo/software_scorbot/scorbot_ws/install/scorbot_msgs/include/scorbot_msgs/scorbot_msgs/msg/detail/trajectory_point__builder.hpp
[1.023s] -- Up-to-date: /home/leon/robotica/scorbotLabo/software_scorbot/scorbot_ws/install/scorbot_msgs/include/scorbot_msgs/scorbot_msgs/msg/detail/joint_velocities__builder.hpp
[1.024s] -- Up-to-date: /home/leon/robotica/scorbotLabo/software_scorbot/scorbot_ws/install/scorbot_msgs/include/scorbot_msgs/scorbot_msgs/msg/detail/joint_trajectory__struct.hpp
[1.024s] -- Up-to-date: /home/leon/robotica/scorbotLabo/software_scorbot/scorbot_ws/install/scorbot_msgs/include/scorbot_msgs/scorbot_msgs/msg/detail/joint_trajectory__traits.hpp
[1.024s] -- Up-to-date: /home/leon/robotica/scorbotLabo/software_scorbot/scorbot_ws/install/scorbot_msgs/include/scorbot_msgs/scorbot_msgs/msg/detail/joint_velocities__traits.hpp
[1.024s] -- Up-to-date: /home/leon/robotica/scorbotLabo/software_scorbot/scorbot_ws/install/scorbot_msgs/include/scorbot_msgs/scorbot_msgs/msg/detail/joint_velocities__struct.hpp
[1.024s] -- Up-to-date: /home/leon/robotica/scorbotLabo/software_scorbot/scorbot_ws/install/scorbot_msgs/include/scorbot_msgs/scorbot_msgs/msg/detail/trajectory_point__type_support.hpp
[1.025s] -- Up-to-date: /home/leon/robotica/scorbotLabo/software_scorbot/scorbot_ws/install/scorbot_msgs/include/scorbot_msgs/scorbot_msgs/msg/detail/joint_velocities__type_support.hpp
[1.025s] -- Up-to-date: /home/leon/robotica/scorbotLabo/software_scorbot/scorbot_ws/install/scorbot_msgs/include/scorbot_msgs/scorbot_msgs/msg/detail/trajectory_point__traits.hpp
[1.025s] -- Up-to-date: /home/leon/robotica/scorbotLabo/software_scorbot/scorbot_ws/install/scorbot_msgs/include/scorbot_msgs/scorbot_msgs/msg/detail/joint_trajectory__builder.hpp
[1.025s] -- Up-to-date: /home/leon/robotica/scorbotLabo/software_scorbot/scorbot_ws/install/scorbot_msgs/include/scorbot_msgs/scorbot_msgs/msg/detail/joint_trajectory__type_support.hpp
[1.025s] -- Up-to-date: /home/leon/robotica/scorbotLabo/software_scorbot/scorbot_ws/install/scorbot_msgs/include/scorbot_msgs/scorbot_msgs/msg/detail/trajectory_point__struct.hpp
[1.025s] -- Up-to-date: /home/leon/robotica/scorbotLabo/software_scorbot/scorbot_ws/install/scorbot_msgs/include/scorbot_msgs/scorbot_msgs/msg/joint_trajectory.hpp
[1.025s] -- Up-to-date: /home/leon/robotica/scorbotLabo/software_scorbot/scorbot_ws/install/scorbot_msgs/include/scorbot_msgs/scorbot_msgs/msg/joint_velocities.hpp
[1.025s] -- Up-to-date: /home/leon/robotica/scorbotLabo/software_scorbot/scorbot_ws/install/scorbot_msgs/include/scorbot_msgs/scorbot_msgs
[1.026s] -- Up-to-date: /home/leon/robotica/scorbotLabo/software_scorbot/scorbot_ws/install/scorbot_msgs/include/scorbot_msgs/scorbot_msgs/msg
[1.026s] -- Up-to-date: /home/leon/robotica/scorbotLabo/software_scorbot/scorbot_ws/install/scorbot_msgs/include/scorbot_msgs/scorbot_msgs/msg/rosidl_typesupport_microxrcedds_cpp__visibility_control.h
[1.026s] -- Up-to-date: /home/leon/robotica/scorbotLabo/software_scorbot/scorbot_ws/install/scorbot_msgs/include/scorbot_msgs/scorbot_msgs/msg/detail
[1.026s] -- Up-to-date: /home/leon/robotica/scorbotLabo/software_scorbot/scorbot_ws/install/scorbot_msgs/include/scorbot_msgs/scorbot_msgs/msg/detail/joint_trajectory__rosidl_typesupport_microxrcedds_cpp.hpp
[1.026s] -- Up-to-date: /home/leon/robotica/scorbotLabo/software_scorbot/scorbot_ws/install/scorbot_msgs/include/scorbot_msgs/scorbot_msgs/msg/detail/microxrcedds
[1.026s] -- Up-to-date: /home/leon/robotica/scorbotLabo/software_scorbot/scorbot_ws/install/scorbot_msgs/include/scorbot_msgs/scorbot_msgs/msg/detail/trajectory_point__rosidl_typesupport_microxrcedds_cpp.hpp
[1.026s] -- Up-to-date: /home/leon/robotica/scorbotLabo/software_scorbot/scorbot_ws/install/scorbot_msgs/include/scorbot_msgs/scorbot_msgs/msg/detail/joint_velocities__rosidl_typesupport_microxrcedds_cpp.hpp
[1.026s] -- Up-to-date: /home/leon/robotica/scorbotLabo/software_scorbot/scorbot_ws/install/scorbot_msgs/lib/libscorbot_msgs__rosidl_typesupport_microxrcedds_cpp.so
[1.027s] -- Up-to-date: /home/leon/robotica/scorbotLabo/software_scorbot/scorbot_ws/install/scorbot_msgs/include/scorbot_msgs/scorbot_msgs
[1.027s] -- Up-to-date: /home/leon/robotica/scorbotLabo/software_scorbot/scorbot_ws/install/scorbot_msgs/include/scorbot_msgs/scorbot_msgs/msg
[1.027s] -- Up-to-date: /home/leon/robotica/scorbotLabo/software_scorbot/scorbot_ws/install/scorbot_msgs/include/scorbot_msgs/scorbot_msgs/msg/rosidl_typesupport_fastrtps_cpp__visibility_control.h
[1.027s] -- Up-to-date: /home/leon/robotica/scorbotLabo/software_scorbot/scorbot_ws/install/scorbot_msgs/include/scorbot_msgs/scorbot_msgs/msg/detail
[1.027s] -- Up-to-date: /home/leon/robotica/scorbotLabo/software_scorbot/scorbot_ws/install/scorbot_msgs/include/scorbot_msgs/scorbot_msgs/msg/detail/trajectory_point__rosidl_typesupport_fastrtps_cpp.hpp
[1.027s] -- Up-to-date: /home/leon/robotica/scorbotLabo/software_scorbot/scorbot_ws/install/scorbot_msgs/include/scorbot_msgs/scorbot_msgs/msg/detail/joint_velocities__rosidl_typesupport_fastrtps_cpp.hpp
[1.027s] -- Up-to-date: /home/leon/robotica/scorbotLabo/software_scorbot/scorbot_ws/install/scorbot_msgs/include/scorbot_msgs/scorbot_msgs/msg/detail/joint_trajectory__rosidl_typesupport_fastrtps_cpp.hpp
[1.027s] -- Up-to-date: /home/leon/robotica/scorbotLabo/software_scorbot/scorbot_ws/install/scorbot_msgs/include/scorbot_msgs/scorbot_msgs/msg/detail/dds_fastrtps
[1.028s] -- Up-to-date: /home/leon/robotica/scorbotLabo/software_scorbot/scorbot_ws/install/scorbot_msgs/lib/libscorbot_msgs__rosidl_typesupport_fastrtps_cpp.so
[1.028s] -- Up-to-date: /home/leon/robotica/scorbotLabo/software_scorbot/scorbot_ws/install/scorbot_msgs/include/scorbot_msgs/scorbot_msgs
[1.028s] -- Up-to-date: /home/leon/robotica/scorbotLabo/software_scorbot/scorbot_ws/install/scorbot_msgs/include/scorbot_msgs/scorbot_msgs/msg
[1.028s] -- Up-to-date: /home/leon/robotica/scorbotLabo/software_scorbot/scorbot_ws/install/scorbot_msgs/include/scorbot_msgs/scorbot_msgs/msg/detail
[1.028s] -- Up-to-date: /home/leon/robotica/scorbotLabo/software_scorbot/scorbot_ws/install/scorbot_msgs/include/scorbot_msgs/scorbot_msgs/msg/detail/trajectory_point__rosidl_typesupport_introspection_cpp.hpp
[1.028s] -- Up-to-date: /home/leon/robotica/scorbotLabo/software_scorbot/scorbot_ws/install/scorbot_msgs/include/scorbot_msgs/scorbot_msgs/msg/detail/joint_velocities__rosidl_typesupport_introspection_cpp.hpp
[1.028s] -- Up-to-date: /home/leon/robotica/scorbotLabo/software_scorbot/scorbot_ws/install/scorbot_msgs/include/scorbot_msgs/scorbot_msgs/msg/detail/trajectory_point__type_support.cpp
[1.029s] -- Up-to-date: /home/leon/robotica/scorbotLabo/software_scorbot/scorbot_ws/install/scorbot_msgs/include/scorbot_msgs/scorbot_msgs/msg/detail/joint_trajectory__rosidl_typesupport_introspection_cpp.hpp
[1.029s] -- Up-to-date: /home/leon/robotica/scorbotLabo/software_scorbot/scorbot_ws/install/scorbot_msgs/include/scorbot_msgs/scorbot_msgs/msg/detail/joint_velocities__type_support.cpp
[1.029s] -- Up-to-date: /home/leon/robotica/scorbotLabo/software_scorbot/scorbot_ws/install/scorbot_msgs/include/scorbot_msgs/scorbot_msgs/msg/detail/joint_trajectory__type_support.cpp
[1.029s] -- Up-to-date: /home/leon/robotica/scorbotLabo/software_scorbot/scorbot_ws/install/scorbot_msgs/lib/libscorbot_msgs__rosidl_typesupport_introspection_cpp.so
[1.029s] -- Up-to-date: /home/leon/robotica/scorbotLabo/software_scorbot/scorbot_ws/install/scorbot_msgs/lib/libscorbot_msgs__rosidl_typesupport_cpp.so
[1.029s] -- Up-to-date: /home/leon/robotica/scorbotLabo/software_scorbot/scorbot_ws/install/scorbot_msgs/share/scorbot_msgs/environment/pythonpath.sh
[1.029s] -- Up-to-date: /home/leon/robotica/scorbotLabo/software_scorbot/scorbot_ws/install/scorbot_msgs/share/scorbot_msgs/environment/pythonpath.dsv
[1.029s] -- Up-to-date: /home/leon/robotica/scorbotLabo/software_scorbot/scorbot_ws/install/scorbot_msgs/local/lib/python3.10/dist-packages/scorbot_msgs-0.0.0-py3.10.egg-info
[1.030s] -- Installing: /home/leon/robotica/scorbotLabo/software_scorbot/scorbot_ws/install/scorbot_msgs/local/lib/python3.10/dist-packages/scorbot_msgs-0.0.0-py3.10.egg-info/dependency_links.txt
[1.030s] -- Installing: /home/leon/robotica/scorbotLabo/software_scorbot/scorbot_ws/install/scorbot_msgs/local/lib/python3.10/dist-packages/scorbot_msgs-0.0.0-py3.10.egg-info/top_level.txt
[1.030s] -- Installing: /home/leon/robotica/scorbotLabo/software_scorbot/scorbot_ws/install/scorbot_msgs/local/lib/python3.10/dist-packages/scorbot_msgs-0.0.0-py3.10.egg-info/PKG-INFO
[1.030s] -- Installing: /home/leon/robotica/scorbotLabo/software_scorbot/scorbot_ws/install/scorbot_msgs/local/lib/python3.10/dist-packages/scorbot_msgs-0.0.0-py3.10.egg-info/SOURCES.txt
[1.030s] -- Up-to-date: /home/leon/robotica/scorbotLabo/software_scorbot/scorbot_ws/install/scorbot_msgs/local/lib/python3.10/dist-packages/scorbot_msgs
[1.030s] -- Up-to-date: /home/leon/robotica/scorbotLabo/software_scorbot/scorbot_ws/install/scorbot_msgs/local/lib/python3.10/dist-packages/scorbot_msgs/libscorbot_msgs__rosidl_generator_py.so
[1.030s] -- Up-to-date: /home/leon/robotica/scorbotLabo/software_scorbot/scorbot_ws/install/scorbot_msgs/local/lib/python3.10/dist-packages/scorbot_msgs/_scorbot_msgs_s.ep.rosidl_typesupport_c.c
[1.030s] -- Up-to-date: /home/leon/robotica/scorbotLabo/software_scorbot/scorbot_ws/install/scorbot_msgs/local/lib/python3.10/dist-packages/scorbot_msgs/scorbot_msgs_s__rosidl_typesupport_microxrcedds_c.cpython-310-x86_64-linux-gnu.so
[1.031s] -- Up-to-date: /home/leon/robotica/scorbotLabo/software_scorbot/scorbot_ws/install/scorbot_msgs/local/lib/python3.10/dist-packages/scorbot_msgs/_scorbot_msgs_s.ep.rosidl_typesupport_fastrtps_c.c
[1.031s] -- Up-to-date: /home/leon/robotica/scorbotLabo/software_scorbot/scorbot_ws/install/scorbot_msgs/local/lib/python3.10/dist-packages/scorbot_msgs/scorbot_msgs_s__rosidl_typesupport_c.cpython-310-x86_64-linux-gnu.so
[1.031s] -- Up-to-date: /home/leon/robotica/scorbotLabo/software_scorbot/scorbot_ws/install/scorbot_msgs/local/lib/python3.10/dist-packages/scorbot_msgs/__init__.py
[1.031s] -- Up-to-date: /home/leon/robotica/scorbotLabo/software_scorbot/scorbot_ws/install/scorbot_msgs/local/lib/python3.10/dist-packages/scorbot_msgs/scorbot_msgs_s__rosidl_typesupport_fastrtps_c.cpython-310-x86_64-linux-gnu.so
[1.031s] -- Up-to-date: /home/leon/robotica/scorbotLabo/software_scorbot/scorbot_ws/install/scorbot_msgs/local/lib/python3.10/dist-packages/scorbot_msgs/_scorbot_msgs_s.ep.rosidl_typesupport_introspection_c.c
[1.031s] -- Up-to-date: /home/leon/robotica/scorbotLabo/software_scorbot/scorbot_ws/install/scorbot_msgs/local/lib/python3.10/dist-packages/scorbot_msgs/scorbot_msgs_s__rosidl_typesupport_introspection_c.cpython-310-x86_64-linux-gnu.so
[1.031s] -- Up-to-date: /home/leon/robotica/scorbotLabo/software_scorbot/scorbot_ws/install/scorbot_msgs/local/lib/python3.10/dist-packages/scorbot_msgs/msg
[1.031s] -- Up-to-date: /home/leon/robotica/scorbotLabo/software_scorbot/scorbot_ws/install/scorbot_msgs/local/lib/python3.10/dist-packages/scorbot_msgs/msg/_joint_trajectory_s.c
[1.036s] -- Up-to-date: /home/leon/robotica/scorbotLabo/software_scorbot/scorbot_ws/install/scorbot_msgs/local/lib/python3.10/dist-packages/scorbot_msgs/msg/_joint_velocities_s.c
[1.036s] -- Up-to-date: /home/leon/robotica/scorbotLabo/software_scorbot/scorbot_ws/install/scorbot_msgs/local/lib/python3.10/dist-packages/scorbot_msgs/msg/__init__.py
[1.036s] -- Up-to-date: /home/leon/robotica/scorbotLabo/software_scorbot/scorbot_ws/install/scorbot_msgs/local/lib/python3.10/dist-packages/scorbot_msgs/msg/_trajectory_point_s.c
[1.036s] -- Up-to-date: /home/leon/robotica/scorbotLabo/software_scorbot/scorbot_ws/install/scorbot_msgs/local/lib/python3.10/dist-packages/scorbot_msgs/msg/_joint_velocities.py
[1.036s] -- Up-to-date: /home/leon/robotica/scorbotLabo/software_scorbot/scorbot_ws/install/scorbot_msgs/local/lib/python3.10/dist-packages/scorbot_msgs/msg/_joint_trajectory.py
[1.036s] -- Up-to-date: /home/leon/robotica/scorbotLabo/software_scorbot/scorbot_ws/install/scorbot_msgs/local/lib/python3.10/dist-packages/scorbot_msgs/msg/_trajectory_point.py
[1.037s] -- Up-to-date: /home/leon/robotica/scorbotLabo/software_scorbot/scorbot_ws/install/scorbot_msgs/local/lib/python3.10/dist-packages/scorbot_msgs/_scorbot_msgs_s.ep.rosidl_typesupport_microxrcedds_c.c
[1.114s] Listing '/home/leon/robotica/scorbotLabo/software_scorbot/scorbot_ws/install/scorbot_msgs/local/lib/python3.10/dist-packages/scorbot_msgs'...
[1.114s] Listing '/home/leon/robotica/scorbotLabo/software_scorbot/scorbot_ws/install/scorbot_msgs/local/lib/python3.10/dist-packages/scorbot_msgs/msg'...
[1.124s] -- Up-to-date: /home/leon/robotica/scorbotLabo/software_scorbot/scorbot_ws/install/scorbot_msgs/local/lib/python3.10/dist-packages/scorbot_msgs/scorbot_msgs_s__rosidl_typesupport_microxrcedds_c.cpython-310-x86_64-linux-gnu.so
[1.124s] -- Up-to-date: /home/leon/robotica/scorbotLabo/software_scorbot/scorbot_ws/install/scorbot_msgs/local/lib/python3.10/dist-packages/scorbot_msgs/scorbot_msgs_s__rosidl_typesupport_fastrtps_c.cpython-310-x86_64-linux-gnu.so
[1.125s] -- Up-to-date: /home/leon/robotica/scorbotLabo/software_scorbot/scorbot_ws/install/scorbot_msgs/local/lib/python3.10/dist-packages/scorbot_msgs/scorbot_msgs_s__rosidl_typesupport_introspection_c.cpython-310-x86_64-linux-gnu.so
[1.125s] -- Up-to-date: /home/leon/robotica/scorbotLabo/software_scorbot/scorbot_ws/install/scorbot_msgs/local/lib/python3.10/dist-packages/scorbot_msgs/scorbot_msgs_s__rosidl_typesupport_c.cpython-310-x86_64-linux-gnu.so
[1.126s] -- Up-to-date: /home/leon/robotica/scorbotLabo/software_scorbot/scorbot_ws/install/scorbot_msgs/lib/libscorbot_msgs__rosidl_generator_py.so
[1.126s] -- Up-to-date: /home/leon/robotica/scorbotLabo/software_scorbot/scorbot_ws/install/scorbot_msgs/share/ament_index/resource_index/rust_packages/scorbot_msgs
[1.126s] -- Up-to-date: /home/leon/robotica/scorbotLabo/software_scorbot/scorbot_ws/install/scorbot_msgs/share/scorbot_msgs/rust
[1.126s] -- Up-to-date: /home/leon/robotica/scorbotLabo/software_scorbot/scorbot_ws/install/scorbot_msgs/share/scorbot_msgs/rust/Cargo.toml
[1.127s] -- Up-to-date: /home/leon/robotica/scorbotLabo/software_scorbot/scorbot_ws/install/scorbot_msgs/share/scorbot_msgs/rust/src
[1.127s] -- Up-to-date: /home/leon/robotica/scorbotLabo/software_scorbot/scorbot_ws/install/scorbot_msgs/share/scorbot_msgs/rust/src/lib.rs
[1.127s] -- Up-to-date: /home/leon/robotica/scorbotLabo/software_scorbot/scorbot_ws/install/scorbot_msgs/share/scorbot_msgs/rust/src/msg
[1.127s] -- Up-to-date: /home/leon/robotica/scorbotLabo/software_scorbot/scorbot_ws/install/scorbot_msgs/share/scorbot_msgs/rust/src/msg/rmw.rs
[1.127s] -- Up-to-date: /home/leon/robotica/scorbotLabo/software_scorbot/scorbot_ws/install/scorbot_msgs/share/scorbot_msgs/rust/src/msg.rs
[1.128s] -- Up-to-date: /home/leon/robotica/scorbotLabo/software_scorbot/scorbot_ws/install/scorbot_msgs/share/scorbot_msgs/rust/build.rs
[1.128s] -- Up-to-date: /home/leon/robotica/scorbotLabo/software_scorbot/scorbot_ws/install/scorbot_msgs/share/scorbot_msgs/msg/JointTrajectory.idl
[1.128s] -- Up-to-date: /home/leon/robotica/scorbotLabo/software_scorbot/scorbot_ws/install/scorbot_msgs/share/scorbot_msgs/msg/JointVelocities.idl
[1.128s] -- Up-to-date: /home/leon/robotica/scorbotLabo/software_scorbot/scorbot_ws/install/scorbot_msgs/share/scorbot_msgs/msg/TrajectoryPoint.idl
[1.128s] -- Up-to-date: /home/leon/robotica/scorbotLabo/software_scorbot/scorbot_ws/install/scorbot_msgs/share/scorbot_msgs/msg/JointTrajectory.msg
[1.129s] -- Up-to-date: /home/leon/robotica/scorbotLabo/software_scorbot/scorbot_ws/install/scorbot_msgs/share/scorbot_msgs/msg/JointVelocities.msg
[1.129s] -- Up-to-date: /home/leon/robotica/scorbotLabo/software_scorbot/scorbot_ws/install/scorbot_msgs/share/scorbot_msgs/msg/TrajectoryPoint.msg
[1.129s] -- Up-to-date: /home/leon/robotica/scorbotLabo/software_scorbot/scorbot_ws/install/scorbot_msgs/share/ament_index/resource_index/package_run_dependencies/scorbot_msgs
[1.129s] -- Up-to-date: /home/leon/robotica/scorbotLabo/software_scorbot/scorbot_ws/install/scorbot_msgs/share/ament_index/resource_index/parent_prefix_path/scorbot_msgs
[1.130s] -- Up-to-date: /home/leon/robotica/scorbotLabo/software_scorbot/scorbot_ws/install/scorbot_msgs/share/scorbot_msgs/environment/ament_prefix_path.sh
[1.130s] -- Up-to-date: /home/leon/robotica/scorbotLabo/software_scorbot/scorbot_ws/install/scorbot_msgs/share/scorbot_msgs/environment/ament_prefix_path.dsv
[1.131s] -- Up-to-date: /home/leon/robotica/scorbotLabo/software_scorbot/scorbot_ws/install/scorbot_msgs/share/scorbot_msgs/environment/path.sh
[1.131s] -- Up-to-date: /home/leon/robotica/scorbotLabo/software_scorbot/scorbot_ws/install/scorbot_msgs/share/scorbot_msgs/environment/path.dsv
[1.131s] -- Up-to-date: /home/leon/robotica/scorbotLabo/software_scorbot/scorbot_ws/install/scorbot_msgs/share/scorbot_msgs/local_setup.bash
[1.131s] -- Up-to-date: /home/leon/robotica/scorbotLabo/software_scorbot/scorbot_ws/install/scorbot_msgs/share/scorbot_msgs/local_setup.sh
[1.131s] -- Up-to-date: /home/leon/robotica/scorbotLabo/software_scorbot/scorbot_ws/install/scorbot_msgs/share/scorbot_msgs/local_setup.zsh
[1.131s] -- Up-to-date: /home/leon/robotica/scorbotLabo/software_scorbot/scorbot_ws/install/scorbot_msgs/share/scorbot_msgs/local_setup.dsv
[1.131s] -- Installing: /home/leon/robotica/scorbotLabo/software_scorbot/scorbot_ws/install/scorbot_msgs/share/scorbot_msgs/package.dsv
[1.132s] -- Up-to-date: /home/leon/robotica/scorbotLabo/software_scorbot/scorbot_ws/install/scorbot_msgs/share/ament_index/resource_index/packages/scorbot_msgs
[1.132s] -- Up-to-date: /home/leon/robotica/scorbotLabo/software_scorbot/scorbot_ws/install/scorbot_msgs/share/scorbot_msgs/cmake/export_scorbot_msgs__rosidl_generator_cExport.cmake
[1.132s] -- Up-to-date: /home/leon/robotica/scorbotLabo/software_scorbot/scorbot_ws/install/scorbot_msgs/share/scorbot_msgs/cmake/export_scorbot_msgs__rosidl_generator_cExport-noconfig.cmake
[1.132s] -- Up-to-date: /home/leon/robotica/scorbotLabo/software_scorbot/scorbot_ws/install/scorbot_msgs/share/scorbot_msgs/cmake/export_scorbot_msgs__rosidl_typesupport_fastrtps_cExport.cmake
[1.132s] -- Up-to-date: /home/leon/robotica/scorbotLabo/software_scorbot/scorbot_ws/install/scorbot_msgs/share/scorbot_msgs/cmake/export_scorbot_msgs__rosidl_typesupport_fastrtps_cExport-noconfig.cmake
[1.134s] -- Up-to-date: /home/leon/robotica/scorbotLabo/software_scorbot/scorbot_ws/install/scorbot_msgs/share/scorbot_msgs/cmake/scorbot_msgs__rosidl_typesupport_introspection_cExport.cmake
[1.134s] -- Up-to-date: /home/leon/robotica/scorbotLabo/software_scorbot/scorbot_ws/install/scorbot_msgs/share/scorbot_msgs/cmake/scorbot_msgs__rosidl_typesupport_introspection_cExport-noconfig.cmake
[1.135s] -- Up-to-date: /home/leon/robotica/scorbotLabo/software_scorbot/scorbot_ws/install/scorbot_msgs/share/scorbot_msgs/cmake/scorbot_msgs__rosidl_typesupport_cExport.cmake
[1.135s] -- Up-to-date: /home/leon/robotica/scorbotLabo/software_scorbot/scorbot_ws/install/scorbot_msgs/share/scorbot_msgs/cmake/scorbot_msgs__rosidl_typesupport_cExport-noconfig.cmake
[1.135s] -- Up-to-date: /home/leon/robotica/scorbotLabo/software_scorbot/scorbot_ws/install/scorbot_msgs/share/scorbot_msgs/cmake/export_scorbot_msgs__rosidl_generator_cppExport.cmake
[1.136s] -- Up-to-date: /home/leon/robotica/scorbotLabo/software_scorbot/scorbot_ws/install/scorbot_msgs/share/scorbot_msgs/cmake/export_scorbot_msgs__rosidl_typesupport_fastrtps_cppExport.cmake
[1.136s] -- Up-to-date: /home/leon/robotica/scorbotLabo/software_scorbot/scorbot_ws/install/scorbot_msgs/share/scorbot_msgs/cmake/export_scorbot_msgs__rosidl_typesupport_fastrtps_cppExport-noconfig.cmake
[1.136s] -- Up-to-date: /home/leon/robotica/scorbotLabo/software_scorbot/scorbot_ws/install/scorbot_msgs/share/scorbot_msgs/cmake/scorbot_msgs__rosidl_typesupport_introspection_cppExport.cmake
[1.136s] -- Up-to-date: /home/leon/robotica/scorbotLabo/software_scorbot/scorbot_ws/install/scorbot_msgs/share/scorbot_msgs/cmake/scorbot_msgs__rosidl_typesupport_introspection_cppExport-noconfig.cmake
[1.136s] -- Up-to-date: /home/leon/robotica/scorbotLabo/software_scorbot/scorbot_ws/install/scorbot_msgs/share/scorbot_msgs/cmake/scorbot_msgs__rosidl_typesupport_cppExport.cmake
[1.136s] -- Up-to-date: /home/leon/robotica/scorbotLabo/software_scorbot/scorbot_ws/install/scorbot_msgs/share/scorbot_msgs/cmake/scorbot_msgs__rosidl_typesupport_cppExport-noconfig.cmake
[1.137s] -- Up-to-date: /home/leon/robotica/scorbotLabo/software_scorbot/scorbot_ws/install/scorbot_msgs/share/scorbot_msgs/cmake/export_scorbot_msgs__rosidl_generator_pyExport.cmake
[1.137s] -- Up-to-date: /home/leon/robotica/scorbotLabo/software_scorbot/scorbot_ws/install/scorbot_msgs/share/scorbot_msgs/cmake/export_scorbot_msgs__rosidl_generator_pyExport-noconfig.cmake
[1.138s] -- Up-to-date: /home/leon/robotica/scorbotLabo/software_scorbot/scorbot_ws/install/scorbot_msgs/share/scorbot_msgs/cmake/rosidl_cmake-extras.cmake
[1.138s] -- Up-to-date: /home/leon/robotica/scorbotLabo/software_scorbot/scorbot_ws/install/scorbot_msgs/share/scorbot_msgs/cmake/ament_cmake_export_dependencies-extras.cmake
[1.138s] -- Up-to-date: /home/leon/robotica/scorbotLabo/software_scorbot/scorbot_ws/install/scorbot_msgs/share/scorbot_msgs/cmake/ament_cmake_export_include_directories-extras.cmake
[1.138s] -- Up-to-date: /home/leon/robotica/scorbotLabo/software_scorbot/scorbot_ws/install/scorbot_msgs/share/scorbot_msgs/cmake/ament_cmake_export_libraries-extras.cmake
[1.138s] -- Up-to-date: /home/leon/robotica/scorbotLabo/software_scorbot/scorbot_ws/install/scorbot_msgs/share/scorbot_msgs/cmake/ament_cmake_export_targets-extras.cmake
[1.139s] -- Up-to-date: /home/leon/robotica/scorbotLabo/software_scorbot/scorbot_ws/install/scorbot_msgs/share/scorbot_msgs/cmake/rosidl_cmake_export_typesupport_targets-extras.cmake
[1.139s] -- Up-to-date: /home/leon/robotica/scorbotLabo/software_scorbot/scorbot_ws/install/scorbot_msgs/share/scorbot_msgs/cmake/rosidl_cmake_export_typesupport_libraries-extras.cmake
[1.139s] -- Up-to-date: /home/leon/robotica/scorbotLabo/software_scorbot/scorbot_ws/install/scorbot_msgs/share/scorbot_msgs/cmake/rosidl_cmake_aggregate_target-extras.cmake
[1.139s] -- Up-to-date: /home/leon/robotica/scorbotLabo/software_scorbot/scorbot_ws/install/scorbot_msgs/share/scorbot_msgs/cmake/scorbot_msgsConfig.cmake
[1.139s] -- Up-to-date: /home/leon/robotica/scorbotLabo/software_scorbot/scorbot_ws/install/scorbot_msgs/share/scorbot_msgs/cmake/scorbot_msgsConfig-version.cmake
[1.139s] -- Up-to-date: /home/leon/robotica/scorbotLabo/software_scorbot/scorbot_ws/install/scorbot_msgs/share/scorbot_msgs/package.xml
[1.140s] Invoked command in '/home/leon/robotica/scorbotLabo/software_scorbot/scorbot_ws/build/scorbot_msgs' returned '0': CMAKE_PREFIX_PATH=${CMAKE_PREFIX_PATH}:/home/leon/microros_ws/install/sensor_msgs_py:/opt/ros/humble /usr/bin/cmake --install /home/leon/robotica/scorbotLabo/software_scorbot/scorbot_ws/build/scorbot_msgs
