[0.036s] Invoking command in '/home/leon/robotica/scorbotLabo/software_scorbot/scorbot_ws/build/scorbot': AMENT_PREFIX_PATH=/home/leon/robotica/scorbotLabo/software_scorbot/scorbot_ws/install/scorbot_msgs:${AMENT_PREFIX_PATH} CMAKE_PREFIX_PATH=/home/leon/robotica/scorbotLabo/software_scorbot/scorbot_ws/install/scorbot_msgs:/home/leon/microros_ws/install/micro_ros_demos_rclc:/home/leon/microros_ws/install/common_interfaces:/home/leon/microros_ws/install/visualization_msgs:/home/leon/microros_ws/install/test_msgs:/home/leon/microros_ws/install/example_interfaces:/home/leon/microros_ws/install/action_msgs:/home/leon/microros_ws/install/unique_identifier_msgs:/home/leon/microros_ws/install/trajectory_msgs:/home/leon/microros_ws/install/stereo_msgs:/home/leon/microros_ws/install/std_srvs:/home/leon/microros_ws/install/shape_msgs:/home/leon/microros_ws/install/sensor_msgs:/home/leon/microros_ws/install/nav_msgs:/home/leon/microros_ws/install/diagnostic_msgs:/home/leon/microros_ws/install/geometry_msgs:/home/leon/microros_ws/install/actionlib_msgs:/home/leon/microros_ws/install/std_msgs:/home/leon/microros_ws/install/statistics_msgs:/home/leon/microros_ws/install/rosidl_typesupport_microxrcedds_test_msg:/home/leon/microros_ws/install/rosidl_typesupport_microxrcedds_cpp_tests:/home/leon/microros_ws/install/rmw_microxrcedds:/home/leon/microros_ws/install/rosidl_typesupport_microxrcedds_cpp:/home/leon/microros_ws/install/rosidl_typesupport_microxrcedds_c_tests:/home/leon/microros_ws/install/rosidl_typesupport_microxrcedds_c:/home/leon/microros_ws/install/rosgraph_msgs:/home/leon/microros_ws/install/rclc_parameter:/home/leon/microros_ws/install/rclc:/home/leon/microros_ws/install/composition_interfaces:/home/leon/microros_ws/install/rcl_interfaces:/home/leon/microros_ws/install/microxrcedds_client:/home/leon/microros_ws/install/microcdr:/home/leon/microros_ws/install/micro_ros_utilities:/home/leon/microros_ws/install/micro_ros_setup:/home/leon/microros_ws/install/micro_ros_agent:/home/leon/microros_ws/install/micro_ros_msgs:/home/leon/microros_ws/install/lifecycle_msgs:/home/leon/microros_ws/install/complex_msgs:/home/leon/microros_ws/install/builtin_interfaces:/home/leon/microros_ws/install/sensor_msgs_py:/opt/ros/humble LD_LIBRARY_PATH=/home/leon/robotica/scorbotLabo/software_scorbot/scorbot_ws/install/scorbot_msgs/lib:${LD_LIBRARY_PATH} PYTHONPATH=/home/leon/robotica/scorbotLabo/software_scorbot/scorbot_ws/install/scorbot_msgs/local/lib/python3.10/dist-packages:${PYTHONPATH} /usr/bin/cmake --build /home/leon/robotica/scorbotLabo/software_scorbot/scorbot_ws/build/scorbot -- -j4 -l4
[0.116s] [35m[1mConsolidate compiler generated dependencies of target scorbot[0m
[0.153s] [ 66%] [32mBuilding CXX object CMakeFiles/scorbot.dir/src/scorbot_node.cpp.o[0m
[0.153s] [ 66%] [32mBuilding CXX object CMakeFiles/scorbot.dir/src/scorbot.cpp.o[0m
[0.503s] [01m[K/home/leon/robotica/scorbotLabo/software_scorbot/scorbot_ws/scorbot/src/scorbot.cpp:397:7:[m[K [01;35m[Kwarning: [m[K"/*" within comment [[01;35m[K]8;;https://gcc.gnu.org/onlinedocs/gcc/Warning-Options.html#index-Wcomment-Wcomment]8;;[m[K]
[0.503s]   397 |       /*
[0.503s]       |        
[4.755s] In file included from [01m[K/home/leon/robotica/scorbotLabo/software_scorbot/scorbot_ws/scorbot/src/scorbot.cpp:1[m[K:
[4.756s] [01m[K/home/leon/robotica/scorbotLabo/software_scorbot/scorbot_ws/scorbot/src/scorbot.h:65:114:[m[K [01;31m[Kerror: [m[Kconversion from ‘[01m[Kint[m[K’ to ‘[01m[Kvoid*[m[K’ in a converted constant expression
[4.756s]    65 |       std::shared_ptr<rclcpp::WallTimer<std::_Bind<void (scorbot::Teleop::*(std::shared_ptr<rclcpp::Node>))()>, 0[01;31m[K>[m[K > control_timer;
[4.756s]       |                                                                                                                  [01;31m[K^[m[K
[4.757s] [01m[K/home/leon/robotica/scorbotLabo/software_scorbot/scorbot_ws/scorbot/src/scorbot.h:65:114:[m[K [01;31m[Kerror: [m[Kcould not convert ‘[01m[K0[m[K’ from ‘[01m[Kint[m[K’ to ‘[01m[Kvoid*[m[K’
[4.757s]    65 |       std::shared_ptr<rclcpp::WallTimer<std::_Bind<void (scorbot::Teleop::*(std::shared_ptr<rclcpp::Node>))()>, 0[01;31m[K>[m[K > control_timer;
[4.757s]       |                                                                                                                  [01;31m[K^[m[K
[4.758s]       |                                                                                                                  [01;31m[K|[m[K
[4.758s]       |                                                                                                                  [01;31m[Kint[m[K
[4.758s] [01m[K/home/leon/robotica/scorbotLabo/software_scorbot/scorbot_ws/scorbot/src/scorbot.h:65:116:[m[K [01;31m[Kerror: [m[Ktemplate argument 1 is invalid
[4.758s]    65 |       std::shared_ptr<rclcpp::WallTimer<std::_Bind<void (scorbot::Teleop::*(std::shared_ptr<rclcpp::Node>))()>, 0> [01;31m[K>[m[K control_timer;
[4.758s]       |                                                                                                                    [01;31m[K^[m[K
[4.812s] [01m[K/home/leon/robotica/scorbotLabo/software_scorbot/scorbot_ws/scorbot/src/scorbot.cpp:[m[K In constructor ‘[01m[Kscorbot::Teleop::Teleop(std::shared_ptr<rclcpp::Node>)[m[K’:
[4.813s] [01m[K/home/leon/robotica/scorbotLabo/software_scorbot/scorbot_ws/scorbot/src/scorbot.cpp:77:39:[m[K [01;31m[Kerror: [m[Kcannot convert ‘[01m[Krclcpp::WallTimer<std::_Bind<void (scorbot::Teleop::*(std::shared_ptr<rclcpp::Node>))()>, 0>::SharedPtr[m[K’ {aka ‘[01m[Kstd::shared_ptr<rclcpp::WallTimer<std::_Bind<void (scorbot::Teleop::*(std::shared_ptr<rclcpp::Node>))()>, 0> >[m[K’} to ‘[01m[Kint[m[K’ in assignment
[4.813s]    77 |   control_timer = [01;31m[Kn->create_wall_timer(period, std::bind(&Teleop::on_control_cycle, n))[m[K;
[4.813s]       |                   [01;31m[K~~~~~~~~~~~~~~~~~~~~^~~~~~~~~~~~~~~~~~~~~~~~~~~~~~~~~~~~~~~~~~~~~~~~~[m[K
[4.813s]       |                                       [01;31m[K|[m[K
[4.813s]       |                                       [01;31m[Krclcpp::WallTimer<std::_Bind<void (scorbot::Teleop::*(std::shared_ptr<rclcpp::Node>))()>, 0>::SharedPtr {aka std::shared_ptr<rclcpp::WallTimer<std::_Bind<void (scorbot::Teleop::*(std::shared_ptr<rclcpp::Node>))()>, 0> >}[m[K
[4.820s] [01m[K/home/leon/robotica/scorbotLabo/software_scorbot/scorbot_ws/scorbot/src/scorbot.cpp:[m[K At global scope:
[4.820s] [01m[K/home/leon/robotica/scorbotLabo/software_scorbot/scorbot_ws/scorbot/src/scorbot.cpp:138:43:[m[K [01;31m[Kerror: [m[K‘[01m[Kcontrol_msgs[m[K’ does not name a type
[4.820s]   138 | void scorbot::Teleop::on_trajectory(const [01;31m[Kcontrol_msgs[m[K::FollowJointTrajectoryActionGoalConstPtr& msg)
[4.821s]       |                                           [01;31m[K^~~~~~~~~~~~[m[K
[4.821s] [01m[K/home/leon/robotica/scorbotLabo/software_scorbot/scorbot_ws/scorbot/src/scorbot.cpp:138:96:[m[K [01;31m[Kerror: [m[Kexpected unqualified-id before ‘[01m[K&[m[K’ token
[4.821s]   138 | void scorbot::Teleop::on_trajectory(const control_msgs::FollowJointTrajectoryActionGoalConstPtr[01;31m[K&[m[K msg)
[4.821s]       |                                                                                                [01;31m[K^[m[K
[4.821s] [01m[K/home/leon/robotica/scorbotLabo/software_scorbot/scorbot_ws/scorbot/src/scorbot.cpp:138:96:[m[K [01;31m[Kerror: [m[Kexpected ‘[01m[K)[m[K’ before ‘[01m[K&[m[K’ token
[4.821s]   138 | void scorbot::Teleop::on_trajectory[34m[K([m[Kconst control_msgs::FollowJointTrajectoryActionGoalConstPtr[01;31m[K&[m[K msg)
[4.821s]       |                                    [34m[K~[m[K                                                           [01;31m[K^[m[K
[4.821s]       |                                                                                                [32m[K)[m[K
[4.822s] [01m[K/home/leon/robotica/scorbotLabo/software_scorbot/scorbot_ws/scorbot/src/scorbot.cpp:138:98:[m[K [01;31m[Kerror: [m[Kexpected initializer before ‘[01m[Kmsg[m[K’
[4.822s]   138 | void scorbot::Teleop::on_trajectory(const control_msgs::FollowJointTrajectoryActionGoalConstPtr& [01;31m[Kmsg[m[K)
[4.822s]       |                                                                                                  [01;31m[K^~~[m[K
[4.822s] [01m[K/home/leon/robotica/scorbotLabo/software_scorbot/scorbot_ws/scorbot/src/scorbot.cpp:320:58:[m[K [01;31m[Kerror: [m[K‘[01m[KJointStateConstPtr[m[K’ in namespace ‘[01m[Ksensor_msgs[m[K’ does not name a type
[4.822s]   320 | void scorbot::Teleop::on_joint_states(const sensor_msgs::[01;31m[KJointStateConstPtr[m[K& msg){
[4.822s]       |                                                          [01;31m[K^~~~~~~~~~~~~~~~~~[m[K
[4.822s] [01m[K/home/leon/robotica/scorbotLabo/software_scorbot/scorbot_ws/scorbot/src/scorbot.cpp:320:6:[m[K [01;31m[Kerror: [m[Kno declaration matches ‘[01m[Kvoid scorbot::Teleop::on_joint_states(const int&)[m[K’
[4.824s]   320 | void [01;31m[Kscorbot[m[K::Teleop::on_joint_states(const sensor_msgs::JointStateConstPtr& msg){
[4.824s]       |      [01;31m[K^~~~~~~[m[K
[4.825s] In file included from [01m[K/home/leon/robotica/scorbotLabo/software_scorbot/scorbot_ws/scorbot/src/scorbot.cpp:1[m[K:
[4.825s] [01m[K/home/leon/robotica/scorbotLabo/software_scorbot/scorbot_ws/scorbot/src/scorbot.h:40:12:[m[K [01;36m[Knote: [m[Kcandidate is: ‘[01m[Kvoid scorbot::Teleop::on_joint_states(const JointState&)[m[K’
[4.825s]    40 |       void [01;36m[Kon_joint_states[m[K(const sensor_msgs::msg::JointState& msg);
[4.826s]       |            [01;36m[K^~~~~~~~~~~~~~~[m[K
[4.826s] [01m[K/home/leon/robotica/scorbotLabo/software_scorbot/scorbot_ws/scorbot/src/scorbot.h:32:9:[m[K [01;36m[Knote: [m[K‘[01m[Kclass scorbot::Teleop[m[K’ defined here
[4.826s]    32 |   class [01;36m[KTeleop[m[K
[4.827s]       |         [01;36m[K^~~~~~[m[K
[4.827s] [01m[K/home/leon/robotica/scorbotLabo/software_scorbot/scorbot_ws/scorbot/src/scorbot.cpp:416:52:[m[K [01;31m[Kerror: [m[K‘[01m[KFloat64ConstPtr[m[K’ in namespace ‘[01m[Kstd_msgs[m[K’ does not name a type
[4.827s]   416 | void scorbot::Teleop::on_tolerance(const std_msgs::[01;31m[KFloat64ConstPtr[m[K& msg){
[4.827s]       |                                                    [01;31m[K^~~~~~~~~~~~~~~[m[K
[4.828s] [01m[K/home/leon/robotica/scorbotLabo/software_scorbot/scorbot_ws/scorbot/src/scorbot.cpp:416:6:[m[K [01;31m[Kerror: [m[Kno declaration matches ‘[01m[Kvoid scorbot::Teleop::on_tolerance(const int&)[m[K’
[4.828s]   416 | void [01;31m[Kscorbot[m[K::Teleop::on_tolerance(const std_msgs::Float64ConstPtr& msg){
[4.829s]       |      [01;31m[K^~~~~~~[m[K
[4.829s] In file included from [01m[K/home/leon/robotica/scorbotLabo/software_scorbot/scorbot_ws/scorbot/src/scorbot.cpp:1[m[K:
[4.829s] [01m[K/home/leon/robotica/scorbotLabo/software_scorbot/scorbot_ws/scorbot/src/scorbot.h:47:12:[m[K [01;36m[Knote: [m[Kcandidate is: ‘[01m[Kvoid scorbot::Teleop::on_tolerance(const Float64&)[m[K’
[4.830s]    47 |       void [01;36m[Kon_tolerance[m[K(const std_msgs::msg::Float64& msg);
[4.830s]       |            [01;36m[K^~~~~~~~~~~~[m[K
[4.830s] [01m[K/home/leon/robotica/scorbotLabo/software_scorbot/scorbot_ws/scorbot/src/scorbot.h:32:9:[m[K [01;36m[Knote: [m[K‘[01m[Kclass scorbot::Teleop[m[K’ defined here
[4.830s]    32 |   class [01;36m[KTeleop[m[K
[4.831s]       |         [01;36m[K^~~~~~[m[K
[4.831s] [01m[K/home/leon/robotica/scorbotLabo/software_scorbot/scorbot_ws/scorbot/src/scorbot.cpp:420:51:[m[K [01;31m[Kerror: [m[K‘[01m[KStringConstPtr[m[K’ in namespace ‘[01m[Kstd_msgs[m[K’ does not name a type
[4.831s]   420 | void scorbot::Teleop::on_filename(const std_msgs::[01;31m[KStringConstPtr[m[K& msg){
[4.832s]       |                                                   [01;31m[K^~~~~~~~~~~~~~[m[K
[4.832s] [01m[K/home/leon/robotica/scorbotLabo/software_scorbot/scorbot_ws/scorbot/src/scorbot.cpp:420:6:[m[K [01;31m[Kerror: [m[Kno declaration matches ‘[01m[Kvoid scorbot::Teleop::on_filename(const int&)[m[K’
[4.832s]   420 | void [01;31m[Kscorbot[m[K::Teleop::on_filename(const std_msgs::StringConstPtr& msg){
[4.833s]       |      [01;31m[K^~~~~~~[m[K
[4.833s] In file included from [01m[K/home/leon/robotica/scorbotLabo/software_scorbot/scorbot_ws/scorbot/src/scorbot.cpp:1[m[K:
[4.833s] [01m[K/home/leon/robotica/scorbotLabo/software_scorbot/scorbot_ws/scorbot/src/scorbot.h:48:12:[m[K [01;36m[Knote: [m[Kcandidate is: ‘[01m[Kvoid scorbot::Teleop::on_filename(const String&)[m[K’
[4.834s]    48 |       void [01;36m[Kon_filename[m[K(const std_msgs::msg::String& msg);
[4.834s]       |            [01;36m[K^~~~~~~~~~~[m[K
[4.834s] [01m[K/home/leon/robotica/scorbotLabo/software_scorbot/scorbot_ws/scorbot/src/scorbot.h:32:9:[m[K [01;36m[Knote: [m[K‘[01m[Kclass scorbot::Teleop[m[K’ defined here
[4.834s]    32 |   class [01;36m[KTeleop[m[K
[4.834s]       |         [01;36m[K^~~~~~[m[K
[4.834s] [01m[K/home/leon/robotica/scorbotLabo/software_scorbot/scorbot_ws/scorbot/src/scorbot.cpp:424:41:[m[K [01;31m[Kerror: [m[K‘[01m[Kuniversal_teleop[m[K’ does not name a type
[4.834s]   424 | void scorbot::Teleop::on_controls(const [01;31m[Kuniversal_teleop[m[K::ControlConstPtr& msg)
[4.834s]       |                                         [01;31m[K^~~~~~~~~~~~~~~~[m[K
[4.835s] [01m[K/home/leon/robotica/scorbotLabo/software_scorbot/scorbot_ws/scorbot/src/scorbot.cpp:424:74:[m[K [01;31m[Kerror: [m[Kexpected unqualified-id before ‘[01m[K&[m[K’ token
[4.835s]   424 | void scorbot::Teleop::on_controls(const universal_teleop::ControlConstPtr[01;31m[K&[m[K msg)
[4.835s]       |                                                                          [01;31m[K^[m[K
[4.835s] [01m[K/home/leon/robotica/scorbotLabo/software_scorbot/scorbot_ws/scorbot/src/scorbot.cpp:424:74:[m[K [01;31m[Kerror: [m[Kexpected ‘[01m[K)[m[K’ before ‘[01m[K&[m[K’ token
[4.835s]   424 | void scorbot::Teleop::on_controls[34m[K([m[Kconst universal_teleop::ControlConstPtr[01;31m[K&[m[K msg)
[4.835s]       |                                  [34m[K~[m[K                                       [01;31m[K^[m[K
[4.835s]       |                                                                          [32m[K)[m[K
[4.835s] [01m[K/home/leon/robotica/scorbotLabo/software_scorbot/scorbot_ws/scorbot/src/scorbot.cpp:424:76:[m[K [01;31m[Kerror: [m[Kexpected initializer before ‘[01m[Kmsg[m[K’
[4.835s]   424 | void scorbot::Teleop::on_controls(const universal_teleop::ControlConstPtr& [01;31m[Kmsg[m[K)
[4.835s]       |                                                                            [01;31m[K^~~[m[K
[4.836s] [01m[K/home/leon/robotica/scorbotLabo/software_scorbot/scorbot_ws/scorbot/src/scorbot.cpp:449:39:[m[K [01;31m[Kerror: [m[K‘[01m[Kuniversal_teleop[m[K’ does not name a type
[4.836s]   449 | void scorbot::Teleop::on_events(const [01;31m[Kuniversal_teleop[m[K::EventConstPtr& msg)
[4.836s]       |                                       [01;31m[K^~~~~~~~~~~~~~~~[m[K
[4.836s] [01m[K/home/leon/robotica/scorbotLabo/software_scorbot/scorbot_ws/scorbot/src/scorbot.cpp:449:70:[m[K [01;31m[Kerror: [m[Kexpected unqualified-id before ‘[01m[K&[m[K’ token
[4.836s]   449 | void scorbot::Teleop::on_events(const universal_teleop::EventConstPtr[01;31m[K&[m[K msg)
[4.836s]       |                                                                      [01;31m[K^[m[K
[4.836s] [01m[K/home/leon/robotica/scorbotLabo/software_scorbot/scorbot_ws/scorbot/src/scorbot.cpp:449:70:[m[K [01;31m[Kerror: [m[Kexpected ‘[01m[K)[m[K’ before ‘[01m[K&[m[K’ token
[4.836s]   449 | void scorbot::Teleop::on_events[34m[K([m[Kconst universal_teleop::EventConstPtr[01;31m[K&[m[K msg)
[4.839s]       |                                [34m[K~[m[K                                     [01;31m[K^[m[K
[4.839s]       |                                                                      [32m[K)[m[K
[4.839s] [01m[K/home/leon/robotica/scorbotLabo/software_scorbot/scorbot_ws/scorbot/src/scorbot.cpp:449:72:[m[K [01;31m[Kerror: [m[Kexpected initializer before ‘[01m[Kmsg[m[K’
[4.840s]   449 | void scorbot::Teleop::on_events(const universal_teleop::EventConstPtr& [01;31m[Kmsg[m[K)
[4.840s]       |                                                                        [01;31m[K^~~[m[K
[4.840s] [01m[K/home/leon/robotica/scorbotLabo/software_scorbot/scorbot_ws/scorbot/src/scorbot.cpp:[m[K In member function ‘[01m[Kvoid scorbot::Teleop::on_control_cycle()[m[K’:
[4.841s] [01m[K/home/leon/robotica/scorbotLabo/software_scorbot/scorbot_ws/scorbot/src/scorbot.cpp:513:23:[m[K [01;35m[Kwarning: [m[Kcomparison of integer expressions of different signedness: ‘[01m[Kint[m[K’ and ‘[01m[Kstd::vector<float>::size_type[m[K’ {aka ‘[01m[Klong unsigned int[m[K’} [[01;35m[K]8;;https://gcc.gnu.org/onlinedocs/gcc/Warning-Options.html#index-Wsign-compare-Wsign-compare]8;;[m[K]
[4.841s]   513 |     for (int i = 0; [01;35m[Ki < velocities.joint_velocities.size()[m[K; i++) {
[4.841s]       |                     [01;35m[K~~^~~~~~~~~~~~~~~~~~~~~~~~~~~~~~~~~~~~[m[K
[4.841s] [01m[K/home/leon/robotica/scorbotLabo/software_scorbot/scorbot_ws/scorbot/src/scorbot.cpp:516:13:[m[K [01;31m[Kerror: [m[K‘[01m[Kusing SharedPtr = class std::shared_ptr<rclcpp::Publisher<scorbot_msgs::msg::JointVelocities_<std::allocator<void> > > >[m[K’ {aka ‘[01m[Kclass std::shared_ptr<rclcpp::Publisher<scorbot_msgs::msg::JointVelocities_<std::allocator<void> > > >[m[K’} has no member named ‘[01m[Kpublish[m[K’
[4.842s]   516 |     vel_pub.[01;31m[Kpublish[m[K(velocities);
[4.842s]       |             [01;31m[K^~~~~~~[m[K
[4.978s] In file included from [01m[K/home/leon/robotica/scorbotLabo/software_scorbot/scorbot_ws/scorbot/src/scorbot_node.cpp:2[m[K:
[4.978s] [01m[K/home/leon/robotica/scorbotLabo/software_scorbot/scorbot_ws/scorbot/src/scorbot.h:65:114:[m[K [01;31m[Kerror: [m[Kconversion from ‘[01m[Kint[m[K’ to ‘[01m[Kvoid*[m[K’ in a converted constant expression
[4.978s]    65 |       std::shared_ptr<rclcpp::WallTimer<std::_Bind<void (scorbot::Teleop::*(std::shared_ptr<rclcpp::Node>))()>, 0[01;31m[K>[m[K > control_timer;
[4.978s]       |                                                                                                                  [01;31m[K^[m[K
[4.978s] [01m[K/home/leon/robotica/scorbotLabo/software_scorbot/scorbot_ws/scorbot/src/scorbot.h:65:114:[m[K [01;31m[Kerror: [m[Kcould not convert ‘[01m[K0[m[K’ from ‘[01m[Kint[m[K’ to ‘[01m[Kvoid*[m[K’
[4.979s]    65 |       std::shared_ptr<rclcpp::WallTimer<std::_Bind<void (scorbot::Teleop::*(std::shared_ptr<rclcpp::Node>))()>, 0[01;31m[K>[m[K > control_timer;
[4.979s]       |                                                                                                                  [01;31m[K^[m[K
[4.979s]       |                                                                                                                  [01;31m[K|[m[K
[4.979s]       |                                                                                                                  [01;31m[Kint[m[K
[4.979s] [01m[K/home/leon/robotica/scorbotLabo/software_scorbot/scorbot_ws/scorbot/src/scorbot.h:65:116:[m[K [01;31m[Kerror: [m[Ktemplate argument 1 is invalid
[4.979s]    65 |       std::shared_ptr<rclcpp::WallTimer<std::_Bind<void (scorbot::Teleop::*(std::shared_ptr<rclcpp::Node>))()>, 0> [01;31m[K>[m[K control_timer;
[4.979s]       |                                                                                                                    [01;31m[K^[m[K
[5.778s] gmake[2]: *** [CMakeFiles/scorbot.dir/build.make:90: CMakeFiles/scorbot.dir/src/scorbot_node.cpp.o] Error 1
[5.778s] gmake[2]: *** Waiting for unfinished jobs....
[11.825s] In file included from [01m[K/opt/ros/humble/include/rclcpp/rclcpp/callback_group.hpp:30[m[K,
[11.825s]                  from [01m[K/opt/ros/humble/include/rclcpp/rclcpp/any_executable.hpp:20[m[K,
[11.825s]                  from [01m[K/opt/ros/humble/include/rclcpp/rclcpp/memory_strategy.hpp:25[m[K,
[11.825s]                  from [01m[K/opt/ros/humble/include/rclcpp/rclcpp/memory_strategies.hpp:18[m[K,
[11.825s]                  from [01m[K/opt/ros/humble/include/rclcpp/rclcpp/executor_options.hpp:20[m[K,
[11.825s]                  from [01m[K/opt/ros/humble/include/rclcpp/rclcpp/executor.hpp:37[m[K,
[11.825s]                  from [01m[K/opt/ros/humble/include/rclcpp/rclcpp/executors/multi_threaded_executor.hpp:25[m[K,
[11.825s]                  from [01m[K/opt/ros/humble/include/rclcpp/rclcpp/executors.hpp:21[m[K,
[11.826s]                  from [01m[K/opt/ros/humble/include/rclcpp/rclcpp/rclcpp.hpp:155[m[K,
[11.826s]                  from [01m[K/home/leon/robotica/scorbotLabo/software_scorbot/scorbot_ws/scorbot/src/scorbot.h:4[m[K,
[11.826s]                  from [01m[K/home/leon/robotica/scorbotLabo/software_scorbot/scorbot_ws/scorbot/src/scorbot.cpp:1[m[K:
[11.826s] /opt/ros/humble/include/rclcpp/rclcpp/timer.hpp: In instantiation of ‘[01m[Kvoid rclcpp::GenericTimer<FunctorT, <anonymous> >::execute_callback_delegate() [with CallbackT = std::_Bind<void (scorbot::Teleop::*(std::shared_ptr<rclcpp::Node>))()>; typename std::enable_if<rclcpp::function_traits::same_arguments<CallbackT, std::function<void()> >::value>::type* <anonymous> = 0; FunctorT = std::_Bind<void (scorbot::Teleop::*(std::shared_ptr<rclcpp::Node>))()>; typename std::enable_if<(rclcpp::function_traits::same_arguments<FunctorT, std::function<void()> >::value || rclcpp::function_traits::same_arguments<FunctorT, std::function<void(rclcpp::TimerBase&)> >::value)>::type* <anonymous> = 0][m[K’:
[11.826s] [01m[K/opt/ros/humble/include/rclcpp/rclcpp/timer.hpp:230:32:[m[K   required from ‘[01m[Kvoid rclcpp::GenericTimer<FunctorT, <anonymous> >::execute_callback() [with FunctorT = std::_Bind<void (scorbot::Teleop::*(std::shared_ptr<rclcpp::Node>))()>; typename std::enable_if<(rclcpp::function_traits::same_arguments<FunctorT, std::function<void()> >::value || rclcpp::function_traits::same_arguments<FunctorT, std::function<void(rclcpp::TimerBase&)> >::value)>::type* <anonymous> = 0][m[K’
[11.826s] [01m[K/opt/ros/humble/include/rclcpp/rclcpp/timer.hpp:227:3:[m[K   required from here
[11.826s] [01m[K/opt/ros/humble/include/rclcpp/rclcpp/timer.hpp:244:14:[m[K [01;31m[Kerror: [m[Kno match for call to ‘[01m[K(std::_Bind<void (scorbot::Teleop::*(std::shared_ptr<rclcpp::Node>))()>) ()[m[K’
[11.827s]   244 |     [01;31m[Kcallback_()[m[K;
[11.827s]       |     [01;31m[K~~~~~~~~~^~[m[K
[11.827s] In file included from [01m[K/usr/include/c++/11/pstl/glue_algorithm_defs.h:13[m[K,
[11.827s]                  from [01m[K/usr/include/c++/11/algorithm:74[m[K,
[11.827s]                  from [01m[K/opt/ros/humble/include/rclcpp/rclcpp/executor.hpp:18[m[K,
[11.827s]                  from [01m[K/opt/ros/humble/include/rclcpp/rclcpp/executors/multi_threaded_executor.hpp:25[m[K,
[11.827s]                  from [01m[K/opt/ros/humble/include/rclcpp/rclcpp/executors.hpp:21[m[K,
[11.827s]                  from [01m[K/opt/ros/humble/include/rclcpp/rclcpp/rclcpp.hpp:155[m[K,
[11.827s]                  from [01m[K/home/leon/robotica/scorbotLabo/software_scorbot/scorbot_ws/scorbot/src/scorbot.h:4[m[K,
[11.828s]                  from [01m[K/home/leon/robotica/scorbotLabo/software_scorbot/scorbot_ws/scorbot/src/scorbot.cpp:1[m[K:
[11.828s] [01m[K/usr/include/c++/11/functional:501:9:[m[K [01;36m[Knote: [m[Kcandidate: ‘[01m[Ktemplate<class ... _Args, class _Result> _Result std::_Bind<_Functor(_Bound_args ...)>::operator()(_Args&& ...) [with _Args = {_Args ...}; _Result = _Result; _Functor = void (scorbot::Teleop::*)(); _Bound_args = {std::shared_ptr<rclcpp::Node>}][m[K’
[11.828s]   501 |         [01;36m[Koperator[m[K()(_Args&&... __args)
[11.828s]       |         [01;36m[K^~~~~~~~[m[K
[11.828s] [01m[K/usr/include/c++/11/functional:501:9:[m[K [01;36m[Knote: [m[K  template argument deduction/substitution failed:
[11.828s] /usr/include/c++/11/functional: In substitution of ‘[01m[Ktemplate<class _Functor, class ... _Bound_args> template<class _Fn, class _CallArgs, class ... _BArgs> using _Res_type_impl = typename std::result_of<_Fn&(decltype (std::_Mu<typename std::remove_cv<_BArgs>::type, std::is_bind_expression<typename std::remove_cv<_BArgs>::type>::value, (std::is_placeholder<typename std::remove_cv<_BArgs>::type>::value > 0)>()(declval<_BArgs&>(), declval<_CallArgs&>()))&& ...)>::type [with _Fn = void (scorbot::Teleop::*)(); _CallArgs = std::tuple<>; _BArgs = {std::shared_ptr<rclcpp::Node>}; _Functor = void (scorbot::Teleop::*)(); _Bound_args = {std::shared_ptr<rclcpp::Node>}][m[K’:
[11.828s] [01m[K/usr/include/c++/11/functional:468:8:[m[K   required by substitution of ‘[01m[Ktemplate<class _Functor, class ... _Bound_args> template<class _CallArgs> using _Res_type = std::_Bind<_Functor(_Bound_args ...)>::_Res_type_impl<_Functor, _CallArgs, _Bound_args ...> [with _CallArgs = std::tuple<>; _Functor = void (scorbot::Teleop::*)(); _Bound_args = {std::shared_ptr<rclcpp::Node>}][m[K’
[11.829s] [01m[K/usr/include/c++/11/functional:498:9:[m[K   required from ‘[01m[Kvoid rclcpp::GenericTimer<FunctorT, <anonymous> >::execute_callback_delegate() [with CallbackT = std::_Bind<void (scorbot::Teleop::*(std::shared_ptr<rclcpp::Node>))()>; typename std::enable_if<rclcpp::function_traits::same_arguments<CallbackT, std::function<void()> >::value>::type* <anonymous> = 0; FunctorT = std::_Bind<void (scorbot::Teleop::*(std::shared_ptr<rclcpp::Node>))()>; typename std::enable_if<(rclcpp::function_traits::same_arguments<FunctorT, std::function<void()> >::value || rclcpp::function_traits::same_arguments<FunctorT, std::function<void(rclcpp::TimerBase&)> >::value)>::type* <anonymous> = 0][m[K’
[11.829s] [01m[K/opt/ros/humble/include/rclcpp/rclcpp/timer.hpp:230:32:[m[K   required from ‘[01m[Kvoid rclcpp::GenericTimer<FunctorT, <anonymous> >::execute_callback() [with FunctorT = std::_Bind<void (scorbot::Teleop::*(std::shared_ptr<rclcpp::Node>))()>; typename std::enable_if<(rclcpp::function_traits::same_arguments<FunctorT, std::function<void()> >::value || rclcpp::function_traits::same_arguments<FunctorT, std::function<void(rclcpp::TimerBase&)> >::value)>::type* <anonymous> = 0][m[K’
[11.829s] [01m[K/opt/ros/humble/include/rclcpp/rclcpp/timer.hpp:227:3:[m[K   required from here
[11.829s] [01m[K/usr/include/c++/11/functional:464:15:[m[K [01;31m[Kerror: [m[Kno type named ‘[01m[Ktype[m[K’ in ‘[01m[Kstruct std::result_of<void (scorbot::Teleop::*&(std::shared_ptr<rclcpp::Node>&))()>[m[K’
[11.829s]   464 |         using [01;31m[K_Res_type_impl[m[K
[11.829s]       |               [01;31m[K^~~~~~~~~~~~~~[m[K
[11.829s] /opt/ros/humble/include/rclcpp/rclcpp/timer.hpp: In instantiation of ‘[01m[Kvoid rclcpp::GenericTimer<FunctorT, <anonymous> >::execute_callback_delegate() [with CallbackT = std::_Bind<void (scorbot::Teleop::*(std::shared_ptr<rclcpp::Node>))()>; typename std::enable_if<rclcpp::function_traits::same_arguments<CallbackT, std::function<void()> >::value>::type* <anonymous> = 0; FunctorT = std::_Bind<void (scorbot::Teleop::*(std::shared_ptr<rclcpp::Node>))()>; typename std::enable_if<(rclcpp::function_traits::same_arguments<FunctorT, std::function<void()> >::value || rclcpp::function_traits::same_arguments<FunctorT, std::function<void(rclcpp::TimerBase&)> >::value)>::type* <anonymous> = 0][m[K’:
[11.829s] [01m[K/opt/ros/humble/include/rclcpp/rclcpp/timer.hpp:230:32:[m[K   required from ‘[01m[Kvoid rclcpp::GenericTimer<FunctorT, <anonymous> >::execute_callback() [with FunctorT = std::_Bind<void (scorbot::Teleop::*(std::shared_ptr<rclcpp::Node>))()>; typename std::enable_if<(rclcpp::function_traits::same_arguments<FunctorT, std::function<void()> >::value || rclcpp::function_traits::same_arguments<FunctorT, std::function<void(rclcpp::TimerBase&)> >::value)>::type* <anonymous> = 0][m[K’
[11.830s] [01m[K/opt/ros/humble/include/rclcpp/rclcpp/timer.hpp:227:3:[m[K   required from here
[11.830s] [01m[K/usr/include/c++/11/functional:513:9:[m[K [01;36m[Knote: [m[Kcandidate: ‘[01m[Ktemplate<class ... _Args, class _Result> _Result std::_Bind<_Functor(_Bound_args ...)>::operator()(_Args&& ...) const [with _Args = {_Args ...}; _Result = _Result; _Functor = void (scorbot::Teleop::*)(); _Bound_args = {std::shared_ptr<rclcpp::Node>}][m[K’
[11.830s]   513 |         [01;36m[Koperator[m[K()(_Args&&... __args) const
[11.830s]       |         [01;36m[K^~~~~~~~[m[K
[11.830s] [01m[K/usr/include/c++/11/functional:513:9:[m[K [01;36m[Knote: [m[K  template argument deduction/substitution failed:
[11.830s] /usr/include/c++/11/functional: In substitution of ‘[01m[Ktemplate<class _Functor, class ... _Bound_args> template<class _Fn, class _CallArgs, class ... _BArgs> using _Res_type_impl = typename std::result_of<_Fn&(decltype (std::_Mu<typename std::remove_cv<_BArgs>::type, std::is_bind_expression<typename std::remove_cv<_BArgs>::type>::value, (std::is_placeholder<typename std::remove_cv<_BArgs>::type>::value > 0)>()(declval<_BArgs&>(), declval<_CallArgs&>()))&& ...)>::type [with _Fn = void (scorbot::Teleop::* const)(); _CallArgs = std::tuple<>; _BArgs = {const std::shared_ptr<rclcpp::Node>}; _Functor = void (scorbot::Teleop::*)(); _Bound_args = {std::shared_ptr<rclcpp::Node>}][m[K’:
[11.830s] [01m[K/usr/include/c++/11/functional:475:8:[m[K   required by substitution of ‘[01m[Ktemplate<class _Functor, class ... _Bound_args> template<class _CallArgs, template<class _CallArgs, template<class> class __cv_quals> template<class _Functor, class ... _Bound_args> template<class> class __cv_quals> using _Res_type_cv = std::_Bind<_Functor(_Bound_args ...)>::_Res_type_impl<typename __cv_quals<typename std::enable_if<(bool)((std::tuple_size<_Tuple>::value + 1)), _Functor>::type>::type, _CallArgs, typename __cv_quals<_Bound_args>::type ...> [with _CallArgs = std::tuple<>; __cv_quals = std::add_const; _Functor = void (scorbot::Teleop::*)(); _Bound_args = {std::shared_ptr<rclcpp::Node>}][m[K’
[11.830s] [01m[K/usr/include/c++/11/functional:510:9:[m[K   required from ‘[01m[Kvoid rclcpp::GenericTimer<FunctorT, <anonymous> >::execute_callback_delegate() [with CallbackT = std::_Bind<void (scorbot::Teleop::*(std::shared_ptr<rclcpp::Node>))()>; typename std::enable_if<rclcpp::function_traits::same_arguments<CallbackT, std::function<void()> >::value>::type* <anonymous> = 0; FunctorT = std::_Bind<void (scorbot::Teleop::*(std::shared_ptr<rclcpp::Node>))()>; typename std::enable_if<(rclcpp::function_traits::same_arguments<FunctorT, std::function<void()> >::value || rclcpp::function_traits::same_arguments<FunctorT, std::function<void(rclcpp::TimerBase&)> >::value)>::type* <anonymous> = 0][m[K’
[11.831s] [01m[K/opt/ros/humble/include/rclcpp/rclcpp/timer.hpp:230:32:[m[K   required from ‘[01m[Kvoid rclcpp::GenericTimer<FunctorT, <anonymous> >::execute_callback() [with FunctorT = std::_Bind<void (scorbot::Teleop::*(std::shared_ptr<rclcpp::Node>))()>; typename std::enable_if<(rclcpp::function_traits::same_arguments<FunctorT, std::function<void()> >::value || rclcpp::function_traits::same_arguments<FunctorT, std::function<void(rclcpp::TimerBase&)> >::value)>::type* <anonymous> = 0][m[K’
[11.831s] [01m[K/opt/ros/humble/include/rclcpp/rclcpp/timer.hpp:227:3:[m[K   required from here
[11.831s] [01m[K/usr/include/c++/11/functional:464:15:[m[K [01;31m[Kerror: [m[Kno type named ‘[01m[Ktype[m[K’ in ‘[01m[Kstruct std::result_of<void (scorbot::Teleop::* const&(const std::shared_ptr<rclcpp::Node>&))()>[m[K’
[11.831s]   464 |         using [01;31m[K_Res_type_impl[m[K
[11.831s]       |               [01;31m[K^~~~~~~~~~~~~~[m[K
[11.831s] /opt/ros/humble/include/rclcpp/rclcpp/timer.hpp: In instantiation of ‘[01m[Kvoid rclcpp::GenericTimer<FunctorT, <anonymous> >::execute_callback_delegate() [with CallbackT = std::_Bind<void (scorbot::Teleop::*(std::shared_ptr<rclcpp::Node>))()>; typename std::enable_if<rclcpp::function_traits::same_arguments<CallbackT, std::function<void()> >::value>::type* <anonymous> = 0; FunctorT = std::_Bind<void (scorbot::Teleop::*(std::shared_ptr<rclcpp::Node>))()>; typename std::enable_if<(rclcpp::function_traits::same_arguments<FunctorT, std::function<void()> >::value || rclcpp::function_traits::same_arguments<FunctorT, std::function<void(rclcpp::TimerBase&)> >::value)>::type* <anonymous> = 0][m[K’:
[11.831s] [01m[K/opt/ros/humble/include/rclcpp/rclcpp/timer.hpp:230:32:[m[K   required from ‘[01m[Kvoid rclcpp::GenericTimer<FunctorT, <anonymous> >::execute_callback() [with FunctorT = std::_Bind<void (scorbot::Teleop::*(std::shared_ptr<rclcpp::Node>))()>; typename std::enable_if<(rclcpp::function_traits::same_arguments<FunctorT, std::function<void()> >::value || rclcpp::function_traits::same_arguments<FunctorT, std::function<void(rclcpp::TimerBase&)> >::value)>::type* <anonymous> = 0][m[K’
[11.831s] [01m[K/opt/ros/humble/include/rclcpp/rclcpp/timer.hpp:227:3:[m[K   required from here
[11.832s] [01m[K/usr/include/c++/11/functional:531:9:[m[K [01;36m[Knote: [m[Kcandidate: ‘[01m[Ktemplate<class ... _Args, class _Result> _Result std::_Bind<_Functor(_Bound_args ...)>::operator()(_Args&& ...) volatile [with _Args = {_Args ...}; _Result = _Result; _Functor = void (scorbot::Teleop::*)(); _Bound_args = {std::shared_ptr<rclcpp::Node>}][m[K’
[11.832s]   531 |         [01;36m[Koperator[m[K()(_Args&&... __args) volatile
[11.832s]       |         [01;36m[K^~~~~~~~[m[K
[11.832s] [01m[K/usr/include/c++/11/functional:531:9:[m[K [01;36m[Knote: [m[K  template argument deduction/substitution failed:
[11.832s] /usr/include/c++/11/functional: In substitution of ‘[01m[Ktemplate<class _Functor, class ... _Bound_args> template<class _Fn, class _CallArgs, class ... _BArgs> using _Res_type_impl = typename std::result_of<_Fn&(decltype (std::_Mu<typename std::remove_cv<_BArgs>::type, std::is_bind_expression<typename std::remove_cv<_BArgs>::type>::value, (std::is_placeholder<typename std::remove_cv<_BArgs>::type>::value > 0)>()(declval<_BArgs&>(), declval<_CallArgs&>()))&& ...)>::type [with _Fn = void (scorbot::Teleop::* volatile)(); _CallArgs = std::tuple<>; _BArgs = {volatile std::shared_ptr<rclcpp::Node>}; _Functor = void (scorbot::Teleop::*)(); _Bound_args = {std::shared_ptr<rclcpp::Node>}][m[K’:
[11.832s] [01m[K/usr/include/c++/11/functional:475:8:[m[K   required by substitution of ‘[01m[Ktemplate<class _Functor, class ... _Bound_args> template<class _CallArgs, template<class _CallArgs, template<class> class __cv_quals> template<class _Functor, class ... _Bound_args> template<class> class __cv_quals> using _Res_type_cv = std::_Bind<_Functor(_Bound_args ...)>::_Res_type_impl<typename __cv_quals<typename std::enable_if<(bool)((std::tuple_size<_Tuple>::value + 1)), _Functor>::type>::type, _CallArgs, typename __cv_quals<_Bound_args>::type ...> [with _CallArgs = std::tuple<>; __cv_quals = std::add_volatile; _Functor = void (scorbot::Teleop::*)(); _Bound_args = {std::shared_ptr<rclcpp::Node>}][m[K’
[11.832s] [01m[K/usr/include/c++/11/functional:528:9:[m[K   required from ‘[01m[Kvoid rclcpp::GenericTimer<FunctorT, <anonymous> >::execute_callback_delegate() [with CallbackT = std::_Bind<void (scorbot::Teleop::*(std::shared_ptr<rclcpp::Node>))()>; typename std::enable_if<rclcpp::function_traits::same_arguments<CallbackT, std::function<void()> >::value>::type* <anonymous> = 0; FunctorT = std::_Bind<void (scorbot::Teleop::*(std::shared_ptr<rclcpp::Node>))()>; typename std::enable_if<(rclcpp::function_traits::same_arguments<FunctorT, std::function<void()> >::value || rclcpp::function_traits::same_arguments<FunctorT, std::function<void(rclcpp::TimerBase&)> >::value)>::type* <anonymous> = 0][m[K’
[11.833s] [01m[K/opt/ros/humble/include/rclcpp/rclcpp/timer.hpp:230:32:[m[K   required from ‘[01m[Kvoid rclcpp::GenericTimer<FunctorT, <anonymous> >::execute_callback() [with FunctorT = std::_Bind<void (scorbot::Teleop::*(std::shared_ptr<rclcpp::Node>))()>; typename std::enable_if<(rclcpp::function_traits::same_arguments<FunctorT, std::function<void()> >::value || rclcpp::function_traits::same_arguments<FunctorT, std::function<void(rclcpp::TimerBase&)> >::value)>::type* <anonymous> = 0][m[K’
[11.833s] [01m[K/opt/ros/humble/include/rclcpp/rclcpp/timer.hpp:227:3:[m[K   required from here
[11.833s] [01m[K/usr/include/c++/11/functional:464:15:[m[K [01;31m[Kerror: [m[Kno type named ‘[01m[Ktype[m[K’ in ‘[01m[Kstruct std::result_of<void (scorbot::Teleop::* volatile&(volatile std::shared_ptr<rclcpp::Node>&))()>[m[K’
[11.833s]   464 |         using [01;31m[K_Res_type_impl[m[K
[11.833s]       |               [01;31m[K^~~~~~~~~~~~~~[m[K
[11.833s] /opt/ros/humble/include/rclcpp/rclcpp/timer.hpp: In instantiation of ‘[01m[Kvoid rclcpp::GenericTimer<FunctorT, <anonymous> >::execute_callback_delegate() [with CallbackT = std::_Bind<void (scorbot::Teleop::*(std::shared_ptr<rclcpp::Node>))()>; typename std::enable_if<rclcpp::function_traits::same_arguments<CallbackT, std::function<void()> >::value>::type* <anonymous> = 0; FunctorT = std::_Bind<void (scorbot::Teleop::*(std::shared_ptr<rclcpp::Node>))()>; typename std::enable_if<(rclcpp::function_traits::same_arguments<FunctorT, std::function<void()> >::value || rclcpp::function_traits::same_arguments<FunctorT, std::function<void(rclcpp::TimerBase&)> >::value)>::type* <anonymous> = 0][m[K’:
[11.833s] [01m[K/opt/ros/humble/include/rclcpp/rclcpp/timer.hpp:230:32:[m[K   required from ‘[01m[Kvoid rclcpp::GenericTimer<FunctorT, <anonymous> >::execute_callback() [with FunctorT = std::_Bind<void (scorbot::Teleop::*(std::shared_ptr<rclcpp::Node>))()>; typename std::enable_if<(rclcpp::function_traits::same_arguments<FunctorT, std::function<void()> >::value || rclcpp::function_traits::same_arguments<FunctorT, std::function<void(rclcpp::TimerBase&)> >::value)>::type* <anonymous> = 0][m[K’
[11.833s] [01m[K/opt/ros/humble/include/rclcpp/rclcpp/timer.hpp:227:3:[m[K   required from here
[11.834s] [01m[K/usr/include/c++/11/functional:543:9:[m[K [01;36m[Knote: [m[Kcandidate: ‘[01m[Ktemplate<class ... _Args, class _Result> _Result std::_Bind<_Functor(_Bound_args ...)>::operator()(_Args&& ...) const volatile [with _Args = {_Args ...}; _Result = _Result; _Functor = void (scorbot::Teleop::*)(); _Bound_args = {std::shared_ptr<rclcpp::Node>}][m[K’
[11.834s]   543 |         [01;36m[Koperator[m[K()(_Args&&... __args) const volatile
[11.834s]       |         [01;36m[K^~~~~~~~[m[K
[11.834s] [01m[K/usr/include/c++/11/functional:543:9:[m[K [01;36m[Knote: [m[K  template argument deduction/substitution failed:
[11.834s] /usr/include/c++/11/functional: In substitution of ‘[01m[Ktemplate<class _Functor, class ... _Bound_args> template<class _Fn, class _CallArgs, class ... _BArgs> using _Res_type_impl = typename std::result_of<_Fn&(decltype (std::_Mu<typename std::remove_cv<_BArgs>::type, std::is_bind_expression<typename std::remove_cv<_BArgs>::type>::value, (std::is_placeholder<typename std::remove_cv<_BArgs>::type>::value > 0)>()(declval<_BArgs&>(), declval<_CallArgs&>()))&& ...)>::type [with _Fn = void (scorbot::Teleop::* const volatile)(); _CallArgs = std::tuple<>; _BArgs = {const volatile std::shared_ptr<rclcpp::Node>}; _Functor = void (scorbot::Teleop::*)(); _Bound_args = {std::shared_ptr<rclcpp::Node>}][m[K’:
[11.834s] [01m[K/usr/include/c++/11/functional:475:8:[m[K   required by substitution of ‘[01m[Ktemplate<class _Functor, class ... _Bound_args> template<class _CallArgs, template<class _CallArgs, template<class> class __cv_quals> template<class _Functor, class ... _Bound_args> template<class> class __cv_quals> using _Res_type_cv = std::_Bind<_Functor(_Bound_args ...)>::_Res_type_impl<typename __cv_quals<typename std::enable_if<(bool)((std::tuple_size<_Tuple>::value + 1)), _Functor>::type>::type, _CallArgs, typename __cv_quals<_Bound_args>::type ...> [with _CallArgs = std::tuple<>; __cv_quals = std::add_cv; _Functor = void (scorbot::Teleop::*)(); _Bound_args = {std::shared_ptr<rclcpp::Node>}][m[K’
[11.834s] [01m[K/usr/include/c++/11/functional:540:9:[m[K   required from ‘[01m[Kvoid rclcpp::GenericTimer<FunctorT, <anonymous> >::execute_callback_delegate() [with CallbackT = std::_Bind<void (scorbot::Teleop::*(std::shared_ptr<rclcpp::Node>))()>; typename std::enable_if<rclcpp::function_traits::same_arguments<CallbackT, std::function<void()> >::value>::type* <anonymous> = 0; FunctorT = std::_Bind<void (scorbot::Teleop::*(std::shared_ptr<rclcpp::Node>))()>; typename std::enable_if<(rclcpp::function_traits::same_arguments<FunctorT, std::function<void()> >::value || rclcpp::function_traits::same_arguments<FunctorT, std::function<void(rclcpp::TimerBase&)> >::value)>::type* <anonymous> = 0][m[K’
[11.834s] [01m[K/opt/ros/humble/include/rclcpp/rclcpp/timer.hpp:230:32:[m[K   required from ‘[01m[Kvoid rclcpp::GenericTimer<FunctorT, <anonymous> >::execute_callback() [with FunctorT = std::_Bind<void (scorbot::Teleop::*(std::shared_ptr<rclcpp::Node>))()>; typename std::enable_if<(rclcpp::function_traits::same_arguments<FunctorT, std::function<void()> >::value || rclcpp::function_traits::same_arguments<FunctorT, std::function<void(rclcpp::TimerBase&)> >::value)>::type* <anonymous> = 0][m[K’
[11.835s] [01m[K/opt/ros/humble/include/rclcpp/rclcpp/timer.hpp:227:3:[m[K   required from here
[11.835s] [01m[K/usr/include/c++/11/functional:464:15:[m[K [01;31m[Kerror: [m[Kno type named ‘[01m[Ktype[m[K’ in ‘[01m[Kstruct std::result_of<void (scorbot::Teleop::* const volatile&(const volatile std::shared_ptr<rclcpp::Node>&))()>[m[K’
[11.835s]   464 |         using [01;31m[K_Res_type_impl[m[K
[11.835s]       |               [01;31m[K^~~~~~~~~~~~~~[m[K
[14.756s] gmake[2]: *** [CMakeFiles/scorbot.dir/build.make:76: CMakeFiles/scorbot.dir/src/scorbot.cpp.o] Error 1
[14.756s] gmake[1]: *** [CMakeFiles/Makefile2:137: CMakeFiles/scorbot.dir/all] Error 2
[14.757s] gmake: *** [Makefile:146: all] Error 2
[14.761s] Invoked command in '/home/leon/robotica/scorbotLabo/software_scorbot/scorbot_ws/build/scorbot' returned '2': AMENT_PREFIX_PATH=/home/leon/robotica/scorbotLabo/software_scorbot/scorbot_ws/install/scorbot_msgs:${AMENT_PREFIX_PATH} CMAKE_PREFIX_PATH=/home/leon/robotica/scorbotLabo/software_scorbot/scorbot_ws/install/scorbot_msgs:/home/leon/microros_ws/install/micro_ros_demos_rclc:/home/leon/microros_ws/install/common_interfaces:/home/leon/microros_ws/install/visualization_msgs:/home/leon/microros_ws/install/test_msgs:/home/leon/microros_ws/install/example_interfaces:/home/leon/microros_ws/install/action_msgs:/home/leon/microros_ws/install/unique_identifier_msgs:/home/leon/microros_ws/install/trajectory_msgs:/home/leon/microros_ws/install/stereo_msgs:/home/leon/microros_ws/install/std_srvs:/home/leon/microros_ws/install/shape_msgs:/home/leon/microros_ws/install/sensor_msgs:/home/leon/microros_ws/install/nav_msgs:/home/leon/microros_ws/install/diagnostic_msgs:/home/leon/microros_ws/install/geometry_msgs:/home/leon/microros_ws/install/actionlib_msgs:/home/leon/microros_ws/install/std_msgs:/home/leon/microros_ws/install/statistics_msgs:/home/leon/microros_ws/install/rosidl_typesupport_microxrcedds_test_msg:/home/leon/microros_ws/install/rosidl_typesupport_microxrcedds_cpp_tests:/home/leon/microros_ws/install/rmw_microxrcedds:/home/leon/microros_ws/install/rosidl_typesupport_microxrcedds_cpp:/home/leon/microros_ws/install/rosidl_typesupport_microxrcedds_c_tests:/home/leon/microros_ws/install/rosidl_typesupport_microxrcedds_c:/home/leon/microros_ws/install/rosgraph_msgs:/home/leon/microros_ws/install/rclc_parameter:/home/leon/microros_ws/install/rclc:/home/leon/microros_ws/install/composition_interfaces:/home/leon/microros_ws/install/rcl_interfaces:/home/leon/microros_ws/install/microxrcedds_client:/home/leon/microros_ws/install/microcdr:/home/leon/microros_ws/install/micro_ros_utilities:/home/leon/microros_ws/install/micro_ros_setup:/home/leon/microros_ws/install/micro_ros_agent:/home/leon/microros_ws/install/micro_ros_msgs:/home/leon/microros_ws/install/lifecycle_msgs:/home/leon/microros_ws/install/complex_msgs:/home/leon/microros_ws/install/builtin_interfaces:/home/leon/microros_ws/install/sensor_msgs_py:/opt/ros/humble LD_LIBRARY_PATH=/home/leon/robotica/scorbotLabo/software_scorbot/scorbot_ws/install/scorbot_msgs/lib:${LD_LIBRARY_PATH} PYTHONPATH=/home/leon/robotica/scorbotLabo/software_scorbot/scorbot_ws/install/scorbot_msgs/local/lib/python3.10/dist-packages:${PYTHONPATH} /usr/bin/cmake --build /home/leon/robotica/scorbotLabo/software_scorbot/scorbot_ws/build/scorbot -- -j4 -l4
