[35m[1mConsolidate compiler generated dependencies of target scorbot[0m
[ 33%] [32mBuilding CXX object CMakeFiles/scorbot.dir/src/scorbot.cpp.o[0m
[ 66%] [32mBuilding CXX object CMakeFiles/scorbot.dir/src/scorbot_node.cpp.o[0m
[01m[K/home/leon/robotica/scorbotLabo/software_scorbot/scorbot_ws/scorbot/src/scorbot.cpp:379:9:[m[K [01;35m[Kwarning: [m[K"/*" within comment [[01;35m[K]8;;https://gcc.gnu.org/onlinedocs/gcc/Warning-Options.html#index-Wcomment-Wcomment]8;;[m[K]
  379 |         /*
      |          
[01m[K/home/leon/robotica/scorbotLabo/software_scorbot/scorbot_ws/scorbot/src/scorbot.cpp:[m[K In constructor ‘[01m[Kscorbot::Teleop::Teleop(std::shared_ptr<rclcpp::Node>)[m[K’:
[01m[K/home/leon/robotica/scorbotLabo/software_scorbot/scorbot_ws/scorbot/src/scorbot.cpp:38:3:[m[K [01;31m[Kerror: [m[K‘[01m[Ktrajectory_finished_pub[m[K’ was not declared in this scope
   38 |   [01;31m[Ktrajectory_finished_pub[m[K = node->create_publisher<control_msgs::msg::FollowJointTrajectoryActionResult>("/arm_position_controller/follow_joint_trajectory/result", 1);
      |   [01;31m[K^~~~~~~~~~~~~~~~~~~~~~~[m[K
[01m[K/home/leon/robotica/scorbotLabo/software_scorbot/scorbot_ws/scorbot/src/scorbot.cpp:38:52:[m[K [01;31m[Kerror: [m[K‘[01m[Kcontrol_msgs[m[K’ was not declared in this scope
   38 |   trajectory_finished_pub = node->create_publisher<[01;31m[Kcontrol_msgs[m[K::msg::FollowJointTrajectoryActionResult>("/arm_position_controller/follow_joint_trajectory/result", 1);
      |                                                    [01;31m[K^~~~~~~~~~~~[m[K
[01m[K/home/leon/robotica/scorbotLabo/software_scorbot/scorbot_ws/scorbot/src/scorbot.cpp:38:35:[m[K [01;31m[Kerror: [m[Kparse error in template argument list
   38 |   trajectory_finished_pub = node->[01;31m[Kcreate_publisher<control_msgs::msg::FollowJointTrajectoryActionResult>[m[K("/arm_position_controller/follow_joint_trajectory/result", 1);
      |                                   [01;31m[K^~~~~~~~~~~~~~~~~~~~~~~~~~~~~~~~~~~~~~~~~~~~~~~~~~~~~~~~~~~~~~~~~~~~~~[m[K
[01m[K/home/leon/robotica/scorbotLabo/software_scorbot/scorbot_ws/scorbot/src/scorbot.cpp:38:105:[m[K [01;31m[Kerror: [m[Kno matching function for call to ‘[01m[Krclcpp::Node::create_publisher<<expression error> >(const char [56], int)[m[K’
   38 |   trajectory_finished_pub = [01;31m[Knode->create_publisher<control_msgs::msg::FollowJointTrajectoryActionResult>("/arm_position_controller/follow_joint_trajectory/result", 1)[m[K;
      |                             [01;31m[K~~~~~~~~~~~~~~~~~~~~~~~~~~~~~~~~~~~~~~~~~~~~~~~~~~~~~~~~~~~~~~~~~~~~~~~~~~~~^~~~~~~~~~~~~~~~~~~~~~~~~~~~~~~~~~~~~~~~~~~~~~~~~~~~~~~~~~~~~~[m[K
In file included from [01m[K/opt/ros/humble/include/rclcpp/rclcpp/node.hpp:1321[m[K,
                 from [01m[K/opt/ros/humble/include/rclcpp/rclcpp/executors/single_threaded_executor.hpp:28[m[K,
                 from [01m[K/opt/ros/humble/include/rclcpp/rclcpp/executors.hpp:22[m[K,
                 from [01m[K/opt/ros/humble/include/rclcpp/rclcpp/rclcpp.hpp:155[m[K,
                 from [01m[K/home/leon/robotica/scorbotLabo/software_scorbot/scorbot_ws/scorbot/src/scorbot.h:4[m[K,
                 from [01m[K/home/leon/robotica/scorbotLabo/software_scorbot/scorbot_ws/scorbot/src/scorbot.cpp:1[m[K:
[01m[K/opt/ros/humble/include/rclcpp/rclcpp/node_impl.hpp:73:1:[m[K [01;36m[Knote: [m[Kcandidate: ‘[01m[Ktemplate<class MessageT, class AllocatorT, class PublisherT> std::shared_ptr<PublisherT> rclcpp::Node::create_publisher(const string&, const rclcpp::QoS&, const rclcpp::PublisherOptionsWithAllocator<AllocatorT>&)[m[K’
   73 | [01;36m[KNode[m[K::create_publisher(
      | [01;36m[K^~~~[m[K
[01m[K/opt/ros/humble/include/rclcpp/rclcpp/node_impl.hpp:73:1:[m[K [01;36m[Knote: [m[K  template argument deduction/substitution failed:
[01m[K/home/leon/robotica/scorbotLabo/software_scorbot/scorbot_ws/scorbot/src/scorbot.cpp:38:105:[m[K [01;31m[Kerror: [m[Ktemplate argument 1 is invalid
   38 |   trajectory_finished_pub = [01;31m[Knode->create_publisher<control_msgs::msg::FollowJointTrajectoryActionResult>("/arm_position_controller/follow_joint_trajectory/result", 1)[m[K;
      |                             [01;31m[K~~~~~~~~~~~~~~~~~~~~~~~~~~~~~~~~~~~~~~~~~~~~~~~~~~~~~~~~~~~~~~~~~~~~~~~~~~~~^~~~~~~~~~~~~~~~~~~~~~~~~~~~~~~~~~~~~~~~~~~~~~~~~~~~~~~~~~~~~~[m[K
[01m[K/home/leon/robotica/scorbotLabo/software_scorbot/scorbot_ws/scorbot/src/scorbot.cpp:76:72:[m[K [01;31m[Kerror: [m[K‘[01m[Kusing Rate = class rclcpp::GenericRate<std::chrono::_V2::system_clock>[m[K’ {aka ‘[01m[Kclass rclcpp::GenericRate<std::chrono::_V2::system_clock>[m[K’} has no member named ‘[01m[Kexpected_cycle_time[m[K’
   76 |   control_timer = n->create_wall_timer(rclcpp::Rate(control_frequency).[01;31m[Kexpected_cycle_time[m[K(), std::bind(&Teleop::on_control_cycle, n));
      |                                                                        [01;31m[K^~~~~~~~~~~~~~~~~~~[m[K
[01m[K/home/leon/robotica/scorbotLabo/software_scorbot/scorbot_ws/scorbot/src/scorbot.cpp:[m[K At global scope:
[01m[K/home/leon/robotica/scorbotLabo/software_scorbot/scorbot_ws/scorbot/src/scorbot.cpp:137:43:[m[K [01;31m[Kerror: [m[K‘[01m[Kcontrol_msgs[m[K’ does not name a type
  137 | void scorbot::Teleop::on_trajectory(const [01;31m[Kcontrol_msgs[m[K::FollowJointTrajectoryActionGoalConstPtr& msg)
      |                                           [01;31m[K^~~~~~~~~~~~[m[K
[01m[K/home/leon/robotica/scorbotLabo/software_scorbot/scorbot_ws/scorbot/src/scorbot.cpp:137:96:[m[K [01;31m[Kerror: [m[Kexpected unqualified-id before ‘[01m[K&[m[K’ token
  137 | void scorbot::Teleop::on_trajectory(const control_msgs::FollowJointTrajectoryActionGoalConstPtr[01;31m[K&[m[K msg)
      |                                                                                                [01;31m[K^[m[K
[01m[K/home/leon/robotica/scorbotLabo/software_scorbot/scorbot_ws/scorbot/src/scorbot.cpp:137:96:[m[K [01;31m[Kerror: [m[Kexpected ‘[01m[K)[m[K’ before ‘[01m[K&[m[K’ token
  137 | void scorbot::Teleop::on_trajectory[34m[K([m[Kconst control_msgs::FollowJointTrajectoryActionGoalConstPtr[01;31m[K&[m[K msg)
      |                                    [34m[K~[m[K                                                           [01;31m[K^[m[K
      |                                                                                                [32m[K)[m[K
[01m[K/home/leon/robotica/scorbotLabo/software_scorbot/scorbot_ws/scorbot/src/scorbot.cpp:137:98:[m[K [01;31m[Kerror: [m[Kexpected initializer before ‘[01m[Kmsg[m[K’
  137 | void scorbot::Teleop::on_trajectory(const control_msgs::FollowJointTrajectoryActionGoalConstPtr& [01;31m[Kmsg[m[K)
      |                                                                                                  [01;31m[K^~~[m[K
[01m[K/home/leon/robotica/scorbotLabo/software_scorbot/scorbot_ws/scorbot/src/scorbot.cpp:[m[K In member function ‘[01m[Kvoid scorbot::Teleop::check_trajectory_progress()[m[K’:
[01m[K/home/leon/robotica/scorbotLabo/software_scorbot/scorbot_ws/scorbot/src/scorbot.cpp:265:9:[m[K [01;31m[Kerror: [m[K‘[01m[Kcontrol_msgs[m[K’ has not been declared
  265 |         [01;31m[Kcontrol_msgs[m[K::FollowJointTrajectoryResult result;
      |         [01;31m[K^~~~~~~~~~~~[m[K
[01m[K/home/leon/robotica/scorbotLabo/software_scorbot/scorbot_ws/scorbot/src/scorbot.cpp:266:9:[m[K [01;31m[Kerror: [m[K‘[01m[Kresult[m[K’ was not declared in this scope
  266 |         [01;31m[Kresult[m[K.error_code = result.SUCCESSFUL;
      |         [01;31m[K^~~~~~[m[K
[01m[K/home/leon/robotica/scorbotLabo/software_scorbot/scorbot_ws/scorbot/src/scorbot.cpp:267:9:[m[K [01;31m[Kerror: [m[K‘[01m[Kcontrol_msgs[m[K’ has not been declared
  267 |         [01;31m[Kcontrol_msgs[m[K::FollowJointTrajectoryActionResult result_msg;
      |         [01;31m[K^~~~~~~~~~~~[m[K
[01m[K/home/leon/robotica/scorbotLabo/software_scorbot/scorbot_ws/scorbot/src/scorbot.cpp:268:9:[m[K [01;31m[Kerror: [m[K‘[01m[Kresult_msg[m[K’ was not declared in this scope
  268 |         [01;31m[Kresult_msg[m[K.result = result;
      |         [01;31m[K^~~~~~~~~~[m[K
[01m[K/home/leon/robotica/scorbotLabo/software_scorbot/scorbot_ws/scorbot/src/scorbot.cpp:270:9:[m[K [01;31m[Kerror: [m[K‘[01m[Kactionlib_msgs[m[K’ has not been declared
  270 |         [01;31m[Kactionlib_msgs[m[K::GoalStatus goal_status;
      |         [01;31m[K^~~~~~~~~~~~~~[m[K
[01m[K/home/leon/robotica/scorbotLabo/software_scorbot/scorbot_ws/scorbot/src/scorbot.cpp:271:9:[m[K [01;31m[Kerror: [m[K‘[01m[Kgoal_status[m[K’ was not declared in this scope; did you mean ‘[01m[Ksi_status[m[K’?
  271 |         [01;31m[Kgoal_status[m[K.status = goal_status.SUCCEEDED;
      |         [01;31m[K^~~~~~~~~~~[m[K
      |         [32m[Ksi_status[m[K
[01m[K/home/leon/robotica/scorbotLabo/software_scorbot/scorbot_ws/scorbot/src/scorbot.cpp:272:31:[m[K [01;31m[Kerror: [m[K‘[01m[Ktrajectory_goal_id[m[K’ was not declared in this scope
  272 |         goal_status.goal_id = [01;31m[Ktrajectory_goal_id[m[K;
      |                               [01;31m[K^~~~~~~~~~~~~~~~~~[m[K
[01m[K/home/leon/robotica/scorbotLabo/software_scorbot/scorbot_ws/scorbot/src/scorbot.cpp:275:9:[m[K [01;31m[Kerror: [m[K‘[01m[Ktrajectory_finished_pub[m[K’ was not declared in this scope
  275 |         [01;31m[Ktrajectory_finished_pub[m[K.publish(result_msg);
      |         [01;31m[K^~~~~~~~~~~~~~~~~~~~~~~[m[K
[01m[K/home/leon/robotica/scorbotLabo/software_scorbot/scorbot_ws/scorbot/src/scorbot.cpp:279:19:[m[K [01;31m[Kerror: [m[K‘[01m[KInt32MultiArray[m[K’ is not a member of ‘[01m[Kstd_msgs[m[K’; did you mean ‘[01m[Kstd_msgs::msg::Int32MultiArray[m[K’?
  279 |         std_msgs::[01;31m[KInt32MultiArray[m[K joint_pos_msg;
      |                   [01;31m[K^~~~~~~~~~~~~~~[m[K
In file included from [01m[K/opt/ros/humble/include/std_msgs/std_msgs/msg/int32_multi_array.hpp:7[m[K,
                 from [01m[K/home/leon/robotica/scorbotLabo/software_scorbot/scorbot_ws/scorbot/src/scorbot.h:16[m[K,
                 from [01m[K/home/leon/robotica/scorbotLabo/software_scorbot/scorbot_ws/scorbot/src/scorbot.cpp:1[m[K:
[01m[K/opt/ros/humble/include/std_msgs/std_msgs/msg/detail/int32_multi_array__struct.hpp:132:7:[m[K [01;36m[Knote: [m[K‘[01m[Kstd_msgs::msg::Int32MultiArray[m[K’ declared here
  132 | using [01;36m[KInt32MultiArray[m[K =
      |       [01;36m[K^~~~~~~~~~~~~~~[m[K
[01m[K/home/leon/robotica/scorbotLabo/software_scorbot/scorbot_ws/scorbot/src/scorbot.cpp:288:29:[m[K [01;31m[Kerror: [m[K‘[01m[Kusing SharedPtr = class std::shared_ptr<rclcpp::Publisher<std_msgs::msg::Int32MultiArray_<std::allocator<void> > > >[m[K’ {aka ‘[01m[Kclass std::shared_ptr<rclcpp::Publisher<std_msgs::msg::Int32MultiArray_<std::allocator<void> > > >[m[K’} has no member named ‘[01m[Kpublish[m[K’
  288 |         joint_pos_array_pub.[01;31m[Kpublish[m[K(joint_pos_msg);
      |                             [01;31m[K^~~~~~~[m[K
[01m[K/home/leon/robotica/scorbotLabo/software_scorbot/scorbot_ws/scorbot/src/scorbot.cpp:303:17:[m[K [01;31m[Kerror: [m[K‘[01m[KInt32MultiArray[m[K’ is not a member of ‘[01m[Kstd_msgs[m[K’; did you mean ‘[01m[Kstd_msgs::msg::Int32MultiArray[m[K’?
  303 |       std_msgs::[01;31m[KInt32MultiArray[m[K joint_pos_msg;
      |                 [01;31m[K^~~~~~~~~~~~~~~[m[K
In file included from [01m[K/opt/ros/humble/include/std_msgs/std_msgs/msg/int32_multi_array.hpp:7[m[K,
                 from [01m[K/home/leon/robotica/scorbotLabo/software_scorbot/scorbot_ws/scorbot/src/scorbot.h:16[m[K,
                 from [01m[K/home/leon/robotica/scorbotLabo/software_scorbot/scorbot_ws/scorbot/src/scorbot.cpp:1[m[K:
[01m[K/opt/ros/humble/include/std_msgs/std_msgs/msg/detail/int32_multi_array__struct.hpp:132:7:[m[K [01;36m[Knote: [m[K‘[01m[Kstd_msgs::msg::Int32MultiArray[m[K’ declared here
  132 | using [01;36m[KInt32MultiArray[m[K =
      |       [01;36m[K^~~~~~~~~~~~~~~[m[K
[01m[K/home/leon/robotica/scorbotLabo/software_scorbot/scorbot_ws/scorbot/src/scorbot.cpp:312:27:[m[K [01;31m[Kerror: [m[K‘[01m[Kusing SharedPtr = class std::shared_ptr<rclcpp::Publisher<std_msgs::msg::Int32MultiArray_<std::allocator<void> > > >[m[K’ {aka ‘[01m[Kclass std::shared_ptr<rclcpp::Publisher<std_msgs::msg::Int32MultiArray_<std::allocator<void> > > >[m[K’} has no member named ‘[01m[Kpublish[m[K’
  312 |       joint_pos_array_pub.[01;31m[Kpublish[m[K(joint_pos_msg);
      |                           [01;31m[K^~~~~~~[m[K
[01m[K/home/leon/robotica/scorbotLabo/software_scorbot/scorbot_ws/scorbot/src/scorbot.cpp:[m[K At global scope:
[01m[K/home/leon/robotica/scorbotLabo/software_scorbot/scorbot_ws/scorbot/src/scorbot.cpp:317:58:[m[K [01;31m[Kerror: [m[K‘[01m[KJointStateConstPtr[m[K’ in namespace ‘[01m[Ksensor_msgs[m[K’ does not name a type
  317 | void scorbot::Teleop::on_joint_states(const sensor_msgs::[01;31m[KJointStateConstPtr[m[K& msg){
      |                                                          [01;31m[K^~~~~~~~~~~~~~~~~~[m[K
[01m[K/home/leon/robotica/scorbotLabo/software_scorbot/scorbot_ws/scorbot/src/scorbot.cpp:317:6:[m[K [01;31m[Kerror: [m[Kno declaration matches ‘[01m[Kvoid scorbot::Teleop::on_joint_states(const int&)[m[K’
  317 | void [01;31m[Kscorbot[m[K::Teleop::on_joint_states(const sensor_msgs::JointStateConstPtr& msg){
      |      [01;31m[K^~~~~~~[m[K
In file included from [01m[K/home/leon/robotica/scorbotLabo/software_scorbot/scorbot_ws/scorbot/src/scorbot.cpp:1[m[K:
[01m[K/home/leon/robotica/scorbotLabo/software_scorbot/scorbot_ws/scorbot/src/scorbot.h:40:12:[m[K [01;36m[Knote: [m[Kcandidate is: ‘[01m[Kvoid scorbot::Teleop::on_joint_states(const JointState&)[m[K’
   40 |       void [01;36m[Kon_joint_states[m[K(const sensor_msgs::msg::JointState& msg);
      |            [01;36m[K^~~~~~~~~~~~~~~[m[K
[01m[K/home/leon/robotica/scorbotLabo/software_scorbot/scorbot_ws/scorbot/src/scorbot.h:32:9:[m[K [01;36m[Knote: [m[K‘[01m[Kclass scorbot::Teleop[m[K’ defined here
   32 |   class [01;36m[KTeleop[m[K
      |         [01;36m[K^~~~~~[m[K
[01m[K/home/leon/robotica/scorbotLabo/software_scorbot/scorbot_ws/scorbot/src/scorbot.cpp:413:52:[m[K [01;31m[Kerror: [m[K‘[01m[KFloat64ConstPtr[m[K’ in namespace ‘[01m[Kstd_msgs[m[K’ does not name a type
  413 | void scorbot::Teleop::on_tolerance(const std_msgs::[01;31m[KFloat64ConstPtr[m[K& msg){
      |                                                    [01;31m[K^~~~~~~~~~~~~~~[m[K
[01m[K/home/leon/robotica/scorbotLabo/software_scorbot/scorbot_ws/scorbot/src/scorbot.cpp:413:6:[m[K [01;31m[Kerror: [m[Kno declaration matches ‘[01m[Kvoid scorbot::Teleop::on_tolerance(const int&)[m[K’
  413 | void [01;31m[Kscorbot[m[K::Teleop::on_tolerance(const std_msgs::Float64ConstPtr& msg){
      |      [01;31m[K^~~~~~~[m[K
In file included from [01m[K/home/leon/robotica/scorbotLabo/software_scorbot/scorbot_ws/scorbot/src/scorbot.cpp:1[m[K:
[01m[K/home/leon/robotica/scorbotLabo/software_scorbot/scorbot_ws/scorbot/src/scorbot.h:47:12:[m[K [01;36m[Knote: [m[Kcandidate is: ‘[01m[Kvoid scorbot::Teleop::on_tolerance(const Float64&)[m[K’
   47 |       void [01;36m[Kon_tolerance[m[K(const std_msgs::msg::Float64& msg);
      |            [01;36m[K^~~~~~~~~~~~[m[K
[01m[K/home/leon/robotica/scorbotLabo/software_scorbot/scorbot_ws/scorbot/src/scorbot.h:32:9:[m[K [01;36m[Knote: [m[K‘[01m[Kclass scorbot::Teleop[m[K’ defined here
   32 |   class [01;36m[KTeleop[m[K
      |         [01;36m[K^~~~~~[m[K
[01m[K/home/leon/robotica/scorbotLabo/software_scorbot/scorbot_ws/scorbot/src/scorbot.cpp:417:51:[m[K [01;31m[Kerror: [m[K‘[01m[KStringConstPtr[m[K’ in namespace ‘[01m[Kstd_msgs[m[K’ does not name a type
  417 | void scorbot::Teleop::on_filename(const std_msgs::[01;31m[KStringConstPtr[m[K& msg){
      |                                                   [01;31m[K^~~~~~~~~~~~~~[m[K
[01m[K/home/leon/robotica/scorbotLabo/software_scorbot/scorbot_ws/scorbot/src/scorbot.cpp:417:6:[m[K [01;31m[Kerror: [m[Kno declaration matches ‘[01m[Kvoid scorbot::Teleop::on_filename(const int&)[m[K’
  417 | void [01;31m[Kscorbot[m[K::Teleop::on_filename(const std_msgs::StringConstPtr& msg){
      |      [01;31m[K^~~~~~~[m[K
In file included from [01m[K/home/leon/robotica/scorbotLabo/software_scorbot/scorbot_ws/scorbot/src/scorbot.cpp:1[m[K:
[01m[K/home/leon/robotica/scorbotLabo/software_scorbot/scorbot_ws/scorbot/src/scorbot.h:48:12:[m[K [01;36m[Knote: [m[Kcandidate is: ‘[01m[Kvoid scorbot::Teleop::on_filename(const String&)[m[K’
   48 |       void [01;36m[Kon_filename[m[K(const std_msgs::msg::String& msg);
      |            [01;36m[K^~~~~~~~~~~[m[K
[01m[K/home/leon/robotica/scorbotLabo/software_scorbot/scorbot_ws/scorbot/src/scorbot.h:32:9:[m[K [01;36m[Knote: [m[K‘[01m[Kclass scorbot::Teleop[m[K’ defined here
   32 |   class [01;36m[KTeleop[m[K
      |         [01;36m[K^~~~~~[m[K
[01m[K/home/leon/robotica/scorbotLabo/software_scorbot/scorbot_ws/scorbot/src/scorbot.cpp:421:41:[m[K [01;31m[Kerror: [m[K‘[01m[Kuniversal_teleop[m[K’ does not name a type
  421 | void scorbot::Teleop::on_controls(const [01;31m[Kuniversal_teleop[m[K::ControlConstPtr& msg)
      |                                         [01;31m[K^~~~~~~~~~~~~~~~[m[K
[01m[K/home/leon/robotica/scorbotLabo/software_scorbot/scorbot_ws/scorbot/src/scorbot.cpp:421:74:[m[K [01;31m[Kerror: [m[Kexpected unqualified-id before ‘[01m[K&[m[K’ token
  421 | void scorbot::Teleop::on_controls(const universal_teleop::ControlConstPtr[01;31m[K&[m[K msg)
      |                                                                          [01;31m[K^[m[K
[01m[K/home/leon/robotica/scorbotLabo/software_scorbot/scorbot_ws/scorbot/src/scorbot.cpp:421:74:[m[K [01;31m[Kerror: [m[Kexpected ‘[01m[K)[m[K’ before ‘[01m[K&[m[K’ token
  421 | void scorbot::Teleop::on_controls[34m[K([m[Kconst universal_teleop::ControlConstPtr[01;31m[K&[m[K msg)
      |                                  [34m[K~[m[K                                       [01;31m[K^[m[K
      |                                                                          [32m[K)[m[K
[01m[K/home/leon/robotica/scorbotLabo/software_scorbot/scorbot_ws/scorbot/src/scorbot.cpp:421:76:[m[K [01;31m[Kerror: [m[Kexpected initializer before ‘[01m[Kmsg[m[K’
  421 | void scorbot::Teleop::on_controls(const universal_teleop::ControlConstPtr& [01;31m[Kmsg[m[K)
      |                                                                            [01;31m[K^~~[m[K
[01m[K/home/leon/robotica/scorbotLabo/software_scorbot/scorbot_ws/scorbot/src/scorbot.cpp:446:39:[m[K [01;31m[Kerror: [m[K‘[01m[Kuniversal_teleop[m[K’ does not name a type
  446 | void scorbot::Teleop::on_events(const [01;31m[Kuniversal_teleop[m[K::EventConstPtr& msg)
      |                                       [01;31m[K^~~~~~~~~~~~~~~~[m[K
[01m[K/home/leon/robotica/scorbotLabo/software_scorbot/scorbot_ws/scorbot/src/scorbot.cpp:446:70:[m[K [01;31m[Kerror: [m[Kexpected unqualified-id before ‘[01m[K&[m[K’ token
  446 | void scorbot::Teleop::on_events(const universal_teleop::EventConstPtr[01;31m[K&[m[K msg)
      |                                                                      [01;31m[K^[m[K
[01m[K/home/leon/robotica/scorbotLabo/software_scorbot/scorbot_ws/scorbot/src/scorbot.cpp:446:70:[m[K [01;31m[Kerror: [m[Kexpected ‘[01m[K)[m[K’ before ‘[01m[K&[m[K’ token
  446 | void scorbot::Teleop::on_events[34m[K([m[Kconst universal_teleop::EventConstPtr[01;31m[K&[m[K msg)
      |                                [34m[K~[m[K                                     [01;31m[K^[m[K
      |                                                                      [32m[K)[m[K
[01m[K/home/leon/robotica/scorbotLabo/software_scorbot/scorbot_ws/scorbot/src/scorbot.cpp:446:72:[m[K [01;31m[Kerror: [m[Kexpected initializer before ‘[01m[Kmsg[m[K’
  446 | void scorbot::Teleop::on_events(const universal_teleop::EventConstPtr& [01;31m[Kmsg[m[K)
      |                                                                        [01;31m[K^~~[m[K
[01m[K/home/leon/robotica/scorbotLabo/software_scorbot/scorbot_ws/scorbot/src/scorbot.cpp:[m[K In member function ‘[01m[Kvoid scorbot::Teleop::on_control_cycle()[m[K’:
[01m[K/home/leon/robotica/scorbotLabo/software_scorbot/scorbot_ws/scorbot/src/scorbot.cpp:510:23:[m[K [01;35m[Kwarning: [m[Kcomparison of integer expressions of different signedness: ‘[01m[Kint[m[K’ and ‘[01m[Kstd::vector<float>::size_type[m[K’ {aka ‘[01m[Klong unsigned int[m[K’} [[01;35m[K]8;;https://gcc.gnu.org/onlinedocs/gcc/Warning-Options.html#index-Wsign-compare-Wsign-compare]8;;[m[K]
  510 |     for (int i = 0; [01;35m[Ki < velocities.joint_velocities.size()[m[K; i++) {
      |                     [01;35m[K~~^~~~~~~~~~~~~~~~~~~~~~~~~~~~~~~~~~~~[m[K
[01m[K/home/leon/robotica/scorbotLabo/software_scorbot/scorbot_ws/scorbot/src/scorbot.cpp:513:13:[m[K [01;31m[Kerror: [m[K‘[01m[Kusing SharedPtr = class std::shared_ptr<rclcpp::Publisher<scorbot_msgs::msg::JointVelocities_<std::allocator<void> > > >[m[K’ {aka ‘[01m[Kclass std::shared_ptr<rclcpp::Publisher<scorbot_msgs::msg::JointVelocities_<std::allocator<void> > > >[m[K’} has no member named ‘[01m[Kpublish[m[K’
  513 |     vel_pub.[01;31m[Kpublish[m[K(velocities);
      |             [01;31m[K^~~~~~~[m[K
gmake[2]: *** [CMakeFiles/scorbot.dir/build.make:76: CMakeFiles/scorbot.dir/src/scorbot.cpp.o] Error 1
gmake[1]: *** [CMakeFiles/Makefile2:137: CMakeFiles/scorbot.dir/all] Error 2
gmake: *** [Makefile:146: all] Error 2
