[0.122s] Invoking command in '/home/leon/robotica/scorbotLabo/software_scorbot/scorbot_ws/build/scorbot': AMENT_PREFIX_PATH=/home/leon/robotica/scorbotLabo/software_scorbot/scorbot_ws/install/scorbot_msgs:${AMENT_PREFIX_PATH} CMAKE_PREFIX_PATH=/home/leon/robotica/scorbotLabo/software_scorbot/scorbot_ws/install/scorbot_msgs:/home/leon/robotica/scorbotLabo/universal_teleop/install/universal_teleop:/home/leon/robotica/scorbotLabo/universal_teleop/install/universal_teleop_msgs:/home/leon/robotica/scorbotLabo/universal_teleop/install/keyboard:/home/leon/robotica/scorbotLabo/universal_teleop/install/keyboard_msgs:/home/leon/microros_ws/install/micro_ros_demos_rclc:/home/leon/microros_ws/install/common_interfaces:/home/leon/microros_ws/install/visualization_msgs:/home/leon/microros_ws/install/test_msgs:/home/leon/microros_ws/install/example_interfaces:/home/leon/microros_ws/install/action_msgs:/home/leon/microros_ws/install/unique_identifier_msgs:/home/leon/microros_ws/install/trajectory_msgs:/home/leon/microros_ws/install/stereo_msgs:/home/leon/microros_ws/install/std_srvs:/home/leon/microros_ws/install/shape_msgs:/home/leon/microros_ws/install/sensor_msgs:/home/leon/microros_ws/install/nav_msgs:/home/leon/microros_ws/install/diagnostic_msgs:/home/leon/microros_ws/install/geometry_msgs:/home/leon/microros_ws/install/actionlib_msgs:/home/leon/microros_ws/install/std_msgs:/home/leon/microros_ws/install/statistics_msgs:/home/leon/microros_ws/install/rosidl_typesupport_microxrcedds_test_msg:/home/leon/microros_ws/install/rosidl_typesupport_microxrcedds_cpp_tests:/home/leon/microros_ws/install/rmw_microxrcedds:/home/leon/microros_ws/install/rosidl_typesupport_microxrcedds_cpp:/home/leon/microros_ws/install/rosidl_typesupport_microxrcedds_c_tests:/home/leon/microros_ws/install/rosidl_typesupport_microxrcedds_c:/home/leon/microros_ws/install/rosgraph_msgs:/home/leon/microros_ws/install/rclc_parameter:/home/leon/microros_ws/install/rclc:/home/leon/microros_ws/install/composition_interfaces:/home/leon/microros_ws/install/rcl_interfaces:/home/leon/microros_ws/install/microxrcedds_client:/home/leon/microros_ws/install/microcdr:/home/leon/microros_ws/install/micro_ros_utilities:/home/leon/microros_ws/install/micro_ros_setup:/home/leon/microros_ws/install/micro_ros_agent:/home/leon/microros_ws/install/micro_ros_msgs:/home/leon/microros_ws/install/lifecycle_msgs:/home/leon/microros_ws/install/complex_msgs:/home/leon/microros_ws/install/builtin_interfaces:/home/leon/microros_ws/install/sensor_msgs_py:/opt/ros/humble LD_LIBRARY_PATH=/home/leon/robotica/scorbotLabo/software_scorbot/scorbot_ws/install/scorbot_msgs/lib:${LD_LIBRARY_PATH} PYTHONPATH=/home/leon/robotica/scorbotLabo/software_scorbot/scorbot_ws/install/scorbot_msgs/local/lib/python3.10/dist-packages:${PYTHONPATH} /usr/bin/cmake --build /home/leon/robotica/scorbotLabo/software_scorbot/scorbot_ws/build/scorbot -- -j4 -l4
[0.449s] [35m[1mConsolidate compiler generated dependencies of target scorbot[0m
[0.729s] [ 33%] [32mBuilding CXX object CMakeFiles/scorbot.dir/src/scorbot.cpp.o[0m
[0.733s] [ 66%] [32mBuilding CXX object CMakeFiles/scorbot.dir/src/scorbot_node.cpp.o[0m
[4.776s] [01m[K/home/leon/robotica/scorbotLabo/software_scorbot/scorbot_ws/scorbot/src/scorbot.cpp:377:9:[m[K [01;35m[Kwarning: [m[K"/*" within comment [[01;35m[K]8;;https://gcc.gnu.org/onlinedocs/gcc/Warning-Options.html#index-Wcomment-Wcomment]8;;[m[K]
[4.776s]   377 |         /*
[4.777s]       |          
[8.968s] In file included from [01m[K/home/leon/robotica/scorbotLabo/software_scorbot/scorbot_ws/scorbot/src/scorbot.cpp:1[m[K:
[8.969s] [01m[K/home/leon/robotica/scorbotLabo/software_scorbot/scorbot_ws/scorbot/src/scorbot.h:38:42:[m[K [01;31m[Kerror: [m[K‘[01m[KJointState[m[K’ is not a member of ‘[01m[Kscorbot_msgs::msg[m[K’; did you mean ‘[01m[Ksensor_msgs::msg::JointState[m[K’?
[8.969s]    38 |       std::shared_ptr<scorbot_msgs::msg::[01;31m[KJointState[m[K> joint_states_sub;
[8.970s]       |                                          [01;31m[K^~~~~~~~~~[m[K
[8.971s] In file included from [01m[K/home/leon/robotica/scorbotLabo/software_scorbot/scorbot_ws/scorbot/src/scorbot_node.cpp:2[m[K:
[8.971s] [01m[K/home/leon/robotica/scorbotLabo/software_scorbot/scorbot_ws/scorbot/src/scorbot.h:38:42:[m[K [01;31m[Kerror: [m[K‘[01m[KJointState[m[K’ is not a member of ‘[01m[Kscorbot_msgs::msg[m[K’; did you mean ‘[01m[Ksensor_msgs::msg::JointState[m[K’?
[8.971s]    38 |       std::shared_ptr<scorbot_msgs::msg::[01;31m[KJointState[m[K> joint_states_sub;
[8.971s]       |                                          [01;31m[K^~~~~~~~~~[m[K
[8.971s] In file included from [01m[K/opt/ros/humble/include/sensor_msgs/sensor_msgs/msg/joint_state.hpp:7[m[K,
[8.972s]                  from [01m[K/home/leon/robotica/scorbotLabo/software_scorbot/scorbot_ws/scorbot/src/scorbot.h:20[m[K,
[8.972s]                  from [01m[K/home/leon/robotica/scorbotLabo/software_scorbot/scorbot_ws/scorbot/src/scorbot.cpp:1[m[K:
[8.972s] [01m[K/opt/ros/humble/include/sensor_msgs/sensor_msgs/msg/detail/joint_state__struct.hpp:168:7:[m[K [01;36m[Knote: [m[K‘[01m[Ksensor_msgs::msg::JointState[m[K’ declared here
[8.972s]   168 | using [01;36m[KJointState[m[K =
[8.972s]       |       [01;36m[K^~~~~~~~~~[m[K
[8.972s] In file included from [01m[K/home/leon/robotica/scorbotLabo/software_scorbot/scorbot_ws/scorbot/src/scorbot.cpp:1[m[K:
[8.973s] [01m[K/home/leon/robotica/scorbotLabo/software_scorbot/scorbot_ws/scorbot/src/scorbot.h:38:52:[m[K [01;31m[Kerror: [m[Ktemplate argument 1 is invalid
[8.973s]    38 |       std::shared_ptr<scorbot_msgs::msg::JointState[01;31m[K>[m[K joint_states_sub;
[8.973s]       |                                                    [01;31m[K^[m[K
[8.973s] In file included from [01m[K/opt/ros/humble/include/sensor_msgs/sensor_msgs/msg/joint_state.hpp:7[m[K,
[8.973s]                  from [01m[K/home/leon/robotica/scorbotLabo/software_scorbot/scorbot_ws/scorbot/src/scorbot.h:20[m[K,
[8.973s]                  from [01m[K/home/leon/robotica/scorbotLabo/software_scorbot/scorbot_ws/scorbot/src/scorbot_node.cpp:2[m[K:
[8.974s] [01m[K/opt/ros/humble/include/sensor_msgs/sensor_msgs/msg/detail/joint_state__struct.hpp:168:7:[m[K [01;36m[Knote: [m[K‘[01m[Ksensor_msgs::msg::JointState[m[K’ declared here
[8.974s]   168 | using [01;36m[KJointState[m[K =
[8.974s]       |       [01;36m[K^~~~~~~~~~[m[K
[8.974s] In file included from [01m[K/home/leon/robotica/scorbotLabo/software_scorbot/scorbot_ws/scorbot/src/scorbot_node.cpp:2[m[K:
[8.974s] [01m[K/home/leon/robotica/scorbotLabo/software_scorbot/scorbot_ws/scorbot/src/scorbot.h:38:52:[m[K [01;31m[Kerror: [m[Ktemplate argument 1 is invalid
[8.974s]    38 |       std::shared_ptr<scorbot_msgs::msg::JointState[01;31m[K>[m[K joint_states_sub;
[8.974s]       |                                                    [01;31m[K^[m[K
[9.001s] [01m[K/home/leon/robotica/scorbotLabo/software_scorbot/scorbot_ws/scorbot/src/scorbot.h:59:43:[m[K [01;31m[Kerror: [m[K‘[01m[KTimerEvent[m[K’ in namespace ‘[01m[Krclcpp[m[K’ does not name a type
[9.001s]    59 |       void on_control_cycle(const rclcpp::[01;31m[KTimerEvent[m[K& ev);
[9.001s]       |                                           [01;31m[K^~~~~~~~~~[m[K
[9.001s] [01m[K/home/leon/robotica/scorbotLabo/software_scorbot/scorbot_ws/scorbot/src/scorbot.h:64:15:[m[K [01;31m[Kerror: [m[K‘[01m[KTimer[m[K’ in namespace ‘[01m[Krclcpp[m[K’ does not name a type; did you mean ‘[01m[KTime[m[K’?
[9.001s]    64 |       rclcpp::[01;31m[KTimer[m[K control_timer;
[9.001s]       |               [01;31m[K^~~~~[m[K
[9.001s]       |               [32m[KTime[m[K
[9.002s] [01m[K/home/leon/robotica/scorbotLabo/software_scorbot/scorbot_ws/scorbot/src/scorbot.h:59:43:[m[K [01;31m[Kerror: [m[K‘[01m[KTimerEvent[m[K’ in namespace ‘[01m[Krclcpp[m[K’ does not name a type
[9.002s]    59 |       void on_control_cycle(const rclcpp::[01;31m[KTimerEvent[m[K& ev);
[9.002s]       |                                           [01;31m[K^~~~~~~~~~[m[K
[9.002s] [01m[K/home/leon/robotica/scorbotLabo/software_scorbot/scorbot_ws/scorbot/src/scorbot.h:64:15:[m[K [01;31m[Kerror: [m[K‘[01m[KTimer[m[K’ in namespace ‘[01m[Krclcpp[m[K’ does not name a type; did you mean ‘[01m[KTime[m[K’?
[9.002s]    64 |       rclcpp::[01;31m[KTimer[m[K control_timer;
[9.002s]       |               [01;31m[K^~~~~[m[K
[9.002s]       |               [32m[KTime[m[K
[9.101s] [01m[K/home/leon/robotica/scorbotLabo/software_scorbot/scorbot_ws/scorbot/src/scorbot.h:79:7:[m[K [01;31m[Kerror: [m[K‘[01m[Kactionlib_msgs[m[K’ does not name a type
[9.101s]    79 |       [01;31m[Kactionlib_msgs[m[K::msg::GoalID trajectory_goal_id;
[9.102s]       |       [01;31m[K^~~~~~~~~~~~~~[m[K
[9.102s] [01m[K/home/leon/robotica/scorbotLabo/software_scorbot/scorbot_ws/scorbot/src/scorbot.h:79:7:[m[K [01;31m[Kerror: [m[K‘[01m[Kactionlib_msgs[m[K’ does not name a type
[9.102s]    79 |       [01;31m[Kactionlib_msgs[m[K::msg::GoalID trajectory_goal_id;
[9.102s]       |       [01;31m[K^~~~~~~~~~~~~~[m[K
[9.108s] [01m[K/home/leon/robotica/scorbotLabo/software_scorbot/scorbot_ws/scorbot/src/scorbot.h:86:7:[m[K [01;31m[Kerror: [m[K‘[01m[Kcontrol_msgs[m[K’ does not name a type
[9.109s]    86 |       [01;31m[Kcontrol_msgs[m[K::msg::FollowJointTrajectoryActionResult result_msg;
[9.109s]       |       [01;31m[K^~~~~~~~~~~~[m[K
[9.110s] [01m[K/home/leon/robotica/scorbotLabo/software_scorbot/scorbot_ws/scorbot/src/scorbot.h:86:7:[m[K [01;31m[Kerror: [m[K‘[01m[Kcontrol_msgs[m[K’ does not name a type
[9.110s]    86 |       [01;31m[Kcontrol_msgs[m[K::msg::FollowJointTrajectoryActionResult result_msg;
[9.110s]       |       [01;31m[K^~~~~~~~~~~~[m[K
[9.110s] [01m[K/home/leon/robotica/scorbotLabo/software_scorbot/scorbot_ws/scorbot/src/scorbot_node.cpp:[m[K In function ‘[01m[Kint main(int, char**)[m[K’:
[9.111s] [01m[K/home/leon/robotica/scorbotLabo/software_scorbot/scorbot_ws/scorbot/src/scorbot_node.cpp:6:3:[m[K [01;31m[Kerror: [m[K‘[01m[Kros[m[K’ has not been declared
[9.111s]     6 |   [01;31m[Kros[m[K::init(argc, argv, "teleop");
[9.111s]       |   [01;31m[K^~~[m[K
[9.111s] [01m[K/home/leon/robotica/scorbotLabo/software_scorbot/scorbot_ws/scorbot/src/scorbot_node.cpp:7:3:[m[K [01;31m[Kerror: [m[K‘[01m[Kros[m[K’ has not been declared
[9.111s]     7 |   [01;31m[Kros[m[K::NodeHandle n("~");
[9.112s]       |   [01;31m[K^~~[m[K
[9.112s] [01m[K/home/leon/robotica/scorbotLabo/software_scorbot/scorbot_ws/scorbot/src/scorbot.cpp:23:24:[m[K [01;31m[Kerror: [m[Kexpected constructor, destructor, or type conversion before ‘[01m[K([m[K’ token
[9.112s]    23 | scorbot::Teleop::Teleop[01;31m[K([m[Kros::NodeHandle& n)
[9.112s]       |                        [01;31m[K^[m[K
[9.116s] [01m[K/home/leon/robotica/scorbotLabo/software_scorbot/scorbot_ws/scorbot/src/scorbot_node.cpp:8:21:[m[K [01;31m[Kerror: [m[K‘[01m[Kn[m[K’ was not declared in this scope
[9.116s]     8 |   scorbot::Teleop t([01;31m[Kn[m[K);
[9.117s]       |                     [01;31m[K^[m[K
[9.140s] [01m[K/home/leon/robotica/scorbotLabo/software_scorbot/scorbot_ws/scorbot/src/scorbot_node.cpp:9:3:[m[K [01;31m[Kerror: [m[K‘[01m[Kros[m[K’ has not been declared
[9.141s]     9 |   [01;31m[Kros[m[K::spin();
[9.141s]       |   [01;31m[K^~~[m[K
[9.143s] [01m[K/home/leon/robotica/scorbotLabo/software_scorbot/scorbot_ws/scorbot/src/scorbot.cpp:135:43:[m[K [01;31m[Kerror: [m[K‘[01m[Kcontrol_msgs[m[K’ does not name a type
[9.143s]   135 | void scorbot::Teleop::on_trajectory(const [01;31m[Kcontrol_msgs[m[K::FollowJointTrajectoryActionGoalConstPtr& msg)
[9.144s]       |                                           [01;31m[K^~~~~~~~~~~~[m[K
[9.144s] [01m[K/home/leon/robotica/scorbotLabo/software_scorbot/scorbot_ws/scorbot/src/scorbot.cpp:135:96:[m[K [01;31m[Kerror: [m[Kexpected unqualified-id before ‘[01m[K&[m[K’ token
[9.144s]   135 | ctory(const control_msgs::FollowJointTrajectoryActionGoalConstPtr[01;31m[K&[m[K msg)
[9.144s]       |                                                                  [01;31m[K^[m[K
[9.145s] 
[9.158s] [01m[K/home/leon/robotica/scorbotLabo/software_scorbot/scorbot_ws/scorbot/src/scorbot.cpp:135:96:[m[K [01;31m[Kerror: [m[Kexpected ‘[01m[K)[m[K’ before ‘[01m[K&[m[K’ token
[9.158s]   135 | ctory[34m[K([m[Kconst control_msgs::FollowJointTrajectoryActionGoalConstPtr[01;31m[K&[m[K msg)
[9.158s]       |      [34m[K~[m[K                                                           [01;31m[K^[m[K
[9.158s]       |                                                                  [32m[K)[m[K
[9.159s] [01m[K/home/leon/robotica/scorbotLabo/software_scorbot/scorbot_ws/scorbot/src/scorbot.cpp:135:98:[m[K [01;31m[Kerror: [m[Kexpected initializer before ‘[01m[Kmsg[m[K’
[9.159s]   135 | ctory(const control_msgs::FollowJointTrajectoryActionGoalConstPtr& [01;31m[Kmsg[m[K)
[9.159s]       |                                                                    [01;31m[K^~~[m[K
[9.160s] 
[9.163s] [01m[K/home/leon/robotica/scorbotLabo/software_scorbot/scorbot_ws/scorbot/src/scorbot.cpp:[m[K In member function ‘[01m[Kvoid scorbot::Teleop::check_trajectory_progress()[m[K’:
[9.163s] [01m[K/home/leon/robotica/scorbotLabo/software_scorbot/scorbot_ws/scorbot/src/scorbot.cpp:263:9:[m[K [01;31m[Kerror: [m[K‘[01m[Kcontrol_msgs[m[K’ has not been declared
[9.163s]   263 |         [01;31m[Kcontrol_msgs[m[K::FollowJointTrajectoryResult result;
[9.164s]       |         [01;31m[K^~~~~~~~~~~~[m[K
[9.174s] [01m[K/home/leon/robotica/scorbotLabo/software_scorbot/scorbot_ws/scorbot/src/scorbot.cpp:264:9:[m[K [01;31m[Kerror: [m[K‘[01m[Kresult[m[K’ was not declared in this scope
[9.174s]   264 |         [01;31m[Kresult[m[K.error_code = result.SUCCESSFUL;
[9.174s]       |         [01;31m[K^~~~~~[m[K
[9.175s] [01m[K/home/leon/robotica/scorbotLabo/software_scorbot/scorbot_ws/scorbot/src/scorbot.cpp:265:9:[m[K [01;31m[Kerror: [m[K‘[01m[Kcontrol_msgs[m[K’ has not been declared
[9.175s]   265 |         [01;31m[Kcontrol_msgs[m[K::FollowJointTrajectoryActionResult result_msg;
[9.175s]       |         [01;31m[K^~~~~~~~~~~~[m[K
[9.187s] [01m[K/home/leon/robotica/scorbotLabo/software_scorbot/scorbot_ws/scorbot/src/scorbot.cpp:266:9:[m[K [01;31m[Kerror: [m[K‘[01m[Kresult_msg[m[K’ was not declared in this scope
[9.187s]   266 |         [01;31m[Kresult_msg[m[K.result = result;
[9.187s]       |         [01;31m[K^~~~~~~~~~[m[K
[9.188s] [01m[K/home/leon/robotica/scorbotLabo/software_scorbot/scorbot_ws/scorbot/src/scorbot.cpp:268:9:[m[K [01;31m[Kerror: [m[K‘[01m[Kactionlib_msgs[m[K’ has not been declared
[9.188s]   268 |         [01;31m[Kactionlib_msgs[m[K::GoalStatus goal_status;
[9.188s]       |         [01;31m[K^~~~~~~~~~~~~~[m[K
[9.198s] [01m[K/home/leon/robotica/scorbotLabo/software_scorbot/scorbot_ws/scorbot/src/scorbot.cpp:269:9:[m[K [01;31m[Kerror: [m[K‘[01m[Kgoal_status[m[K’ was not declared in this scope; did you mean ‘[01m[Ksi_status[m[K’?
[9.199s]   269 |         [01;31m[Kgoal_status[m[K.status = goal_status.SUCCEEDED;
[9.199s]       |         [01;31m[K^~~~~~~~~~~[m[K
[9.199s]       |         [32m[Ksi_status[m[K
[9.219s] [01m[K/home/leon/robotica/scorbotLabo/software_scorbot/scorbot_ws/scorbot/src/scorbot.cpp:270:31:[m[K [01;31m[Kerror: [m[K‘[01m[Ktrajectory_goal_id[m[K’ was not declared in this scope
[9.220s]   270 |         goal_status.goal_id = [01;31m[Ktrajectory_goal_id[m[K;
[9.221s]       |                               [01;31m[K^~~~~~~~~~~~~~~~~~[m[K
[9.245s] [01m[K/home/leon/robotica/scorbotLabo/software_scorbot/scorbot_ws/scorbot/src/scorbot.cpp:273:9:[m[K [01;31m[Kerror: [m[K‘[01m[Ktrajectory_finished_pub[m[K’ was not declared in this scope
[9.245s]   273 |         [01;31m[Ktrajectory_finished_pub[m[K.publish(result_msg);
[9.246s]       |         [01;31m[K^~~~~~~~~~~~~~~~~~~~~~~[m[K
[9.247s] [01m[K/home/leon/robotica/scorbotLabo/software_scorbot/scorbot_ws/scorbot/src/scorbot.cpp:277:19:[m[K [01;31m[Kerror: [m[K‘[01m[KInt32MultiArray[m[K’ is not a member of ‘[01m[Kstd_msgs[m[K’; did you mean ‘[01m[Kstd_msgs::msg::Int32MultiArray[m[K’?
[9.247s]   277 |         std_msgs::[01;31m[KInt32MultiArray[m[K joint_pos_msg;
[9.247s]       |                   [01;31m[K^~~~~~~~~~~~~~~[m[K
[9.248s] In file included from [01m[K/opt/ros/humble/include/std_msgs/std_msgs/msg/int32_multi_array.hpp:7[m[K,
[9.249s]                  from [01m[K/home/leon/robotica/scorbotLabo/software_scorbot/scorbot_ws/scorbot/src/scorbot.h:16[m[K,
[9.249s]                  from [01m[K/home/leon/robotica/scorbotLabo/software_scorbot/scorbot_ws/scorbot/src/scorbot.cpp:1[m[K:
[9.249s] [01m[K/opt/ros/humble/include/std_msgs/std_msgs/msg/detail/int32_multi_array__struct.hpp:132:7:[m[K [01;36m[Knote: [m[K‘[01m[Kstd_msgs::msg::Int32MultiArray[m[K’ declared here
[9.249s]   132 | using [01;36m[KInt32MultiArray[m[K =
[9.249s]       |       [01;36m[K^~~~~~~~~~~~~~~[m[K
[9.249s] [01m[K/home/leon/robotica/scorbotLabo/software_scorbot/scorbot_ws/scorbot/src/scorbot.cpp:286:29:[m[K [01;31m[Kerror: [m[K‘[01m[Kclass std::shared_ptr<std_msgs::msg::Int32MultiArray_<std::allocator<void> > >[m[K’ has no member named ‘[01m[Kpublish[m[K’
[9.249s]   286 |         joint_pos_array_pub.[01;31m[Kpublish[m[K(joint_pos_msg);
[9.250s]       |                             [01;31m[K^~~~~~~[m[K
[9.250s] [01m[K/home/leon/robotica/scorbotLabo/software_scorbot/scorbot_ws/scorbot/src/scorbot.cpp:301:17:[m[K [01;31m[Kerror: [m[K‘[01m[KInt32MultiArray[m[K’ is not a member of ‘[01m[Kstd_msgs[m[K’; did you mean ‘[01m[Kstd_msgs::msg::Int32MultiArray[m[K’?
[9.250s]   301 |       std_msgs::[01;31m[KInt32MultiArray[m[K joint_pos_msg;
[9.251s]       |                 [01;31m[K^~~~~~~~~~~~~~~[m[K
[9.251s] In file included from [01m[K/opt/ros/humble/include/std_msgs/std_msgs/msg/int32_multi_array.hpp:7[m[K,
[9.251s]                  from [01m[K/home/leon/robotica/scorbotLabo/software_scorbot/scorbot_ws/scorbot/src/scorbot.h:16[m[K,
[9.251s]                  from [01m[K/home/leon/robotica/scorbotLabo/software_scorbot/scorbot_ws/scorbot/src/scorbot.cpp:1[m[K:
[9.251s] [01m[K/opt/ros/humble/include/std_msgs/std_msgs/msg/detail/int32_multi_array__struct.hpp:132:7:[m[K [01;36m[Knote: [m[K‘[01m[Kstd_msgs::msg::Int32MultiArray[m[K’ declared here
[9.251s]   132 | using [01;36m[KInt32MultiArray[m[K =
[9.251s]       |       [01;36m[K^~~~~~~~~~~~~~~[m[K
[9.252s] [01m[K/home/leon/robotica/scorbotLabo/software_scorbot/scorbot_ws/scorbot/src/scorbot.cpp:310:27:[m[K [01;31m[Kerror: [m[K‘[01m[Kclass std::shared_ptr<std_msgs::msg::Int32MultiArray_<std::allocator<void> > >[m[K’ has no member named ‘[01m[Kpublish[m[K’
[9.252s]   310 |       joint_pos_array_pub.[01;31m[Kpublish[m[K(joint_pos_msg);
[9.252s]       |                           [01;31m[K^~~~~~~[m[K
[9.252s] [01m[K/home/leon/robotica/scorbotLabo/software_scorbot/scorbot_ws/scorbot/src/scorbot.cpp:[m[K At global scope:
[9.252s] [01m[K/home/leon/robotica/scorbotLabo/software_scorbot/scorbot_ws/scorbot/src/scorbot.cpp:315:58:[m[K [01;31m[Kerror: [m[K‘[01m[KJointStateConstPtr[m[K’ in namespace ‘[01m[Ksensor_msgs[m[K’ does not name a type
[9.252s]   315 | void scorbot::Teleop::on_joint_states(const sensor_msgs::[01;31m[KJointStateConstPtr[m[K& msg){
[9.253s]       |                                                          [01;31m[K^~~~~~~~~~~~~~~~~~[m[K
[9.257s] [01m[K/home/leon/robotica/scorbotLabo/software_scorbot/scorbot_ws/scorbot/src/scorbot.cpp:315:6:[m[K [01;31m[Kerror: [m[Kno declaration matches ‘[01m[Kvoid scorbot::Teleop::on_joint_states(const int&)[m[K’
[9.257s]   315 | void [01;31m[Kscorbot[m[K::Teleop::on_joint_states(const sensor_msgs::JointStateConstPtr& msg){
[9.257s]       |      [01;31m[K^~~~~~~[m[K
[9.261s] In file included from [01m[K/home/leon/robotica/scorbotLabo/software_scorbot/scorbot_ws/scorbot/src/scorbot.cpp:1[m[K:
[9.261s] [01m[K/home/leon/robotica/scorbotLabo/software_scorbot/scorbot_ws/scorbot/src/scorbot.h:40:12:[m[K [01;36m[Knote: [m[Kcandidate is: ‘[01m[Kvoid scorbot::Teleop::on_joint_states(const JointState&)[m[K’
[9.261s]    40 |       void [01;36m[Kon_joint_states[m[K(const sensor_msgs::msg::JointState& msg);
[9.262s]       |            [01;36m[K^~~~~~~~~~~~~~~[m[K
[9.262s] [01m[K/home/leon/robotica/scorbotLabo/software_scorbot/scorbot_ws/scorbot/src/scorbot.h:32:9:[m[K [01;36m[Knote: [m[K‘[01m[Kclass scorbot::Teleop[m[K’ defined here
[9.262s]    32 |   class [01;36m[KTeleop[m[K
[9.262s]       |         [01;36m[K^~~~~~[m[K
[9.262s] [01m[K/home/leon/robotica/scorbotLabo/software_scorbot/scorbot_ws/scorbot/src/scorbot.cpp:411:52:[m[K [01;31m[Kerror: [m[K‘[01m[KFloat64ConstPtr[m[K’ in namespace ‘[01m[Kstd_msgs[m[K’ does not name a type
[9.262s]   411 | void scorbot::Teleop::on_tolerance(const std_msgs::[01;31m[KFloat64ConstPtr[m[K& msg){
[9.263s]       |                                                    [01;31m[K^~~~~~~~~~~~~~~[m[K
[9.263s] [01m[K/home/leon/robotica/scorbotLabo/software_scorbot/scorbot_ws/scorbot/src/scorbot.cpp:411:6:[m[K [01;31m[Kerror: [m[Kno declaration matches ‘[01m[Kvoid scorbot::Teleop::on_tolerance(const int&)[m[K’
[9.263s]   411 | void [01;31m[Kscorbot[m[K::Teleop::on_tolerance(const std_msgs::Float64ConstPtr& msg){
[9.263s]       |      [01;31m[K^~~~~~~[m[K
[9.263s] In file included from [01m[K/home/leon/robotica/scorbotLabo/software_scorbot/scorbot_ws/scorbot/src/scorbot.cpp:1[m[K:
[9.263s] [01m[K/home/leon/robotica/scorbotLabo/software_scorbot/scorbot_ws/scorbot/src/scorbot.h:47:12:[m[K [01;36m[Knote: [m[Kcandidate is: ‘[01m[Kvoid scorbot::Teleop::on_tolerance(const Float64&)[m[K’
[9.263s]    47 |       void [01;36m[Kon_tolerance[m[K(const std_msgs::msg::Float64& msg);
[9.264s]       |            [01;36m[K^~~~~~~~~~~~[m[K
[9.264s] [01m[K/home/leon/robotica/scorbotLabo/software_scorbot/scorbot_ws/scorbot/src/scorbot.h:32:9:[m[K [01;36m[Knote: [m[K‘[01m[Kclass scorbot::Teleop[m[K’ defined here
[9.264s]    32 |   class [01;36m[KTeleop[m[K
[9.264s]       |         [01;36m[K^~~~~~[m[K
[9.264s] [01m[K/home/leon/robotica/scorbotLabo/software_scorbot/scorbot_ws/scorbot/src/scorbot.cpp:415:51:[m[K [01;31m[Kerror: [m[K‘[01m[KStringConstPtr[m[K’ in namespace ‘[01m[Kstd_msgs[m[K’ does not name a type
[9.264s]   415 | void scorbot::Teleop::on_filename(const std_msgs::[01;31m[KStringConstPtr[m[K& msg){
[9.265s]       |                                                   [01;31m[K^~~~~~~~~~~~~~[m[K
[9.265s] [01m[K/home/leon/robotica/scorbotLabo/software_scorbot/scorbot_ws/scorbot/src/scorbot.cpp:415:6:[m[K [01;31m[Kerror: [m[Kno declaration matches ‘[01m[Kvoid scorbot::Teleop::on_filename(const int&)[m[K’
[9.265s]   415 | void [01;31m[Kscorbot[m[K::Teleop::on_filename(const std_msgs::StringConstPtr& msg){
[9.265s]       |      [01;31m[K^~~~~~~[m[K
[9.265s] In file included from [01m[K/home/leon/robotica/scorbotLabo/software_scorbot/scorbot_ws/scorbot/src/scorbot.cpp:1[m[K:
[9.265s] [01m[K/home/leon/robotica/scorbotLabo/software_scorbot/scorbot_ws/scorbot/src/scorbot.h:48:12:[m[K [01;36m[Knote: [m[Kcandidate is: ‘[01m[Kvoid scorbot::Teleop::on_filename(const String&)[m[K’
[9.265s]    48 |       void [01;36m[Kon_filename[m[K(const std_msgs::msg::String& msg);
[9.266s]       |            [01;36m[K^~~~~~~~~~~[m[K
[9.266s] [01m[K/home/leon/robotica/scorbotLabo/software_scorbot/scorbot_ws/scorbot/src/scorbot.h:32:9:[m[K [01;36m[Knote: [m[K‘[01m[Kclass scorbot::Teleop[m[K’ defined here
[9.266s]    32 |   class [01;36m[KTeleop[m[K
[9.266s]       |         [01;36m[K^~~~~~[m[K
[9.272s] [01m[K/home/leon/robotica/scorbotLabo/software_scorbot/scorbot_ws/scorbot/src/scorbot.cpp:419:41:[m[K [01;31m[Kerror: [m[K‘[01m[Kuniversal_teleop[m[K’ does not name a type
[9.273s]   419 | void scorbot::Teleop::on_controls(const [01;31m[Kuniversal_teleop[m[K::ControlConstPtr& msg)
[9.273s]       |                                         [01;31m[K^~~~~~~~~~~~~~~~[m[K
[9.273s] [01m[K/home/leon/robotica/scorbotLabo/software_scorbot/scorbot_ws/scorbot/src/scorbot.cpp:419:74:[m[K [01;31m[Kerror: [m[Kexpected unqualified-id before ‘[01m[K&[m[K’ token
[9.273s]   419 | rbot::Teleop::on_controls(const universal_teleop::ControlConstPtr[01;31m[K&[m[K msg)
[9.273s]       |                                                                  [01;31m[K^[m[K
[9.273s] 
[9.274s] [01m[K/home/leon/robotica/scorbotLabo/software_scorbot/scorbot_ws/scorbot/src/scorbot.cpp:419:74:[m[K [01;31m[Kerror: [m[Kexpected ‘[01m[K)[m[K’ before ‘[01m[K&[m[K’ token
[9.274s]   419 | rbot::Teleop::on_controls[34m[K([m[Kconst universal_teleop::ControlConstPtr[01;31m[K&[m[K msg)
[9.274s]       |                          [34m[K~[m[K                                       [01;31m[K^[m[K
[9.274s]       |                                                                  [32m[K)[m[K
[9.274s] [01m[K/home/leon/robotica/scorbotLabo/software_scorbot/scorbot_ws/scorbot/src/scorbot.cpp:419:76:[m[K [01;31m[Kerror: [m[Kexpected initializer before ‘[01m[Kmsg[m[K’
[9.274s]   419 | rbot::Teleop::on_controls(const universal_teleop::ControlConstPtr& [01;31m[Kmsg[m[K)
[9.274s]       |                                                                    [01;31m[K^~~[m[K
[9.275s] 
[9.278s] [01m[K/home/leon/robotica/scorbotLabo/software_scorbot/scorbot_ws/scorbot/src/scorbot.cpp:444:39:[m[K [01;31m[Kerror: [m[K‘[01m[Kuniversal_teleop[m[K’ does not name a type
[9.279s]   444 | void scorbot::Teleop::on_events(const [01;31m[Kuniversal_teleop[m[K::EventConstPtr& msg)
[9.279s]       |                                       [01;31m[K^~~~~~~~~~~~~~~~[m[K
[9.279s] [01m[K/home/leon/robotica/scorbotLabo/software_scorbot/scorbot_ws/scorbot/src/scorbot.cpp:444:70:[m[K [01;31m[Kerror: [m[Kexpected unqualified-id before ‘[01m[K&[m[K’ token
[9.279s]   444 |  scorbot::Teleop::on_events(const universal_teleop::EventConstPtr[01;31m[K&[m[K msg)
[9.279s]       |                                                                  [01;31m[K^[m[K
[9.279s] 
[9.280s] [01m[K/home/leon/robotica/scorbotLabo/software_scorbot/scorbot_ws/scorbot/src/scorbot.cpp:444:70:[m[K [01;31m[Kerror: [m[Kexpected ‘[01m[K)[m[K’ before ‘[01m[K&[m[K’ token
[9.280s]   444 |  scorbot::Teleop::on_events[34m[K([m[Kconst universal_teleop::EventConstPtr[01;31m[K&[m[K msg)
[9.280s]       |                            [34m[K~[m[K                                     [01;31m[K^[m[K
[9.280s]       |                                                                  [32m[K)[m[K
[9.280s] [01m[K/home/leon/robotica/scorbotLabo/software_scorbot/scorbot_ws/scorbot/src/scorbot.cpp:444:72:[m[K [01;31m[Kerror: [m[Kexpected initializer before ‘[01m[Kmsg[m[K’
[9.280s]   444 |  scorbot::Teleop::on_events(const universal_teleop::EventConstPtr& [01;31m[Kmsg[m[K)
[9.280s]       |                                                                    [01;31m[K^~~[m[K
[9.281s] 
[9.282s] [01m[K/home/leon/robotica/scorbotLabo/software_scorbot/scorbot_ws/scorbot/src/scorbot.cpp:504:46:[m[K [01;31m[Kerror: [m[K‘[01m[Kros[m[K’ does not name a type
[9.283s]   504 | void scorbot::Teleop::on_control_cycle(const [01;31m[Kros[m[K::TimerEvent& ev)
[9.283s]       |                                              [01;31m[K^~~[m[K
[9.284s] [01m[K/home/leon/robotica/scorbotLabo/software_scorbot/scorbot_ws/scorbot/src/scorbot.cpp:504:61:[m[K [01;31m[Kerror: [m[Kexpected unqualified-id before ‘[01m[K&[m[K’ token
[9.284s]   504 | void scorbot::Teleop::on_control_cycle(const ros::TimerEvent[01;31m[K&[m[K ev)
[9.284s]       |                                                             [01;31m[K^[m[K
[9.285s] [01m[K/home/leon/robotica/scorbotLabo/software_scorbot/scorbot_ws/scorbot/src/scorbot.cpp:504:61:[m[K [01;31m[Kerror: [m[Kexpected ‘[01m[K)[m[K’ before ‘[01m[K&[m[K’ token
[9.285s]   504 | void scorbot::Teleop::on_control_cycle[34m[K([m[Kconst ros::TimerEvent[01;31m[K&[m[K ev)
[9.285s]       |                                       [34m[K~[m[K                     [01;31m[K^[m[K
[9.286s]       |                                                             [32m[K)[m[K
[9.286s] [01m[K/home/leon/robotica/scorbotLabo/software_scorbot/scorbot_ws/scorbot/src/scorbot.cpp:504:63:[m[K [01;31m[Kerror: [m[Kexpected initializer before ‘[01m[Kev[m[K’
[9.286s]   504 | void scorbot::Teleop::on_control_cycle(const ros::TimerEvent& [01;31m[Kev[m[K)
[9.287s]       |                                                               [01;31m[K^~[m[K
[10.002s] gmake[2]: *** [CMakeFiles/scorbot.dir/build.make:90: CMakeFiles/scorbot.dir/src/scorbot_node.cpp.o] Error 1
[10.002s] gmake[2]: *** Waiting for unfinished jobs....
[10.024s] gmake[2]: *** [CMakeFiles/scorbot.dir/build.make:76: CMakeFiles/scorbot.dir/src/scorbot.cpp.o] Error 1
[10.024s] gmake[1]: *** [CMakeFiles/Makefile2:137: CMakeFiles/scorbot.dir/all] Error 2
[10.024s] gmake: *** [Makefile:146: all] Error 2
[10.284s] Invoked command in '/home/leon/robotica/scorbotLabo/software_scorbot/scorbot_ws/build/scorbot' returned '2': AMENT_PREFIX_PATH=/home/leon/robotica/scorbotLabo/software_scorbot/scorbot_ws/install/scorbot_msgs:${AMENT_PREFIX_PATH} CMAKE_PREFIX_PATH=/home/leon/robotica/scorbotLabo/software_scorbot/scorbot_ws/install/scorbot_msgs:/home/leon/robotica/scorbotLabo/universal_teleop/install/universal_teleop:/home/leon/robotica/scorbotLabo/universal_teleop/install/universal_teleop_msgs:/home/leon/robotica/scorbotLabo/universal_teleop/install/keyboard:/home/leon/robotica/scorbotLabo/universal_teleop/install/keyboard_msgs:/home/leon/microros_ws/install/micro_ros_demos_rclc:/home/leon/microros_ws/install/common_interfaces:/home/leon/microros_ws/install/visualization_msgs:/home/leon/microros_ws/install/test_msgs:/home/leon/microros_ws/install/example_interfaces:/home/leon/microros_ws/install/action_msgs:/home/leon/microros_ws/install/unique_identifier_msgs:/home/leon/microros_ws/install/trajectory_msgs:/home/leon/microros_ws/install/stereo_msgs:/home/leon/microros_ws/install/std_srvs:/home/leon/microros_ws/install/shape_msgs:/home/leon/microros_ws/install/sensor_msgs:/home/leon/microros_ws/install/nav_msgs:/home/leon/microros_ws/install/diagnostic_msgs:/home/leon/microros_ws/install/geometry_msgs:/home/leon/microros_ws/install/actionlib_msgs:/home/leon/microros_ws/install/std_msgs:/home/leon/microros_ws/install/statistics_msgs:/home/leon/microros_ws/install/rosidl_typesupport_microxrcedds_test_msg:/home/leon/microros_ws/install/rosidl_typesupport_microxrcedds_cpp_tests:/home/leon/microros_ws/install/rmw_microxrcedds:/home/leon/microros_ws/install/rosidl_typesupport_microxrcedds_cpp:/home/leon/microros_ws/install/rosidl_typesupport_microxrcedds_c_tests:/home/leon/microros_ws/install/rosidl_typesupport_microxrcedds_c:/home/leon/microros_ws/install/rosgraph_msgs:/home/leon/microros_ws/install/rclc_parameter:/home/leon/microros_ws/install/rclc:/home/leon/microros_ws/install/composition_interfaces:/home/leon/microros_ws/install/rcl_interfaces:/home/leon/microros_ws/install/microxrcedds_client:/home/leon/microros_ws/install/microcdr:/home/leon/microros_ws/install/micro_ros_utilities:/home/leon/microros_ws/install/micro_ros_setup:/home/leon/microros_ws/install/micro_ros_agent:/home/leon/microros_ws/install/micro_ros_msgs:/home/leon/microros_ws/install/lifecycle_msgs:/home/leon/microros_ws/install/complex_msgs:/home/leon/microros_ws/install/builtin_interfaces:/home/leon/microros_ws/install/sensor_msgs_py:/opt/ros/humble LD_LIBRARY_PATH=/home/leon/robotica/scorbotLabo/software_scorbot/scorbot_ws/install/scorbot_msgs/lib:${LD_LIBRARY_PATH} PYTHONPATH=/home/leon/robotica/scorbotLabo/software_scorbot/scorbot_ws/install/scorbot_msgs/local/lib/python3.10/dist-packages:${PYTHONPATH} /usr/bin/cmake --build /home/leon/robotica/scorbotLabo/software_scorbot/scorbot_ws/build/scorbot -- -j4 -l4
