[1.874s] DEBUG:colcon:Command line arguments: ['/usr/bin/colcon', 'build']
[1.874s] DEBUG:colcon:Parsed command line arguments: Namespace(log_base=None, log_level=None, verb_name='build', build_base='build', install_base='install', merge_install=False, symlink_install=False, test_result_base=None, continue_on_error=False, executor='parallel', parallel_workers=4, event_handlers=None, ignore_user_meta=False, metas=['./colcon.meta'], base_paths=['.'], packages_ignore=None, packages_ignore_regex=None, paths=None, packages_up_to=None, packages_up_to_regex=None, packages_above=None, packages_above_and_dependencies=None, packages_above_depth=None, packages_select_by_dep=None, packages_skip_by_dep=None, packages_skip_up_to=None, packages_select_build_failed=False, packages_skip_build_finished=False, packages_select_test_failures=False, packages_skip_test_passed=False, packages_select=None, packages_skip=None, packages_select_regex=None, packages_skip_regex=None, packages_start=None, packages_end=None, allow_overriding=[], cmake_args=None, cmake_target=None, cmake_target_skip_unavailable=False, cmake_clean_cache=False, cmake_clean_first=False, cmake_force_configure=False, ament_cmake_args=None, catkin_cmake_args=None, catkin_skip_building_tests=False, verb_parser=<colcon_defaults.argument_parser.defaults.DefaultArgumentsDecorator object at 0x74ede4a5fdc0>, verb_extension=<colcon_core.verb.build.BuildVerb object at 0x74ede4a5f850>, main=<bound method BuildVerb.main of <colcon_core.verb.build.BuildVerb object at 0x74ede4a5f850>>)
[5.323s] Level 1:colcon.colcon_core.package_discovery:discover_packages(colcon_meta) check parameters
[5.324s] Level 1:colcon.colcon_core.package_discovery:discover_packages(recursive) check parameters
[5.324s] Level 1:colcon.colcon_core.package_discovery:discover_packages(ignore) check parameters
[5.324s] Level 1:colcon.colcon_core.package_discovery:discover_packages(path) check parameters
[5.324s] Level 1:colcon.colcon_core.package_discovery:discover_packages(colcon_meta) discover
[5.324s] Level 1:colcon.colcon_core.package_discovery:discover_packages(recursive) discover
[5.325s] INFO:colcon.colcon_core.package_discovery:Crawling recursively for packages in '/home/leon/robotica/scorbotLabo/software_scorbot/scorbot_ws'
[5.325s] Level 1:colcon.colcon_core.package_identification:_identify(.) by extensions ['ignore', 'ignore_ament_install']
[5.325s] Level 1:colcon.colcon_core.package_identification:_identify(.) by extension 'ignore'
[5.325s] Level 1:colcon.colcon_core.package_identification:_identify(.) by extension 'ignore_ament_install'
[5.325s] Level 1:colcon.colcon_core.package_identification:_identify(.) by extensions ['colcon_pkg']
[5.326s] Level 1:colcon.colcon_core.package_identification:_identify(.) by extension 'colcon_pkg'
[5.326s] Level 1:colcon.colcon_core.package_identification:_identify(.) by extensions ['colcon_meta']
[5.326s] Level 1:colcon.colcon_core.package_identification:_identify(.) by extension 'colcon_meta'
[5.326s] Level 1:colcon.colcon_core.package_identification:_identify(.) by extensions ['ros']
[5.326s] Level 1:colcon.colcon_core.package_identification:_identify(.) by extension 'ros'
[5.364s] Level 1:colcon.colcon_core.package_identification:_identify(.) by extensions ['cmake', 'python']
[5.364s] Level 1:colcon.colcon_core.package_identification:_identify(.) by extension 'cmake'
[5.364s] Level 1:colcon.colcon_core.package_identification:_identify(.) by extension 'python'
[5.364s] Level 1:colcon.colcon_core.package_identification:_identify(.) by extensions ['python_setup_py']
[5.364s] Level 1:colcon.colcon_core.package_identification:_identify(.) by extension 'python_setup_py'
[5.364s] Level 1:colcon.colcon_core.package_identification:_identify(build) by extensions ['ignore', 'ignore_ament_install']
[5.365s] Level 1:colcon.colcon_core.package_identification:_identify(build) by extension 'ignore'
[5.365s] Level 1:colcon.colcon_core.package_identification:_identify(build) ignored
[5.365s] Level 1:colcon.colcon_core.package_identification:_identify(install) by extensions ['ignore', 'ignore_ament_install']
[5.365s] Level 1:colcon.colcon_core.package_identification:_identify(install) by extension 'ignore'
[5.365s] Level 1:colcon.colcon_core.package_identification:_identify(install) ignored
[5.365s] Level 1:colcon.colcon_core.package_identification:_identify(log) by extensions ['ignore', 'ignore_ament_install']
[5.366s] Level 1:colcon.colcon_core.package_identification:_identify(log) by extension 'ignore'
[5.366s] Level 1:colcon.colcon_core.package_identification:_identify(log) ignored
[5.366s] Level 1:colcon.colcon_core.package_identification:_identify(scorbot) by extensions ['ignore', 'ignore_ament_install']
[5.366s] Level 1:colcon.colcon_core.package_identification:_identify(scorbot) by extension 'ignore'
[5.366s] Level 1:colcon.colcon_core.package_identification:_identify(scorbot) by extension 'ignore_ament_install'
[5.366s] Level 1:colcon.colcon_core.package_identification:_identify(scorbot) by extensions ['colcon_pkg']
[5.366s] Level 1:colcon.colcon_core.package_identification:_identify(scorbot) by extension 'colcon_pkg'
[5.366s] Level 1:colcon.colcon_core.package_identification:_identify(scorbot) by extensions ['colcon_meta']
[5.366s] Level 1:colcon.colcon_core.package_identification:_identify(scorbot) by extension 'colcon_meta'
[5.367s] Level 1:colcon.colcon_core.package_identification:_identify(scorbot) by extensions ['ros']
[5.367s] Level 1:colcon.colcon_core.package_identification:_identify(scorbot) by extension 'ros'
[5.404s] DEBUG:colcon.colcon_core.package_identification:Package 'scorbot' with type 'ros.ament_cmake' and name 'scorbot'
[5.405s] Level 1:colcon.colcon_core.package_identification:_identify(scorbot_msgs) by extensions ['ignore', 'ignore_ament_install']
[5.405s] Level 1:colcon.colcon_core.package_identification:_identify(scorbot_msgs) by extension 'ignore'
[5.405s] Level 1:colcon.colcon_core.package_identification:_identify(scorbot_msgs) by extension 'ignore_ament_install'
[5.405s] Level 1:colcon.colcon_core.package_identification:_identify(scorbot_msgs) by extensions ['colcon_pkg']
[5.405s] Level 1:colcon.colcon_core.package_identification:_identify(scorbot_msgs) by extension 'colcon_pkg'
[5.405s] Level 1:colcon.colcon_core.package_identification:_identify(scorbot_msgs) by extensions ['colcon_meta']
[5.406s] Level 1:colcon.colcon_core.package_identification:_identify(scorbot_msgs) by extension 'colcon_meta'
[5.406s] Level 1:colcon.colcon_core.package_identification:_identify(scorbot_msgs) by extensions ['ros']
[5.406s] Level 1:colcon.colcon_core.package_identification:_identify(scorbot_msgs) by extension 'ros'
[5.421s] DEBUG:colcon.colcon_core.package_identification:Package 'scorbot_msgs' with type 'ros.ament_cmake' and name 'scorbot_msgs'
[5.421s] Level 1:colcon.colcon_core.package_discovery:discover_packages(recursive) using defaults
[5.422s] Level 1:colcon.colcon_core.package_discovery:discover_packages(ignore) discover
[5.422s] Level 1:colcon.colcon_core.package_discovery:discover_packages(ignore) using defaults
[5.422s] Level 1:colcon.colcon_core.package_discovery:discover_packages(path) discover
[5.422s] Level 1:colcon.colcon_core.package_discovery:discover_packages(path) using defaults
[5.640s] Level 1:colcon.colcon_core.package_discovery:discover_packages(prefix_path) check parameters
[5.640s] Level 1:colcon.colcon_core.package_discovery:discover_packages(prefix_path) discover
[5.924s] DEBUG:colcon.colcon_installed_package_information.package_discovery:Found 4 installed packages in /home/leon/robotica/scorbotLabo/universal_teleop/install
[5.929s] DEBUG:colcon.colcon_installed_package_information.package_discovery:Found 39 installed packages in /home/leon/microros_ws/install
[5.935s] DEBUG:colcon.colcon_installed_package_information.package_discovery:Found 274 installed packages in /opt/ros/humble
[5.945s] Level 1:colcon.colcon_core.package_discovery:discover_packages(prefix_path) using defaults
[6.491s] Level 5:colcon.colcon_core.verb:set package 'scorbot_msgs' build argument 'cmake_args' from command line to 'None'
[6.491s] Level 5:colcon.colcon_core.verb:set package 'scorbot_msgs' build argument 'cmake_target' from command line to 'None'
[6.491s] Level 5:colcon.colcon_core.verb:set package 'scorbot_msgs' build argument 'cmake_target_skip_unavailable' from command line to 'False'
[6.491s] Level 5:colcon.colcon_core.verb:set package 'scorbot_msgs' build argument 'cmake_clean_cache' from command line to 'False'
[6.491s] Level 5:colcon.colcon_core.verb:set package 'scorbot_msgs' build argument 'cmake_clean_first' from command line to 'False'
[6.491s] Level 5:colcon.colcon_core.verb:set package 'scorbot_msgs' build argument 'cmake_force_configure' from command line to 'False'
[6.491s] Level 5:colcon.colcon_core.verb:set package 'scorbot_msgs' build argument 'ament_cmake_args' from command line to 'None'
[6.491s] Level 5:colcon.colcon_core.verb:set package 'scorbot_msgs' build argument 'catkin_cmake_args' from command line to 'None'
[6.491s] Level 5:colcon.colcon_core.verb:set package 'scorbot_msgs' build argument 'catkin_skip_building_tests' from command line to 'False'
[6.491s] DEBUG:colcon.colcon_core.verb:Building package 'scorbot_msgs' with the following arguments: {'ament_cmake_args': None, 'build_base': '/home/leon/robotica/scorbotLabo/software_scorbot/scorbot_ws/build/scorbot_msgs', 'catkin_cmake_args': None, 'catkin_skip_building_tests': False, 'cmake_args': None, 'cmake_clean_cache': False, 'cmake_clean_first': False, 'cmake_force_configure': False, 'cmake_target': None, 'cmake_target_skip_unavailable': False, 'install_base': '/home/leon/robotica/scorbotLabo/software_scorbot/scorbot_ws/install/scorbot_msgs', 'merge_install': False, 'path': '/home/leon/robotica/scorbotLabo/software_scorbot/scorbot_ws/scorbot_msgs', 'symlink_install': False, 'test_result_base': None}
[6.492s] Level 5:colcon.colcon_core.verb:set package 'scorbot' build argument 'cmake_args' from command line to 'None'
[6.492s] Level 5:colcon.colcon_core.verb:set package 'scorbot' build argument 'cmake_target' from command line to 'None'
[6.492s] Level 5:colcon.colcon_core.verb:set package 'scorbot' build argument 'cmake_target_skip_unavailable' from command line to 'False'
[6.492s] Level 5:colcon.colcon_core.verb:set package 'scorbot' build argument 'cmake_clean_cache' from command line to 'False'
[6.492s] Level 5:colcon.colcon_core.verb:set package 'scorbot' build argument 'cmake_clean_first' from command line to 'False'
[6.492s] Level 5:colcon.colcon_core.verb:set package 'scorbot' build argument 'cmake_force_configure' from command line to 'False'
[6.492s] Level 5:colcon.colcon_core.verb:set package 'scorbot' build argument 'ament_cmake_args' from command line to 'None'
[6.492s] Level 5:colcon.colcon_core.verb:set package 'scorbot' build argument 'catkin_cmake_args' from command line to 'None'
[6.493s] Level 5:colcon.colcon_core.verb:set package 'scorbot' build argument 'catkin_skip_building_tests' from command line to 'False'
[6.493s] DEBUG:colcon.colcon_core.verb:Building package 'scorbot' with the following arguments: {'ament_cmake_args': None, 'build_base': '/home/leon/robotica/scorbotLabo/software_scorbot/scorbot_ws/build/scorbot', 'catkin_cmake_args': None, 'catkin_skip_building_tests': False, 'cmake_args': None, 'cmake_clean_cache': False, 'cmake_clean_first': False, 'cmake_force_configure': False, 'cmake_target': None, 'cmake_target_skip_unavailable': False, 'install_base': '/home/leon/robotica/scorbotLabo/software_scorbot/scorbot_ws/install/scorbot', 'merge_install': False, 'path': '/home/leon/robotica/scorbotLabo/software_scorbot/scorbot_ws/scorbot', 'symlink_install': False, 'test_result_base': None}
[6.493s] INFO:colcon.colcon_core.executor:Executing jobs using 'parallel' executor
[6.495s] DEBUG:colcon.colcon_parallel_executor.executor.parallel:run_until_complete
[6.495s] INFO:colcon.colcon_ros.task.ament_cmake.build:Building ROS package in '/home/leon/robotica/scorbotLabo/software_scorbot/scorbot_ws/scorbot_msgs' with build type 'ament_cmake'
[6.495s] INFO:colcon.colcon_cmake.task.cmake.build:Building CMake package in '/home/leon/robotica/scorbotLabo/software_scorbot/scorbot_ws/scorbot_msgs'
[6.549s] INFO:colcon.colcon_core.plugin_system:Skipping extension 'colcon_core.shell.bat': Not used on non-Windows systems
[6.550s] INFO:colcon.colcon_core.shell:Skip shell extension 'powershell' for command environment: Not usable outside of PowerShell
[6.550s] DEBUG:colcon.colcon_core.shell:Skip shell extension 'dsv' for command environment
[6.631s] DEBUG:colcon.colcon_core.event_handler.log_command:Invoking command in '/home/leon/robotica/scorbotLabo/software_scorbot/scorbot_ws/build/scorbot_msgs': CMAKE_PREFIX_PATH=${CMAKE_PREFIX_PATH}:/home/leon/microros_ws/install/sensor_msgs_py:/opt/ros/humble /usr/bin/cmake --build /home/leon/robotica/scorbotLabo/software_scorbot/scorbot_ws/build/scorbot_msgs -- -j4 -l4
[8.151s] DEBUG:colcon.colcon_core.event_handler.log_command:Invoked command in '/home/leon/robotica/scorbotLabo/software_scorbot/scorbot_ws/build/scorbot_msgs' returned '0': CMAKE_PREFIX_PATH=${CMAKE_PREFIX_PATH}:/home/leon/microros_ws/install/sensor_msgs_py:/opt/ros/humble /usr/bin/cmake --build /home/leon/robotica/scorbotLabo/software_scorbot/scorbot_ws/build/scorbot_msgs -- -j4 -l4
[8.194s] DEBUG:colcon.colcon_core.event_handler.log_command:Invoking command in '/home/leon/robotica/scorbotLabo/software_scorbot/scorbot_ws/build/scorbot_msgs': CMAKE_PREFIX_PATH=${CMAKE_PREFIX_PATH}:/home/leon/microros_ws/install/sensor_msgs_py:/opt/ros/humble /usr/bin/cmake --install /home/leon/robotica/scorbotLabo/software_scorbot/scorbot_ws/build/scorbot_msgs
[8.453s] Level 1:colcon.colcon_core.environment:create_environment_scripts_only(scorbot_msgs)
[8.455s] DEBUG:colcon.colcon_core.event_handler.log_command:Invoked command in '/home/leon/robotica/scorbotLabo/software_scorbot/scorbot_ws/build/scorbot_msgs' returned '0': CMAKE_PREFIX_PATH=${CMAKE_PREFIX_PATH}:/home/leon/microros_ws/install/sensor_msgs_py:/opt/ros/humble /usr/bin/cmake --install /home/leon/robotica/scorbotLabo/software_scorbot/scorbot_ws/build/scorbot_msgs
[8.555s] Level 1:colcon.colcon_core.environment:checking '/home/leon/robotica/scorbotLabo/software_scorbot/scorbot_ws/install/scorbot_msgs' for CMake module files
[8.556s] Level 1:colcon.colcon_core.environment:checking '/home/leon/robotica/scorbotLabo/software_scorbot/scorbot_ws/install/scorbot_msgs' for CMake config files
[8.557s] Level 1:colcon.colcon_core.shell:create_environment_hook('scorbot_msgs', 'cmake_prefix_path')
[8.557s] INFO:colcon.colcon_core.shell:Creating environment hook '/home/leon/robotica/scorbotLabo/software_scorbot/scorbot_ws/install/scorbot_msgs/share/scorbot_msgs/hook/cmake_prefix_path.ps1'
[8.573s] INFO:colcon.colcon_core.shell:Creating environment descriptor '/home/leon/robotica/scorbotLabo/software_scorbot/scorbot_ws/install/scorbot_msgs/share/scorbot_msgs/hook/cmake_prefix_path.dsv'
[8.592s] INFO:colcon.colcon_core.shell:Creating environment hook '/home/leon/robotica/scorbotLabo/software_scorbot/scorbot_ws/install/scorbot_msgs/share/scorbot_msgs/hook/cmake_prefix_path.sh'
[8.594s] Level 1:colcon.colcon_core.environment:checking '/home/leon/robotica/scorbotLabo/software_scorbot/scorbot_ws/install/scorbot_msgs/lib'
[8.594s] Level 1:colcon.colcon_core.shell:create_environment_hook('scorbot_msgs', 'ld_library_path_lib')
[8.595s] INFO:colcon.colcon_core.shell:Creating environment hook '/home/leon/robotica/scorbotLabo/software_scorbot/scorbot_ws/install/scorbot_msgs/share/scorbot_msgs/hook/ld_library_path_lib.ps1'
[8.596s] INFO:colcon.colcon_core.shell:Creating environment descriptor '/home/leon/robotica/scorbotLabo/software_scorbot/scorbot_ws/install/scorbot_msgs/share/scorbot_msgs/hook/ld_library_path_lib.dsv'
[8.597s] INFO:colcon.colcon_core.shell:Creating environment hook '/home/leon/robotica/scorbotLabo/software_scorbot/scorbot_ws/install/scorbot_msgs/share/scorbot_msgs/hook/ld_library_path_lib.sh'
[8.598s] Level 1:colcon.colcon_core.environment:checking '/home/leon/robotica/scorbotLabo/software_scorbot/scorbot_ws/install/scorbot_msgs/bin'
[8.598s] Level 1:colcon.colcon_core.environment:checking '/home/leon/robotica/scorbotLabo/software_scorbot/scorbot_ws/install/scorbot_msgs/lib/pkgconfig/scorbot_msgs.pc'
[8.598s] Level 1:colcon.colcon_core.environment:checking '/home/leon/robotica/scorbotLabo/software_scorbot/scorbot_ws/install/scorbot_msgs/lib/python3.10/site-packages'
[8.599s] Level 1:colcon.colcon_core.environment:checking '/home/leon/robotica/scorbotLabo/software_scorbot/scorbot_ws/install/scorbot_msgs/bin'
[8.600s] INFO:colcon.colcon_core.shell:Creating package script '/home/leon/robotica/scorbotLabo/software_scorbot/scorbot_ws/install/scorbot_msgs/share/scorbot_msgs/package.ps1'
[8.603s] INFO:colcon.colcon_core.shell:Creating package descriptor '/home/leon/robotica/scorbotLabo/software_scorbot/scorbot_ws/install/scorbot_msgs/share/scorbot_msgs/package.dsv'
[8.617s] INFO:colcon.colcon_core.shell:Creating package script '/home/leon/robotica/scorbotLabo/software_scorbot/scorbot_ws/install/scorbot_msgs/share/scorbot_msgs/package.sh'
[8.619s] INFO:colcon.colcon_core.shell:Creating package script '/home/leon/robotica/scorbotLabo/software_scorbot/scorbot_ws/install/scorbot_msgs/share/scorbot_msgs/package.bash'
[8.621s] INFO:colcon.colcon_core.shell:Creating package script '/home/leon/robotica/scorbotLabo/software_scorbot/scorbot_ws/install/scorbot_msgs/share/scorbot_msgs/package.zsh'
[8.641s] Level 1:colcon.colcon_core.environment:create_file_with_runtime_dependencies(/home/leon/robotica/scorbotLabo/software_scorbot/scorbot_ws/install/scorbot_msgs/share/colcon-core/packages/scorbot_msgs)
[8.642s] Level 1:colcon.colcon_core.environment:create_environment_scripts_only(scorbot_msgs)
[8.643s] Level 1:colcon.colcon_core.environment:checking '/home/leon/robotica/scorbotLabo/software_scorbot/scorbot_ws/install/scorbot_msgs' for CMake module files
[8.644s] Level 1:colcon.colcon_core.environment:checking '/home/leon/robotica/scorbotLabo/software_scorbot/scorbot_ws/install/scorbot_msgs' for CMake config files
[8.645s] Level 1:colcon.colcon_core.shell:create_environment_hook('scorbot_msgs', 'cmake_prefix_path')
[8.646s] INFO:colcon.colcon_core.shell:Creating environment hook '/home/leon/robotica/scorbotLabo/software_scorbot/scorbot_ws/install/scorbot_msgs/share/scorbot_msgs/hook/cmake_prefix_path.ps1'
[8.647s] INFO:colcon.colcon_core.shell:Creating environment descriptor '/home/leon/robotica/scorbotLabo/software_scorbot/scorbot_ws/install/scorbot_msgs/share/scorbot_msgs/hook/cmake_prefix_path.dsv'
[8.648s] INFO:colcon.colcon_core.shell:Creating environment hook '/home/leon/robotica/scorbotLabo/software_scorbot/scorbot_ws/install/scorbot_msgs/share/scorbot_msgs/hook/cmake_prefix_path.sh'
[8.649s] Level 1:colcon.colcon_core.environment:checking '/home/leon/robotica/scorbotLabo/software_scorbot/scorbot_ws/install/scorbot_msgs/lib'
[8.649s] Level 1:colcon.colcon_core.shell:create_environment_hook('scorbot_msgs', 'ld_library_path_lib')
[8.649s] INFO:colcon.colcon_core.shell:Creating environment hook '/home/leon/robotica/scorbotLabo/software_scorbot/scorbot_ws/install/scorbot_msgs/share/scorbot_msgs/hook/ld_library_path_lib.ps1'
[8.650s] INFO:colcon.colcon_core.shell:Creating environment descriptor '/home/leon/robotica/scorbotLabo/software_scorbot/scorbot_ws/install/scorbot_msgs/share/scorbot_msgs/hook/ld_library_path_lib.dsv'
[8.651s] INFO:colcon.colcon_core.shell:Creating environment hook '/home/leon/robotica/scorbotLabo/software_scorbot/scorbot_ws/install/scorbot_msgs/share/scorbot_msgs/hook/ld_library_path_lib.sh'
[8.651s] Level 1:colcon.colcon_core.environment:checking '/home/leon/robotica/scorbotLabo/software_scorbot/scorbot_ws/install/scorbot_msgs/bin'
[8.651s] Level 1:colcon.colcon_core.environment:checking '/home/leon/robotica/scorbotLabo/software_scorbot/scorbot_ws/install/scorbot_msgs/lib/pkgconfig/scorbot_msgs.pc'
[8.652s] Level 1:colcon.colcon_core.environment:checking '/home/leon/robotica/scorbotLabo/software_scorbot/scorbot_ws/install/scorbot_msgs/lib/python3.10/site-packages'
[8.653s] Level 1:colcon.colcon_core.environment:checking '/home/leon/robotica/scorbotLabo/software_scorbot/scorbot_ws/install/scorbot_msgs/bin'
[8.653s] INFO:colcon.colcon_core.shell:Creating package script '/home/leon/robotica/scorbotLabo/software_scorbot/scorbot_ws/install/scorbot_msgs/share/scorbot_msgs/package.ps1'
[8.655s] INFO:colcon.colcon_core.shell:Creating package descriptor '/home/leon/robotica/scorbotLabo/software_scorbot/scorbot_ws/install/scorbot_msgs/share/scorbot_msgs/package.dsv'
[8.655s] INFO:colcon.colcon_core.shell:Creating package script '/home/leon/robotica/scorbotLabo/software_scorbot/scorbot_ws/install/scorbot_msgs/share/scorbot_msgs/package.sh'
[8.656s] INFO:colcon.colcon_core.shell:Creating package script '/home/leon/robotica/scorbotLabo/software_scorbot/scorbot_ws/install/scorbot_msgs/share/scorbot_msgs/package.bash'
[8.657s] INFO:colcon.colcon_core.shell:Creating package script '/home/leon/robotica/scorbotLabo/software_scorbot/scorbot_ws/install/scorbot_msgs/share/scorbot_msgs/package.zsh'
[8.658s] Level 1:colcon.colcon_core.environment:create_file_with_runtime_dependencies(/home/leon/robotica/scorbotLabo/software_scorbot/scorbot_ws/install/scorbot_msgs/share/colcon-core/packages/scorbot_msgs)
[8.659s] INFO:colcon.colcon_ros.task.ament_cmake.build:Building ROS package in '/home/leon/robotica/scorbotLabo/software_scorbot/scorbot_ws/scorbot' with build type 'ament_cmake'
[8.659s] INFO:colcon.colcon_cmake.task.cmake.build:Building CMake package in '/home/leon/robotica/scorbotLabo/software_scorbot/scorbot_ws/scorbot'
[8.660s] INFO:colcon.colcon_core.shell:Skip shell extension 'powershell' for command environment: Not usable outside of PowerShell
[8.660s] DEBUG:colcon.colcon_core.shell:Skip shell extension 'dsv' for command environment
[8.783s] DEBUG:colcon.colcon_core.event_handler.log_command:Invoking command in '/home/leon/robotica/scorbotLabo/software_scorbot/scorbot_ws/build/scorbot': AMENT_PREFIX_PATH=/home/leon/robotica/scorbotLabo/software_scorbot/scorbot_ws/install/scorbot_msgs:${AMENT_PREFIX_PATH} CMAKE_PREFIX_PATH=/home/leon/robotica/scorbotLabo/software_scorbot/scorbot_ws/install/scorbot_msgs:/home/leon/robotica/scorbotLabo/universal_teleop/install/universal_teleop:/home/leon/robotica/scorbotLabo/universal_teleop/install/universal_teleop_msgs:/home/leon/robotica/scorbotLabo/universal_teleop/install/keyboard:/home/leon/robotica/scorbotLabo/universal_teleop/install/keyboard_msgs:/home/leon/microros_ws/install/micro_ros_demos_rclc:/home/leon/microros_ws/install/common_interfaces:/home/leon/microros_ws/install/visualization_msgs:/home/leon/microros_ws/install/test_msgs:/home/leon/microros_ws/install/example_interfaces:/home/leon/microros_ws/install/action_msgs:/home/leon/microros_ws/install/unique_identifier_msgs:/home/leon/microros_ws/install/trajectory_msgs:/home/leon/microros_ws/install/stereo_msgs:/home/leon/microros_ws/install/std_srvs:/home/leon/microros_ws/install/shape_msgs:/home/leon/microros_ws/install/sensor_msgs:/home/leon/microros_ws/install/nav_msgs:/home/leon/microros_ws/install/diagnostic_msgs:/home/leon/microros_ws/install/geometry_msgs:/home/leon/microros_ws/install/actionlib_msgs:/home/leon/microros_ws/install/std_msgs:/home/leon/microros_ws/install/statistics_msgs:/home/leon/microros_ws/install/rosidl_typesupport_microxrcedds_test_msg:/home/leon/microros_ws/install/rosidl_typesupport_microxrcedds_cpp_tests:/home/leon/microros_ws/install/rmw_microxrcedds:/home/leon/microros_ws/install/rosidl_typesupport_microxrcedds_cpp:/home/leon/microros_ws/install/rosidl_typesupport_microxrcedds_c_tests:/home/leon/microros_ws/install/rosidl_typesupport_microxrcedds_c:/home/leon/microros_ws/install/rosgraph_msgs:/home/leon/microros_ws/install/rclc_parameter:/home/leon/microros_ws/install/rclc:/home/leon/microros_ws/install/composition_interfaces:/home/leon/microros_ws/install/rcl_interfaces:/home/leon/microros_ws/install/microxrcedds_client:/home/leon/microros_ws/install/microcdr:/home/leon/microros_ws/install/micro_ros_utilities:/home/leon/microros_ws/install/micro_ros_setup:/home/leon/microros_ws/install/micro_ros_agent:/home/leon/microros_ws/install/micro_ros_msgs:/home/leon/microros_ws/install/lifecycle_msgs:/home/leon/microros_ws/install/complex_msgs:/home/leon/microros_ws/install/builtin_interfaces:/home/leon/microros_ws/install/sensor_msgs_py:/opt/ros/humble LD_LIBRARY_PATH=/home/leon/robotica/scorbotLabo/software_scorbot/scorbot_ws/install/scorbot_msgs/lib:${LD_LIBRARY_PATH} PYTHONPATH=/home/leon/robotica/scorbotLabo/software_scorbot/scorbot_ws/install/scorbot_msgs/local/lib/python3.10/dist-packages:${PYTHONPATH} /usr/bin/cmake --build /home/leon/robotica/scorbotLabo/software_scorbot/scorbot_ws/build/scorbot -- -j4 -l4
[18.945s] DEBUG:colcon.colcon_core.event_handler.log_command:Invoked command in '/home/leon/robotica/scorbotLabo/software_scorbot/scorbot_ws/build/scorbot' returned '2': AMENT_PREFIX_PATH=/home/leon/robotica/scorbotLabo/software_scorbot/scorbot_ws/install/scorbot_msgs:${AMENT_PREFIX_PATH} CMAKE_PREFIX_PATH=/home/leon/robotica/scorbotLabo/software_scorbot/scorbot_ws/install/scorbot_msgs:/home/leon/robotica/scorbotLabo/universal_teleop/install/universal_teleop:/home/leon/robotica/scorbotLabo/universal_teleop/install/universal_teleop_msgs:/home/leon/robotica/scorbotLabo/universal_teleop/install/keyboard:/home/leon/robotica/scorbotLabo/universal_teleop/install/keyboard_msgs:/home/leon/microros_ws/install/micro_ros_demos_rclc:/home/leon/microros_ws/install/common_interfaces:/home/leon/microros_ws/install/visualization_msgs:/home/leon/microros_ws/install/test_msgs:/home/leon/microros_ws/install/example_interfaces:/home/leon/microros_ws/install/action_msgs:/home/leon/microros_ws/install/unique_identifier_msgs:/home/leon/microros_ws/install/trajectory_msgs:/home/leon/microros_ws/install/stereo_msgs:/home/leon/microros_ws/install/std_srvs:/home/leon/microros_ws/install/shape_msgs:/home/leon/microros_ws/install/sensor_msgs:/home/leon/microros_ws/install/nav_msgs:/home/leon/microros_ws/install/diagnostic_msgs:/home/leon/microros_ws/install/geometry_msgs:/home/leon/microros_ws/install/actionlib_msgs:/home/leon/microros_ws/install/std_msgs:/home/leon/microros_ws/install/statistics_msgs:/home/leon/microros_ws/install/rosidl_typesupport_microxrcedds_test_msg:/home/leon/microros_ws/install/rosidl_typesupport_microxrcedds_cpp_tests:/home/leon/microros_ws/install/rmw_microxrcedds:/home/leon/microros_ws/install/rosidl_typesupport_microxrcedds_cpp:/home/leon/microros_ws/install/rosidl_typesupport_microxrcedds_c_tests:/home/leon/microros_ws/install/rosidl_typesupport_microxrcedds_c:/home/leon/microros_ws/install/rosgraph_msgs:/home/leon/microros_ws/install/rclc_parameter:/home/leon/microros_ws/install/rclc:/home/leon/microros_ws/install/composition_interfaces:/home/leon/microros_ws/install/rcl_interfaces:/home/leon/microros_ws/install/microxrcedds_client:/home/leon/microros_ws/install/microcdr:/home/leon/microros_ws/install/micro_ros_utilities:/home/leon/microros_ws/install/micro_ros_setup:/home/leon/microros_ws/install/micro_ros_agent:/home/leon/microros_ws/install/micro_ros_msgs:/home/leon/microros_ws/install/lifecycle_msgs:/home/leon/microros_ws/install/complex_msgs:/home/leon/microros_ws/install/builtin_interfaces:/home/leon/microros_ws/install/sensor_msgs_py:/opt/ros/humble LD_LIBRARY_PATH=/home/leon/robotica/scorbotLabo/software_scorbot/scorbot_ws/install/scorbot_msgs/lib:${LD_LIBRARY_PATH} PYTHONPATH=/home/leon/robotica/scorbotLabo/software_scorbot/scorbot_ws/install/scorbot_msgs/local/lib/python3.10/dist-packages:${PYTHONPATH} /usr/bin/cmake --build /home/leon/robotica/scorbotLabo/software_scorbot/scorbot_ws/build/scorbot -- -j4 -l4
[19.005s] Level 1:colcon.colcon_core.environment:create_environment_scripts_only(scorbot)
[19.006s] Level 1:colcon.colcon_core.environment:checking '/home/leon/robotica/scorbotLabo/software_scorbot/scorbot_ws/install/scorbot' for CMake module files
[19.011s] Level 1:colcon.colcon_core.environment:checking '/home/leon/robotica/scorbotLabo/software_scorbot/scorbot_ws/install/scorbot' for CMake config files
[19.013s] Level 1:colcon.colcon_core.shell:create_environment_hook('scorbot', 'cmake_prefix_path')
[19.014s] INFO:colcon.colcon_core.shell:Creating environment hook '/home/leon/robotica/scorbotLabo/software_scorbot/scorbot_ws/install/scorbot/share/scorbot/hook/cmake_prefix_path.ps1'
[19.015s] INFO:colcon.colcon_core.shell:Creating environment descriptor '/home/leon/robotica/scorbotLabo/software_scorbot/scorbot_ws/install/scorbot/share/scorbot/hook/cmake_prefix_path.dsv'
[19.016s] INFO:colcon.colcon_core.shell:Creating environment hook '/home/leon/robotica/scorbotLabo/software_scorbot/scorbot_ws/install/scorbot/share/scorbot/hook/cmake_prefix_path.sh'
[19.017s] Level 1:colcon.colcon_core.environment:checking '/home/leon/robotica/scorbotLabo/software_scorbot/scorbot_ws/install/scorbot/lib'
[19.017s] Level 1:colcon.colcon_core.environment:checking '/home/leon/robotica/scorbotLabo/software_scorbot/scorbot_ws/install/scorbot/bin'
[19.017s] Level 1:colcon.colcon_core.environment:checking '/home/leon/robotica/scorbotLabo/software_scorbot/scorbot_ws/install/scorbot/lib/pkgconfig/scorbot.pc'
[19.018s] Level 1:colcon.colcon_core.environment:checking '/home/leon/robotica/scorbotLabo/software_scorbot/scorbot_ws/install/scorbot/lib/python3.10/site-packages'
[19.019s] Level 1:colcon.colcon_core.environment:checking '/home/leon/robotica/scorbotLabo/software_scorbot/scorbot_ws/install/scorbot/bin'
[19.020s] INFO:colcon.colcon_core.shell:Creating package script '/home/leon/robotica/scorbotLabo/software_scorbot/scorbot_ws/install/scorbot/share/scorbot/package.ps1'
[19.021s] INFO:colcon.colcon_core.shell:Creating package descriptor '/home/leon/robotica/scorbotLabo/software_scorbot/scorbot_ws/install/scorbot/share/scorbot/package.dsv'
[19.022s] INFO:colcon.colcon_core.shell:Creating package script '/home/leon/robotica/scorbotLabo/software_scorbot/scorbot_ws/install/scorbot/share/scorbot/package.sh'
[19.023s] INFO:colcon.colcon_core.shell:Creating package script '/home/leon/robotica/scorbotLabo/software_scorbot/scorbot_ws/install/scorbot/share/scorbot/package.bash'
[19.025s] INFO:colcon.colcon_core.shell:Creating package script '/home/leon/robotica/scorbotLabo/software_scorbot/scorbot_ws/install/scorbot/share/scorbot/package.zsh'
[19.026s] Level 1:colcon.colcon_core.environment:create_file_with_runtime_dependencies(/home/leon/robotica/scorbotLabo/software_scorbot/scorbot_ws/install/scorbot/share/colcon-core/packages/scorbot)
[19.037s] DEBUG:colcon.colcon_parallel_executor.executor.parallel:closing loop
[19.037s] DEBUG:colcon.colcon_parallel_executor.executor.parallel:loop closed
[19.037s] DEBUG:colcon.colcon_parallel_executor.executor.parallel:run_until_complete finished with '2'
[19.037s] DEBUG:colcon.colcon_core.event_reactor:joining thread
[19.210s] INFO:colcon.colcon_core.plugin_system:Skipping extension 'colcon_notification.desktop_notification.terminal_notifier': Not used on non-Darwin systems
[19.210s] INFO:colcon.colcon_core.plugin_system:Skipping extension 'colcon_notification.desktop_notification.win32': Not used on non-Windows systems
[19.210s] INFO:colcon.colcon_notification.desktop_notification:Sending desktop notification using 'notify2'
[19.263s] DEBUG:colcon.colcon_core.event_reactor:joined thread
[19.263s] INFO:colcon.colcon_core.shell:Creating prefix script '/home/leon/robotica/scorbotLabo/software_scorbot/scorbot_ws/install/local_setup.ps1'
[19.282s] INFO:colcon.colcon_core.shell:Creating prefix util module '/home/leon/robotica/scorbotLabo/software_scorbot/scorbot_ws/install/_local_setup_util_ps1.py'
[19.320s] INFO:colcon.colcon_core.shell:Creating prefix chain script '/home/leon/robotica/scorbotLabo/software_scorbot/scorbot_ws/install/setup.ps1'
[19.332s] INFO:colcon.colcon_core.shell:Creating prefix script '/home/leon/robotica/scorbotLabo/software_scorbot/scorbot_ws/install/local_setup.sh'
[19.333s] INFO:colcon.colcon_core.shell:Creating prefix util module '/home/leon/robotica/scorbotLabo/software_scorbot/scorbot_ws/install/_local_setup_util_sh.py'
[19.334s] INFO:colcon.colcon_core.shell:Creating prefix chain script '/home/leon/robotica/scorbotLabo/software_scorbot/scorbot_ws/install/setup.sh'
[19.340s] INFO:colcon.colcon_core.shell:Creating prefix script '/home/leon/robotica/scorbotLabo/software_scorbot/scorbot_ws/install/local_setup.bash'
[19.341s] INFO:colcon.colcon_core.shell:Creating prefix chain script '/home/leon/robotica/scorbotLabo/software_scorbot/scorbot_ws/install/setup.bash'
[19.346s] INFO:colcon.colcon_core.shell:Creating prefix script '/home/leon/robotica/scorbotLabo/software_scorbot/scorbot_ws/install/local_setup.zsh'
[19.365s] INFO:colcon.colcon_core.shell:Creating prefix chain script '/home/leon/robotica/scorbotLabo/software_scorbot/scorbot_ws/install/setup.zsh'
