[0.031s] Invoking command in '/home/leon/robotica/scorbotLabo/software_scorbot/scorbot_ws/build/scorbot_msgs': CMAKE_PREFIX_PATH=${CMAKE_PREFIX_PATH}:/home/leon/microros_ws/install/sensor_msgs_py:/opt/ros/humble /usr/bin/cmake --build /home/leon/robotica/scorbotLabo/software_scorbot/scorbot_ws/build/scorbot_msgs -- -j4 -l4
[0.146s] [  1%] Built target scorbot_msgs__rs
[0.150s] [  3%] Built target scorbot_msgs__cpp
[0.167s] [ 11%] Built target scorbot_msgs__rosidl_generator_c
[0.176s] [ 11%] Built target ament_cmake_python_copy_scorbot_msgs
[0.212s] [ 20%] Built target scorbot_msgs__rosidl_typesupport_fastrtps_cpp
[0.220s] [ 28%] Built target scorbot_msgs__rosidl_typesupport_introspection_cpp
[0.228s] [ 36%] Built target scorbot_msgs__rosidl_typesupport_microxrcedds_cpp
[0.234s] [ 45%] Built target scorbot_msgs__rosidl_typesupport_cpp
[0.277s] [ 53%] Built target scorbot_msgs__rosidl_typesupport_microxrcedds_c
[0.284s] [ 61%] Built target scorbot_msgs__rosidl_typesupport_introspection_c
[0.284s] [ 70%] Built target scorbot_msgs__rosidl_typesupport_fastrtps_c
[0.320s] [ 78%] Built target scorbot_msgs__rosidl_typesupport_c
[0.363s] [ 78%] Built target scorbot_msgs
[0.402s] [ 80%] Built target scorbot_msgs__py
[0.445s] [ 86%] Built target scorbot_msgs__rosidl_generator_py
[0.493s] [ 90%] Built target scorbot_msgs__rosidl_typesupport_fastrtps_c__pyext
[0.494s] [ 93%] Built target scorbot_msgs__rosidl_typesupport_introspection_c__pyext
[0.511s] [ 96%] Built target scorbot_msgs__rosidl_typesupport_microxrcedds_c__pyext
[0.537s] [100%] Built target scorbot_msgs__rosidl_typesupport_c__pyext
[0.700s] running egg_info
[0.702s] writing scorbot_msgs.egg-info/PKG-INFO
[0.702s] writing dependency_links to scorbot_msgs.egg-info/dependency_links.txt
[0.703s] writing top-level names to scorbot_msgs.egg-info/top_level.txt
[0.706s] reading manifest file 'scorbot_msgs.egg-info/SOURCES.txt'
[0.707s] writing manifest file 'scorbot_msgs.egg-info/SOURCES.txt'
[0.765s] [100%] Built target ament_cmake_python_build_scorbot_msgs_egg
[0.785s] Invoked command in '/home/leon/robotica/scorbotLabo/software_scorbot/scorbot_ws/build/scorbot_msgs' returned '0': CMAKE_PREFIX_PATH=${CMAKE_PREFIX_PATH}:/home/leon/microros_ws/install/sensor_msgs_py:/opt/ros/humble /usr/bin/cmake --build /home/leon/robotica/scorbotLabo/software_scorbot/scorbot_ws/build/scorbot_msgs -- -j4 -l4
[0.803s] Invoking command in '/home/leon/robotica/scorbotLabo/software_scorbot/scorbot_ws/build/scorbot_msgs': CMAKE_PREFIX_PATH=${CMAKE_PREFIX_PATH}:/home/leon/microros_ws/install/sensor_msgs_py:/opt/ros/humble /usr/bin/cmake --install /home/leon/robotica/scorbotLabo/software_scorbot/scorbot_ws/build/scorbot_msgs
[0.817s] -- Install configuration: ""
[0.818s] -- Up-to-date: /home/leon/robotica/scorbotLabo/software_scorbot/scorbot_ws/install/scorbot_msgs/share/ament_index/resource_index/rosidl_interfaces/scorbot_msgs
[0.818s] -- Up-to-date: /home/leon/robotica/scorbotLabo/software_scorbot/scorbot_ws/install/scorbot_msgs/include/scorbot_msgs/scorbot_msgs
[0.818s] -- Up-to-date: /home/leon/robotica/scorbotLabo/software_scorbot/scorbot_ws/install/scorbot_msgs/include/scorbot_msgs/scorbot_msgs/msg
[0.818s] -- Up-to-date: /home/leon/robotica/scorbotLabo/software_scorbot/scorbot_ws/install/scorbot_msgs/include/scorbot_msgs/scorbot_msgs/msg/joint_trajectory.h
[0.819s] -- Up-to-date: /home/leon/robotica/scorbotLabo/software_scorbot/scorbot_ws/install/scorbot_msgs/include/scorbot_msgs/scorbot_msgs/msg/detail
[0.819s] -- Up-to-date: /home/leon/robotica/scorbotLabo/software_scorbot/scorbot_ws/install/scorbot_msgs/include/scorbot_msgs/scorbot_msgs/msg/detail/trajectory_point__functions.h
[0.819s] -- Up-to-date: /home/leon/robotica/scorbotLabo/software_scorbot/scorbot_ws/install/scorbot_msgs/include/scorbot_msgs/scorbot_msgs/msg/detail/trajectory_point__type_support.h
[0.819s] -- Up-to-date: /home/leon/robotica/scorbotLabo/software_scorbot/scorbot_ws/install/scorbot_msgs/include/scorbot_msgs/scorbot_msgs/msg/detail/joint_velocities__struct.h
[0.819s] -- Up-to-date: /home/leon/robotica/scorbotLabo/software_scorbot/scorbot_ws/install/scorbot_msgs/include/scorbot_msgs/scorbot_msgs/msg/detail/joint_trajectory__functions.h
[0.819s] -- Up-to-date: /home/leon/robotica/scorbotLabo/software_scorbot/scorbot_ws/install/scorbot_msgs/include/scorbot_msgs/scorbot_msgs/msg/detail/joint_trajectory__type_support.h
[0.819s] -- Up-to-date: /home/leon/robotica/scorbotLabo/software_scorbot/scorbot_ws/install/scorbot_msgs/include/scorbot_msgs/scorbot_msgs/msg/detail/trajectory_point__struct.h
[0.820s] -- Up-to-date: /home/leon/robotica/scorbotLabo/software_scorbot/scorbot_ws/install/scorbot_msgs/include/scorbot_msgs/scorbot_msgs/msg/detail/joint_velocities__functions.h
[0.820s] -- Up-to-date: /home/leon/robotica/scorbotLabo/software_scorbot/scorbot_ws/install/scorbot_msgs/include/scorbot_msgs/scorbot_msgs/msg/detail/joint_velocities__functions.c
[0.820s] -- Up-to-date: /home/leon/robotica/scorbotLabo/software_scorbot/scorbot_ws/install/scorbot_msgs/include/scorbot_msgs/scorbot_msgs/msg/detail/joint_trajectory__struct.h
[0.820s] -- Up-to-date: /home/leon/robotica/scorbotLabo/software_scorbot/scorbot_ws/install/scorbot_msgs/include/scorbot_msgs/scorbot_msgs/msg/detail/joint_trajectory__functions.c
[0.820s] -- Up-to-date: /home/leon/robotica/scorbotLabo/software_scorbot/scorbot_ws/install/scorbot_msgs/include/scorbot_msgs/scorbot_msgs/msg/detail/trajectory_point__functions.c
[0.820s] -- Up-to-date: /home/leon/robotica/scorbotLabo/software_scorbot/scorbot_ws/install/scorbot_msgs/include/scorbot_msgs/scorbot_msgs/msg/detail/joint_velocities__type_support.h
[0.820s] -- Up-to-date: /home/leon/robotica/scorbotLabo/software_scorbot/scorbot_ws/install/scorbot_msgs/include/scorbot_msgs/scorbot_msgs/msg/joint_velocities.h
[0.820s] -- Up-to-date: /home/leon/robotica/scorbotLabo/software_scorbot/scorbot_ws/install/scorbot_msgs/include/scorbot_msgs/scorbot_msgs/msg/trajectory_point.h
[0.821s] -- Up-to-date: /home/leon/robotica/scorbotLabo/software_scorbot/scorbot_ws/install/scorbot_msgs/include/scorbot_msgs/scorbot_msgs/msg/rosidl_generator_c__visibility_control.h
[0.821s] -- Up-to-date: /home/leon/robotica/scorbotLabo/software_scorbot/scorbot_ws/install/scorbot_msgs/share/scorbot_msgs/environment/library_path.sh
[0.821s] -- Up-to-date: /home/leon/robotica/scorbotLabo/software_scorbot/scorbot_ws/install/scorbot_msgs/share/scorbot_msgs/environment/library_path.dsv
[0.821s] -- Up-to-date: /home/leon/robotica/scorbotLabo/software_scorbot/scorbot_ws/install/scorbot_msgs/lib/libscorbot_msgs__rosidl_generator_c.so
[0.823s] -- Up-to-date: /home/leon/robotica/scorbotLabo/software_scorbot/scorbot_ws/install/scorbot_msgs/include/scorbot_msgs/scorbot_msgs
[0.823s] -- Up-to-date: /home/leon/robotica/scorbotLabo/software_scorbot/scorbot_ws/install/scorbot_msgs/include/scorbot_msgs/scorbot_msgs/msg
[0.823s] -- Up-to-date: /home/leon/robotica/scorbotLabo/software_scorbot/scorbot_ws/install/scorbot_msgs/include/scorbot_msgs/scorbot_msgs/msg/detail
[0.823s] -- Up-to-date: /home/leon/robotica/scorbotLabo/software_scorbot/scorbot_ws/install/scorbot_msgs/include/scorbot_msgs/scorbot_msgs/msg/detail/microxrcedds
[0.823s] -- Up-to-date: /home/leon/robotica/scorbotLabo/software_scorbot/scorbot_ws/install/scorbot_msgs/include/scorbot_msgs/scorbot_msgs/msg/detail/joint_velocities__rosidl_typesupport_microxrcedds_c.h
[0.823s] -- Up-to-date: /home/leon/robotica/scorbotLabo/software_scorbot/scorbot_ws/install/scorbot_msgs/include/scorbot_msgs/scorbot_msgs/msg/detail/joint_trajectory__rosidl_typesupport_microxrcedds_c.h
[0.824s] -- Up-to-date: /home/leon/robotica/scorbotLabo/software_scorbot/scorbot_ws/install/scorbot_msgs/include/scorbot_msgs/scorbot_msgs/msg/detail/trajectory_point__rosidl_typesupport_microxrcedds_c.h
[0.824s] -- Up-to-date: /home/leon/robotica/scorbotLabo/software_scorbot/scorbot_ws/install/scorbot_msgs/include/scorbot_msgs/scorbot_msgs/msg/rosidl_typesupport_microxrcedds_c__visibility_control.h
[0.824s] -- Up-to-date: /home/leon/robotica/scorbotLabo/software_scorbot/scorbot_ws/install/scorbot_msgs/lib/libscorbot_msgs__rosidl_typesupport_microxrcedds_c.so
[0.824s] -- Up-to-date: /home/leon/robotica/scorbotLabo/software_scorbot/scorbot_ws/install/scorbot_msgs/include/scorbot_msgs/scorbot_msgs
[0.824s] -- Up-to-date: /home/leon/robotica/scorbotLabo/software_scorbot/scorbot_ws/install/scorbot_msgs/include/scorbot_msgs/scorbot_msgs/msg
[0.824s] -- Up-to-date: /home/leon/robotica/scorbotLabo/software_scorbot/scorbot_ws/install/scorbot_msgs/include/scorbot_msgs/scorbot_msgs/msg/rosidl_typesupport_fastrtps_c__visibility_control.h
[0.824s] -- Up-to-date: /home/leon/robotica/scorbotLabo/software_scorbot/scorbot_ws/install/scorbot_msgs/include/scorbot_msgs/scorbot_msgs/msg/detail
[0.824s] -- Up-to-date: /home/leon/robotica/scorbotLabo/software_scorbot/scorbot_ws/install/scorbot_msgs/include/scorbot_msgs/scorbot_msgs/msg/detail/trajectory_point__rosidl_typesupport_fastrtps_c.h
[0.825s] -- Up-to-date: /home/leon/robotica/scorbotLabo/software_scorbot/scorbot_ws/install/scorbot_msgs/include/scorbot_msgs/scorbot_msgs/msg/detail/joint_velocities__rosidl_typesupport_fastrtps_c.h
[0.825s] -- Up-to-date: /home/leon/robotica/scorbotLabo/software_scorbot/scorbot_ws/install/scorbot_msgs/include/scorbot_msgs/scorbot_msgs/msg/detail/joint_trajectory__rosidl_typesupport_fastrtps_c.h
[0.825s] -- Up-to-date: /home/leon/robotica/scorbotLabo/software_scorbot/scorbot_ws/install/scorbot_msgs/lib/libscorbot_msgs__rosidl_typesupport_fastrtps_c.so
[0.829s] -- Up-to-date: /home/leon/robotica/scorbotLabo/software_scorbot/scorbot_ws/install/scorbot_msgs/include/scorbot_msgs/scorbot_msgs
[0.829s] -- Up-to-date: /home/leon/robotica/scorbotLabo/software_scorbot/scorbot_ws/install/scorbot_msgs/include/scorbot_msgs/scorbot_msgs/msg
[0.829s] -- Up-to-date: /home/leon/robotica/scorbotLabo/software_scorbot/scorbot_ws/install/scorbot_msgs/include/scorbot_msgs/scorbot_msgs/msg/rosidl_typesupport_introspection_c__visibility_control.h
[0.830s] -- Up-to-date: /home/leon/robotica/scorbotLabo/software_scorbot/scorbot_ws/install/scorbot_msgs/include/scorbot_msgs/scorbot_msgs/msg/detail
[0.830s] -- Up-to-date: /home/leon/robotica/scorbotLabo/software_scorbot/scorbot_ws/install/scorbot_msgs/include/scorbot_msgs/scorbot_msgs/msg/detail/joint_velocities__type_support.c
[0.830s] -- Up-to-date: /home/leon/robotica/scorbotLabo/software_scorbot/scorbot_ws/install/scorbot_msgs/include/scorbot_msgs/scorbot_msgs/msg/detail/trajectory_point__rosidl_typesupport_introspection_c.h
[0.830s] -- Up-to-date: /home/leon/robotica/scorbotLabo/software_scorbot/scorbot_ws/install/scorbot_msgs/include/scorbot_msgs/scorbot_msgs/msg/detail/trajectory_point__type_support.c
[0.830s] -- Up-to-date: /home/leon/robotica/scorbotLabo/software_scorbot/scorbot_ws/install/scorbot_msgs/include/scorbot_msgs/scorbot_msgs/msg/detail/joint_trajectory__type_support.c
[0.830s] -- Up-to-date: /home/leon/robotica/scorbotLabo/software_scorbot/scorbot_ws/install/scorbot_msgs/include/scorbot_msgs/scorbot_msgs/msg/detail/joint_trajectory__rosidl_typesupport_introspection_c.h
[0.830s] -- Up-to-date: /home/leon/robotica/scorbotLabo/software_scorbot/scorbot_ws/install/scorbot_msgs/include/scorbot_msgs/scorbot_msgs/msg/detail/joint_velocities__rosidl_typesupport_introspection_c.h
[0.830s] -- Up-to-date: /home/leon/robotica/scorbotLabo/software_scorbot/scorbot_ws/install/scorbot_msgs/lib/libscorbot_msgs__rosidl_typesupport_introspection_c.so
[0.831s] -- Up-to-date: /home/leon/robotica/scorbotLabo/software_scorbot/scorbot_ws/install/scorbot_msgs/lib/libscorbot_msgs__rosidl_typesupport_c.so
[0.831s] -- Up-to-date: /home/leon/robotica/scorbotLabo/software_scorbot/scorbot_ws/install/scorbot_msgs/include/scorbot_msgs/scorbot_msgs
[0.831s] -- Up-to-date: /home/leon/robotica/scorbotLabo/software_scorbot/scorbot_ws/install/scorbot_msgs/include/scorbot_msgs/scorbot_msgs/msg
[0.831s] -- Up-to-date: /home/leon/robotica/scorbotLabo/software_scorbot/scorbot_ws/install/scorbot_msgs/include/scorbot_msgs/scorbot_msgs/msg/rosidl_generator_cpp__visibility_control.hpp
[0.833s] -- Up-to-date: /home/leon/robotica/scorbotLabo/software_scorbot/scorbot_ws/install/scorbot_msgs/include/scorbot_msgs/scorbot_msgs/msg/trajectory_point.hpp
[0.833s] -- Up-to-date: /home/leon/robotica/scorbotLabo/software_scorbot/scorbot_ws/install/scorbot_msgs/include/scorbot_msgs/scorbot_msgs/msg/detail
[0.833s] -- Up-to-date: /home/leon/robotica/scorbotLabo/software_scorbot/scorbot_ws/install/scorbot_msgs/include/scorbot_msgs/scorbot_msgs/msg/detail/trajectory_point__builder.hpp
[0.833s] -- Up-to-date: /home/leon/robotica/scorbotLabo/software_scorbot/scorbot_ws/install/scorbot_msgs/include/scorbot_msgs/scorbot_msgs/msg/detail/joint_velocities__builder.hpp
[0.833s] -- Up-to-date: /home/leon/robotica/scorbotLabo/software_scorbot/scorbot_ws/install/scorbot_msgs/include/scorbot_msgs/scorbot_msgs/msg/detail/joint_trajectory__struct.hpp
[0.833s] -- Up-to-date: /home/leon/robotica/scorbotLabo/software_scorbot/scorbot_ws/install/scorbot_msgs/include/scorbot_msgs/scorbot_msgs/msg/detail/joint_trajectory__traits.hpp
[0.833s] -- Up-to-date: /home/leon/robotica/scorbotLabo/software_scorbot/scorbot_ws/install/scorbot_msgs/include/scorbot_msgs/scorbot_msgs/msg/detail/joint_velocities__traits.hpp
[0.834s] -- Up-to-date: /home/leon/robotica/scorbotLabo/software_scorbot/scorbot_ws/install/scorbot_msgs/include/scorbot_msgs/scorbot_msgs/msg/detail/joint_velocities__struct.hpp
[0.834s] -- Up-to-date: /home/leon/robotica/scorbotLabo/software_scorbot/scorbot_ws/install/scorbot_msgs/include/scorbot_msgs/scorbot_msgs/msg/detail/trajectory_point__type_support.hpp
[0.834s] -- Up-to-date: /home/leon/robotica/scorbotLabo/software_scorbot/scorbot_ws/install/scorbot_msgs/include/scorbot_msgs/scorbot_msgs/msg/detail/joint_velocities__type_support.hpp
[0.834s] -- Up-to-date: /home/leon/robotica/scorbotLabo/software_scorbot/scorbot_ws/install/scorbot_msgs/include/scorbot_msgs/scorbot_msgs/msg/detail/trajectory_point__traits.hpp
[0.834s] -- Up-to-date: /home/leon/robotica/scorbotLabo/software_scorbot/scorbot_ws/install/scorbot_msgs/include/scorbot_msgs/scorbot_msgs/msg/detail/joint_trajectory__builder.hpp
[0.834s] -- Up-to-date: /home/leon/robotica/scorbotLabo/software_scorbot/scorbot_ws/install/scorbot_msgs/include/scorbot_msgs/scorbot_msgs/msg/detail/joint_trajectory__type_support.hpp
[0.834s] -- Up-to-date: /home/leon/robotica/scorbotLabo/software_scorbot/scorbot_ws/install/scorbot_msgs/include/scorbot_msgs/scorbot_msgs/msg/detail/trajectory_point__struct.hpp
[0.834s] -- Up-to-date: /home/leon/robotica/scorbotLabo/software_scorbot/scorbot_ws/install/scorbot_msgs/include/scorbot_msgs/scorbot_msgs/msg/joint_trajectory.hpp
[0.835s] -- Up-to-date: /home/leon/robotica/scorbotLabo/software_scorbot/scorbot_ws/install/scorbot_msgs/include/scorbot_msgs/scorbot_msgs/msg/joint_velocities.hpp
[0.835s] -- Up-to-date: /home/leon/robotica/scorbotLabo/software_scorbot/scorbot_ws/install/scorbot_msgs/include/scorbot_msgs/scorbot_msgs
[0.835s] -- Up-to-date: /home/leon/robotica/scorbotLabo/software_scorbot/scorbot_ws/install/scorbot_msgs/include/scorbot_msgs/scorbot_msgs/msg
[0.835s] -- Up-to-date: /home/leon/robotica/scorbotLabo/software_scorbot/scorbot_ws/install/scorbot_msgs/include/scorbot_msgs/scorbot_msgs/msg/rosidl_typesupport_microxrcedds_cpp__visibility_control.h
[0.835s] -- Up-to-date: /home/leon/robotica/scorbotLabo/software_scorbot/scorbot_ws/install/scorbot_msgs/include/scorbot_msgs/scorbot_msgs/msg/detail
[0.835s] -- Up-to-date: /home/leon/robotica/scorbotLabo/software_scorbot/scorbot_ws/install/scorbot_msgs/include/scorbot_msgs/scorbot_msgs/msg/detail/joint_trajectory__rosidl_typesupport_microxrcedds_cpp.hpp
[0.835s] -- Up-to-date: /home/leon/robotica/scorbotLabo/software_scorbot/scorbot_ws/install/scorbot_msgs/include/scorbot_msgs/scorbot_msgs/msg/detail/microxrcedds
[0.836s] -- Up-to-date: /home/leon/robotica/scorbotLabo/software_scorbot/scorbot_ws/install/scorbot_msgs/include/scorbot_msgs/scorbot_msgs/msg/detail/trajectory_point__rosidl_typesupport_microxrcedds_cpp.hpp
[0.836s] -- Up-to-date: /home/leon/robotica/scorbotLabo/software_scorbot/scorbot_ws/install/scorbot_msgs/include/scorbot_msgs/scorbot_msgs/msg/detail/joint_velocities__rosidl_typesupport_microxrcedds_cpp.hpp
[0.836s] -- Up-to-date: /home/leon/robotica/scorbotLabo/software_scorbot/scorbot_ws/install/scorbot_msgs/lib/libscorbot_msgs__rosidl_typesupport_microxrcedds_cpp.so
[0.836s] -- Up-to-date: /home/leon/robotica/scorbotLabo/software_scorbot/scorbot_ws/install/scorbot_msgs/include/scorbot_msgs/scorbot_msgs
[0.836s] -- Up-to-date: /home/leon/robotica/scorbotLabo/software_scorbot/scorbot_ws/install/scorbot_msgs/include/scorbot_msgs/scorbot_msgs/msg
[0.836s] -- Up-to-date: /home/leon/robotica/scorbotLabo/software_scorbot/scorbot_ws/install/scorbot_msgs/include/scorbot_msgs/scorbot_msgs/msg/rosidl_typesupport_fastrtps_cpp__visibility_control.h
[0.836s] -- Up-to-date: /home/leon/robotica/scorbotLabo/software_scorbot/scorbot_ws/install/scorbot_msgs/include/scorbot_msgs/scorbot_msgs/msg/detail
[0.836s] -- Up-to-date: /home/leon/robotica/scorbotLabo/software_scorbot/scorbot_ws/install/scorbot_msgs/include/scorbot_msgs/scorbot_msgs/msg/detail/trajectory_point__rosidl_typesupport_fastrtps_cpp.hpp
[0.837s] -- Up-to-date: /home/leon/robotica/scorbotLabo/software_scorbot/scorbot_ws/install/scorbot_msgs/include/scorbot_msgs/scorbot_msgs/msg/detail/joint_velocities__rosidl_typesupport_fastrtps_cpp.hpp
[0.837s] -- Up-to-date: /home/leon/robotica/scorbotLabo/software_scorbot/scorbot_ws/install/scorbot_msgs/include/scorbot_msgs/scorbot_msgs/msg/detail/joint_trajectory__rosidl_typesupport_fastrtps_cpp.hpp
[0.837s] -- Up-to-date: /home/leon/robotica/scorbotLabo/software_scorbot/scorbot_ws/install/scorbot_msgs/include/scorbot_msgs/scorbot_msgs/msg/detail/dds_fastrtps
[0.837s] -- Up-to-date: /home/leon/robotica/scorbotLabo/software_scorbot/scorbot_ws/install/scorbot_msgs/lib/libscorbot_msgs__rosidl_typesupport_fastrtps_cpp.so
[0.837s] -- Up-to-date: /home/leon/robotica/scorbotLabo/software_scorbot/scorbot_ws/install/scorbot_msgs/include/scorbot_msgs/scorbot_msgs
[0.837s] -- Up-to-date: /home/leon/robotica/scorbotLabo/software_scorbot/scorbot_ws/install/scorbot_msgs/include/scorbot_msgs/scorbot_msgs/msg
[0.837s] -- Up-to-date: /home/leon/robotica/scorbotLabo/software_scorbot/scorbot_ws/install/scorbot_msgs/include/scorbot_msgs/scorbot_msgs/msg/detail
[0.838s] -- Up-to-date: /home/leon/robotica/scorbotLabo/software_scorbot/scorbot_ws/install/scorbot_msgs/include/scorbot_msgs/scorbot_msgs/msg/detail/trajectory_point__rosidl_typesupport_introspection_cpp.hpp
[0.838s] -- Up-to-date: /home/leon/robotica/scorbotLabo/software_scorbot/scorbot_ws/install/scorbot_msgs/include/scorbot_msgs/scorbot_msgs/msg/detail/joint_velocities__rosidl_typesupport_introspection_cpp.hpp
[0.838s] -- Up-to-date: /home/leon/robotica/scorbotLabo/software_scorbot/scorbot_ws/install/scorbot_msgs/include/scorbot_msgs/scorbot_msgs/msg/detail/trajectory_point__type_support.cpp
[0.838s] -- Up-to-date: /home/leon/robotica/scorbotLabo/software_scorbot/scorbot_ws/install/scorbot_msgs/include/scorbot_msgs/scorbot_msgs/msg/detail/joint_trajectory__rosidl_typesupport_introspection_cpp.hpp
[0.838s] -- Up-to-date: /home/leon/robotica/scorbotLabo/software_scorbot/scorbot_ws/install/scorbot_msgs/include/scorbot_msgs/scorbot_msgs/msg/detail/joint_velocities__type_support.cpp
[0.838s] -- Up-to-date: /home/leon/robotica/scorbotLabo/software_scorbot/scorbot_ws/install/scorbot_msgs/include/scorbot_msgs/scorbot_msgs/msg/detail/joint_trajectory__type_support.cpp
[0.838s] -- Up-to-date: /home/leon/robotica/scorbotLabo/software_scorbot/scorbot_ws/install/scorbot_msgs/lib/libscorbot_msgs__rosidl_typesupport_introspection_cpp.so
[0.838s] -- Up-to-date: /home/leon/robotica/scorbotLabo/software_scorbot/scorbot_ws/install/scorbot_msgs/lib/libscorbot_msgs__rosidl_typesupport_cpp.so
[0.839s] -- Up-to-date: /home/leon/robotica/scorbotLabo/software_scorbot/scorbot_ws/install/scorbot_msgs/share/scorbot_msgs/environment/pythonpath.sh
[0.839s] -- Up-to-date: /home/leon/robotica/scorbotLabo/software_scorbot/scorbot_ws/install/scorbot_msgs/share/scorbot_msgs/environment/pythonpath.dsv
[0.839s] -- Up-to-date: /home/leon/robotica/scorbotLabo/software_scorbot/scorbot_ws/install/scorbot_msgs/local/lib/python3.10/dist-packages/scorbot_msgs-0.0.0-py3.10.egg-info
[0.839s] -- Installing: /home/leon/robotica/scorbotLabo/software_scorbot/scorbot_ws/install/scorbot_msgs/local/lib/python3.10/dist-packages/scorbot_msgs-0.0.0-py3.10.egg-info/dependency_links.txt
[0.839s] -- Installing: /home/leon/robotica/scorbotLabo/software_scorbot/scorbot_ws/install/scorbot_msgs/local/lib/python3.10/dist-packages/scorbot_msgs-0.0.0-py3.10.egg-info/top_level.txt
[0.839s] -- Installing: /home/leon/robotica/scorbotLabo/software_scorbot/scorbot_ws/install/scorbot_msgs/local/lib/python3.10/dist-packages/scorbot_msgs-0.0.0-py3.10.egg-info/PKG-INFO
[0.839s] -- Installing: /home/leon/robotica/scorbotLabo/software_scorbot/scorbot_ws/install/scorbot_msgs/local/lib/python3.10/dist-packages/scorbot_msgs-0.0.0-py3.10.egg-info/SOURCES.txt
[0.839s] -- Up-to-date: /home/leon/robotica/scorbotLabo/software_scorbot/scorbot_ws/install/scorbot_msgs/local/lib/python3.10/dist-packages/scorbot_msgs
[0.840s] -- Up-to-date: /home/leon/robotica/scorbotLabo/software_scorbot/scorbot_ws/install/scorbot_msgs/local/lib/python3.10/dist-packages/scorbot_msgs/libscorbot_msgs__rosidl_generator_py.so
[0.840s] -- Up-to-date: /home/leon/robotica/scorbotLabo/software_scorbot/scorbot_ws/install/scorbot_msgs/local/lib/python3.10/dist-packages/scorbot_msgs/_scorbot_msgs_s.ep.rosidl_typesupport_c.c
[0.840s] -- Up-to-date: /home/leon/robotica/scorbotLabo/software_scorbot/scorbot_ws/install/scorbot_msgs/local/lib/python3.10/dist-packages/scorbot_msgs/scorbot_msgs_s__rosidl_typesupport_microxrcedds_c.cpython-310-x86_64-linux-gnu.so
[0.840s] -- Up-to-date: /home/leon/robotica/scorbotLabo/software_scorbot/scorbot_ws/install/scorbot_msgs/local/lib/python3.10/dist-packages/scorbot_msgs/_scorbot_msgs_s.ep.rosidl_typesupport_fastrtps_c.c
[0.840s] -- Up-to-date: /home/leon/robotica/scorbotLabo/software_scorbot/scorbot_ws/install/scorbot_msgs/local/lib/python3.10/dist-packages/scorbot_msgs/scorbot_msgs_s__rosidl_typesupport_c.cpython-310-x86_64-linux-gnu.so
[0.840s] -- Up-to-date: /home/leon/robotica/scorbotLabo/software_scorbot/scorbot_ws/install/scorbot_msgs/local/lib/python3.10/dist-packages/scorbot_msgs/__init__.py
[0.840s] -- Up-to-date: /home/leon/robotica/scorbotLabo/software_scorbot/scorbot_ws/install/scorbot_msgs/local/lib/python3.10/dist-packages/scorbot_msgs/scorbot_msgs_s__rosidl_typesupport_fastrtps_c.cpython-310-x86_64-linux-gnu.so
[0.841s] -- Up-to-date: /home/leon/robotica/scorbotLabo/software_scorbot/scorbot_ws/install/scorbot_msgs/local/lib/python3.10/dist-packages/scorbot_msgs/_scorbot_msgs_s.ep.rosidl_typesupport_introspection_c.c
[0.841s] -- Up-to-date: /home/leon/robotica/scorbotLabo/software_scorbot/scorbot_ws/install/scorbot_msgs/local/lib/python3.10/dist-packages/scorbot_msgs/scorbot_msgs_s__rosidl_typesupport_introspection_c.cpython-310-x86_64-linux-gnu.so
[0.841s] -- Up-to-date: /home/leon/robotica/scorbotLabo/software_scorbot/scorbot_ws/install/scorbot_msgs/local/lib/python3.10/dist-packages/scorbot_msgs/msg
[0.841s] -- Up-to-date: /home/leon/robotica/scorbotLabo/software_scorbot/scorbot_ws/install/scorbot_msgs/local/lib/python3.10/dist-packages/scorbot_msgs/msg/_joint_trajectory_s.c
[0.841s] -- Up-to-date: /home/leon/robotica/scorbotLabo/software_scorbot/scorbot_ws/install/scorbot_msgs/local/lib/python3.10/dist-packages/scorbot_msgs/msg/_joint_velocities_s.c
[0.841s] -- Up-to-date: /home/leon/robotica/scorbotLabo/software_scorbot/scorbot_ws/install/scorbot_msgs/local/lib/python3.10/dist-packages/scorbot_msgs/msg/__init__.py
[0.841s] -- Up-to-date: /home/leon/robotica/scorbotLabo/software_scorbot/scorbot_ws/install/scorbot_msgs/local/lib/python3.10/dist-packages/scorbot_msgs/msg/_trajectory_point_s.c
[0.842s] -- Up-to-date: /home/leon/robotica/scorbotLabo/software_scorbot/scorbot_ws/install/scorbot_msgs/local/lib/python3.10/dist-packages/scorbot_msgs/msg/_joint_velocities.py
[0.842s] -- Up-to-date: /home/leon/robotica/scorbotLabo/software_scorbot/scorbot_ws/install/scorbot_msgs/local/lib/python3.10/dist-packages/scorbot_msgs/msg/_joint_trajectory.py
[0.842s] -- Up-to-date: /home/leon/robotica/scorbotLabo/software_scorbot/scorbot_ws/install/scorbot_msgs/local/lib/python3.10/dist-packages/scorbot_msgs/msg/_trajectory_point.py
[0.842s] -- Up-to-date: /home/leon/robotica/scorbotLabo/software_scorbot/scorbot_ws/install/scorbot_msgs/local/lib/python3.10/dist-packages/scorbot_msgs/_scorbot_msgs_s.ep.rosidl_typesupport_microxrcedds_c.c
[0.900s] Listing '/home/leon/robotica/scorbotLabo/software_scorbot/scorbot_ws/install/scorbot_msgs/local/lib/python3.10/dist-packages/scorbot_msgs'...
[0.900s] Listing '/home/leon/robotica/scorbotLabo/software_scorbot/scorbot_ws/install/scorbot_msgs/local/lib/python3.10/dist-packages/scorbot_msgs/msg'...
[0.908s] -- Up-to-date: /home/leon/robotica/scorbotLabo/software_scorbot/scorbot_ws/install/scorbot_msgs/local/lib/python3.10/dist-packages/scorbot_msgs/scorbot_msgs_s__rosidl_typesupport_microxrcedds_c.cpython-310-x86_64-linux-gnu.so
[0.909s] -- Up-to-date: /home/leon/robotica/scorbotLabo/software_scorbot/scorbot_ws/install/scorbot_msgs/local/lib/python3.10/dist-packages/scorbot_msgs/scorbot_msgs_s__rosidl_typesupport_fastrtps_c.cpython-310-x86_64-linux-gnu.so
[0.909s] -- Up-to-date: /home/leon/robotica/scorbotLabo/software_scorbot/scorbot_ws/install/scorbot_msgs/local/lib/python3.10/dist-packages/scorbot_msgs/scorbot_msgs_s__rosidl_typesupport_introspection_c.cpython-310-x86_64-linux-gnu.so
[0.910s] -- Up-to-date: /home/leon/robotica/scorbotLabo/software_scorbot/scorbot_ws/install/scorbot_msgs/local/lib/python3.10/dist-packages/scorbot_msgs/scorbot_msgs_s__rosidl_typesupport_c.cpython-310-x86_64-linux-gnu.so
[0.910s] -- Up-to-date: /home/leon/robotica/scorbotLabo/software_scorbot/scorbot_ws/install/scorbot_msgs/lib/libscorbot_msgs__rosidl_generator_py.so
[0.910s] -- Up-to-date: /home/leon/robotica/scorbotLabo/software_scorbot/scorbot_ws/install/scorbot_msgs/share/ament_index/resource_index/rust_packages/scorbot_msgs
[0.913s] -- Up-to-date: /home/leon/robotica/scorbotLabo/software_scorbot/scorbot_ws/install/scorbot_msgs/share/scorbot_msgs/rust
[0.913s] -- Up-to-date: /home/leon/robotica/scorbotLabo/software_scorbot/scorbot_ws/install/scorbot_msgs/share/scorbot_msgs/rust/Cargo.toml
[0.913s] -- Up-to-date: /home/leon/robotica/scorbotLabo/software_scorbot/scorbot_ws/install/scorbot_msgs/share/scorbot_msgs/rust/src
[0.913s] -- Up-to-date: /home/leon/robotica/scorbotLabo/software_scorbot/scorbot_ws/install/scorbot_msgs/share/scorbot_msgs/rust/src/lib.rs
[0.913s] -- Up-to-date: /home/leon/robotica/scorbotLabo/software_scorbot/scorbot_ws/install/scorbot_msgs/share/scorbot_msgs/rust/src/msg
[0.913s] -- Up-to-date: /home/leon/robotica/scorbotLabo/software_scorbot/scorbot_ws/install/scorbot_msgs/share/scorbot_msgs/rust/src/msg/rmw.rs
[0.913s] -- Up-to-date: /home/leon/robotica/scorbotLabo/software_scorbot/scorbot_ws/install/scorbot_msgs/share/scorbot_msgs/rust/src/msg.rs
[0.914s] -- Up-to-date: /home/leon/robotica/scorbotLabo/software_scorbot/scorbot_ws/install/scorbot_msgs/share/scorbot_msgs/rust/build.rs
[0.914s] -- Up-to-date: /home/leon/robotica/scorbotLabo/software_scorbot/scorbot_ws/install/scorbot_msgs/share/scorbot_msgs/msg/JointTrajectory.idl
[0.914s] -- Up-to-date: /home/leon/robotica/scorbotLabo/software_scorbot/scorbot_ws/install/scorbot_msgs/share/scorbot_msgs/msg/JointVelocities.idl
[0.914s] -- Up-to-date: /home/leon/robotica/scorbotLabo/software_scorbot/scorbot_ws/install/scorbot_msgs/share/scorbot_msgs/msg/TrajectoryPoint.idl
[0.914s] -- Up-to-date: /home/leon/robotica/scorbotLabo/software_scorbot/scorbot_ws/install/scorbot_msgs/share/scorbot_msgs/msg/JointTrajectory.msg
[0.915s] -- Up-to-date: /home/leon/robotica/scorbotLabo/software_scorbot/scorbot_ws/install/scorbot_msgs/share/scorbot_msgs/msg/JointVelocities.msg
[0.915s] -- Up-to-date: /home/leon/robotica/scorbotLabo/software_scorbot/scorbot_ws/install/scorbot_msgs/share/scorbot_msgs/msg/TrajectoryPoint.msg
[0.915s] -- Up-to-date: /home/leon/robotica/scorbotLabo/software_scorbot/scorbot_ws/install/scorbot_msgs/share/ament_index/resource_index/package_run_dependencies/scorbot_msgs
[0.915s] -- Up-to-date: /home/leon/robotica/scorbotLabo/software_scorbot/scorbot_ws/install/scorbot_msgs/share/ament_index/resource_index/parent_prefix_path/scorbot_msgs
[0.915s] -- Up-to-date: /home/leon/robotica/scorbotLabo/software_scorbot/scorbot_ws/install/scorbot_msgs/share/scorbot_msgs/environment/ament_prefix_path.sh
[0.915s] -- Up-to-date: /home/leon/robotica/scorbotLabo/software_scorbot/scorbot_ws/install/scorbot_msgs/share/scorbot_msgs/environment/ament_prefix_path.dsv
[0.915s] -- Up-to-date: /home/leon/robotica/scorbotLabo/software_scorbot/scorbot_ws/install/scorbot_msgs/share/scorbot_msgs/environment/path.sh
[0.916s] -- Up-to-date: /home/leon/robotica/scorbotLabo/software_scorbot/scorbot_ws/install/scorbot_msgs/share/scorbot_msgs/environment/path.dsv
[0.916s] -- Up-to-date: /home/leon/robotica/scorbotLabo/software_scorbot/scorbot_ws/install/scorbot_msgs/share/scorbot_msgs/local_setup.bash
[0.916s] -- Up-to-date: /home/leon/robotica/scorbotLabo/software_scorbot/scorbot_ws/install/scorbot_msgs/share/scorbot_msgs/local_setup.sh
[0.916s] -- Up-to-date: /home/leon/robotica/scorbotLabo/software_scorbot/scorbot_ws/install/scorbot_msgs/share/scorbot_msgs/local_setup.zsh
[0.916s] -- Up-to-date: /home/leon/robotica/scorbotLabo/software_scorbot/scorbot_ws/install/scorbot_msgs/share/scorbot_msgs/local_setup.dsv
[0.916s] -- Installing: /home/leon/robotica/scorbotLabo/software_scorbot/scorbot_ws/install/scorbot_msgs/share/scorbot_msgs/package.dsv
[0.916s] -- Up-to-date: /home/leon/robotica/scorbotLabo/software_scorbot/scorbot_ws/install/scorbot_msgs/share/ament_index/resource_index/packages/scorbot_msgs
[0.916s] -- Up-to-date: /home/leon/robotica/scorbotLabo/software_scorbot/scorbot_ws/install/scorbot_msgs/share/scorbot_msgs/cmake/export_scorbot_msgs__rosidl_generator_cExport.cmake
[0.917s] -- Up-to-date: /home/leon/robotica/scorbotLabo/software_scorbot/scorbot_ws/install/scorbot_msgs/share/scorbot_msgs/cmake/export_scorbot_msgs__rosidl_generator_cExport-noconfig.cmake
[0.917s] -- Up-to-date: /home/leon/robotica/scorbotLabo/software_scorbot/scorbot_ws/install/scorbot_msgs/share/scorbot_msgs/cmake/export_scorbot_msgs__rosidl_typesupport_fastrtps_cExport.cmake
[0.917s] -- Up-to-date: /home/leon/robotica/scorbotLabo/software_scorbot/scorbot_ws/install/scorbot_msgs/share/scorbot_msgs/cmake/export_scorbot_msgs__rosidl_typesupport_fastrtps_cExport-noconfig.cmake
[0.917s] -- Up-to-date: /home/leon/robotica/scorbotLabo/software_scorbot/scorbot_ws/install/scorbot_msgs/share/scorbot_msgs/cmake/scorbot_msgs__rosidl_typesupport_introspection_cExport.cmake
[0.918s] -- Up-to-date: /home/leon/robotica/scorbotLabo/software_scorbot/scorbot_ws/install/scorbot_msgs/share/scorbot_msgs/cmake/scorbot_msgs__rosidl_typesupport_introspection_cExport-noconfig.cmake
[0.919s] -- Up-to-date: /home/leon/robotica/scorbotLabo/software_scorbot/scorbot_ws/install/scorbot_msgs/share/scorbot_msgs/cmake/scorbot_msgs__rosidl_typesupport_cExport.cmake
[0.919s] -- Up-to-date: /home/leon/robotica/scorbotLabo/software_scorbot/scorbot_ws/install/scorbot_msgs/share/scorbot_msgs/cmake/scorbot_msgs__rosidl_typesupport_cExport-noconfig.cmake
[0.920s] -- Up-to-date: /home/leon/robotica/scorbotLabo/software_scorbot/scorbot_ws/install/scorbot_msgs/share/scorbot_msgs/cmake/export_scorbot_msgs__rosidl_generator_cppExport.cmake
[0.920s] -- Up-to-date: /home/leon/robotica/scorbotLabo/software_scorbot/scorbot_ws/install/scorbot_msgs/share/scorbot_msgs/cmake/export_scorbot_msgs__rosidl_typesupport_fastrtps_cppExport.cmake
[0.920s] -- Up-to-date: /home/leon/robotica/scorbotLabo/software_scorbot/scorbot_ws/install/scorbot_msgs/share/scorbot_msgs/cmake/export_scorbot_msgs__rosidl_typesupport_fastrtps_cppExport-noconfig.cmake
[0.920s] -- Up-to-date: /home/leon/robotica/scorbotLabo/software_scorbot/scorbot_ws/install/scorbot_msgs/share/scorbot_msgs/cmake/scorbot_msgs__rosidl_typesupport_introspection_cppExport.cmake
[0.921s] -- Up-to-date: /home/leon/robotica/scorbotLabo/software_scorbot/scorbot_ws/install/scorbot_msgs/share/scorbot_msgs/cmake/scorbot_msgs__rosidl_typesupport_introspection_cppExport-noconfig.cmake
[0.921s] -- Up-to-date: /home/leon/robotica/scorbotLabo/software_scorbot/scorbot_ws/install/scorbot_msgs/share/scorbot_msgs/cmake/scorbot_msgs__rosidl_typesupport_cppExport.cmake
[0.922s] -- Up-to-date: /home/leon/robotica/scorbotLabo/software_scorbot/scorbot_ws/install/scorbot_msgs/share/scorbot_msgs/cmake/scorbot_msgs__rosidl_typesupport_cppExport-noconfig.cmake
[0.923s] -- Up-to-date: /home/leon/robotica/scorbotLabo/software_scorbot/scorbot_ws/install/scorbot_msgs/share/scorbot_msgs/cmake/export_scorbot_msgs__rosidl_generator_pyExport.cmake
[0.923s] -- Up-to-date: /home/leon/robotica/scorbotLabo/software_scorbot/scorbot_ws/install/scorbot_msgs/share/scorbot_msgs/cmake/export_scorbot_msgs__rosidl_generator_pyExport-noconfig.cmake
[0.923s] -- Up-to-date: /home/leon/robotica/scorbotLabo/software_scorbot/scorbot_ws/install/scorbot_msgs/share/scorbot_msgs/cmake/rosidl_cmake-extras.cmake
[0.923s] -- Up-to-date: /home/leon/robotica/scorbotLabo/software_scorbot/scorbot_ws/install/scorbot_msgs/share/scorbot_msgs/cmake/ament_cmake_export_dependencies-extras.cmake
[0.923s] -- Up-to-date: /home/leon/robotica/scorbotLabo/software_scorbot/scorbot_ws/install/scorbot_msgs/share/scorbot_msgs/cmake/ament_cmake_export_include_directories-extras.cmake
[0.923s] -- Up-to-date: /home/leon/robotica/scorbotLabo/software_scorbot/scorbot_ws/install/scorbot_msgs/share/scorbot_msgs/cmake/ament_cmake_export_libraries-extras.cmake
[0.923s] -- Up-to-date: /home/leon/robotica/scorbotLabo/software_scorbot/scorbot_ws/install/scorbot_msgs/share/scorbot_msgs/cmake/ament_cmake_export_targets-extras.cmake
[0.924s] -- Up-to-date: /home/leon/robotica/scorbotLabo/software_scorbot/scorbot_ws/install/scorbot_msgs/share/scorbot_msgs/cmake/rosidl_cmake_export_typesupport_targets-extras.cmake
[0.924s] -- Up-to-date: /home/leon/robotica/scorbotLabo/software_scorbot/scorbot_ws/install/scorbot_msgs/share/scorbot_msgs/cmake/rosidl_cmake_export_typesupport_libraries-extras.cmake
[0.924s] -- Up-to-date: /home/leon/robotica/scorbotLabo/software_scorbot/scorbot_ws/install/scorbot_msgs/share/scorbot_msgs/cmake/rosidl_cmake_aggregate_target-extras.cmake
[0.924s] -- Up-to-date: /home/leon/robotica/scorbotLabo/software_scorbot/scorbot_ws/install/scorbot_msgs/share/scorbot_msgs/cmake/scorbot_msgsConfig.cmake
[0.924s] -- Up-to-date: /home/leon/robotica/scorbotLabo/software_scorbot/scorbot_ws/install/scorbot_msgs/share/scorbot_msgs/cmake/scorbot_msgsConfig-version.cmake
[0.924s] -- Up-to-date: /home/leon/robotica/scorbotLabo/software_scorbot/scorbot_ws/install/scorbot_msgs/share/scorbot_msgs/package.xml
[0.925s] Invoked command in '/home/leon/robotica/scorbotLabo/software_scorbot/scorbot_ws/build/scorbot_msgs' returned '0': CMAKE_PREFIX_PATH=${CMAKE_PREFIX_PATH}:/home/leon/microros_ws/install/sensor_msgs_py:/opt/ros/humble /usr/bin/cmake --install /home/leon/robotica/scorbotLabo/software_scorbot/scorbot_ws/build/scorbot_msgs
