In file included from [01m[K/opt/ros/humble/include/rclcpp/rclcpp/subscription_base.hpp:32[m[K,
                 from [01m[K/opt/ros/humble/include/rclcpp/rclcpp/callback_group.hpp:29[m[K,
                 from [01m[K/opt/ros/humble/include/rclcpp/rclcpp/any_executable.hpp:20[m[K,
                 from [01m[K/opt/ros/humble/include/rclcpp/rclcpp/memory_strategy.hpp:25[m[K,
                 from [01m[K/opt/ros/humble/include/rclcpp/rclcpp/memory_strategies.hpp:18[m[K,
                 from [01m[K/opt/ros/humble/include/rclcpp/rclcpp/executor_options.hpp:20[m[K,
                 from [01m[K/opt/ros/humble/include/rclcpp/rclcpp/executor.hpp:37[m[K,
                 from [01m[K/opt/ros/humble/include/rclcpp/rclcpp/executors/multi_threaded_executor.hpp:25[m[K,
                 from [01m[K/opt/ros/humble/include/rclcpp/rclcpp/executors.hpp:21[m[K,
                 from [01m[K/opt/ros/humble/include/rclcpp/rclcpp/rclcpp.hpp:155[m[K,
                 from [01m[K/home/leon/robotica/scorbotLabo/software_scorbot/scorbot_ws/scorbot/src/scorbot.h:4[m[K,
                 from [01m[K/home/leon/robotica/scorbotLabo/software_scorbot/scorbot_ws/scorbot/src/scorbot.cpp:1[m[K:
/opt/ros/humble/include/rclcpp/rclcpp/any_subscription_callback.hpp: In instantiation of ‘[01m[Krclcpp::AnySubscriptionCallback<MessageT, AllocatorT> rclcpp::AnySubscriptionCallback<MessageT, AllocatorT>::set(CallbackT) [with CallbackT = std::_Bind<void (scorbot::Teleop::*(std::shared_ptr<rclcpp::Node>, std::_Placeholder<1>))(const std::shared_ptr<universal_teleop_msgs::msg::Control_<std::allocator<void> > >&)>; MessageT = universal_teleop_msgs::msg::Control_<std::allocator<void> >; AllocatorT = std::allocator<void>][m[K’:
[01m[K/opt/ros/humble/include/rclcpp/rclcpp/subscription_factory.hpp:94:32:[m[K   required from ‘[01m[Krclcpp::SubscriptionFactory rclcpp::create_subscription_factory(CallbackT&&, const rclcpp::SubscriptionOptionsWithAllocator<AllocatorT>&, typename MessageMemoryStrategyT::SharedPtr, std::shared_ptr<rclcpp::topic_statistics::SubscriptionTopicStatistics<ROSMessageType> >) [with MessageT = universal_teleop_msgs::msg::Control_<std::allocator<void> >; CallbackT = std::_Bind<void (scorbot::Teleop::*(std::shared_ptr<rclcpp::Node>, std::_Placeholder<1>))(const std::shared_ptr<universal_teleop_msgs::msg::Control_<std::allocator<void> > >&)>; AllocatorT = std::allocator<void>; SubscriptionT = rclcpp::Subscription<universal_teleop_msgs::msg::Control_<std::allocator<void> > >; MessageMemoryStrategyT = rclcpp::message_memory_strategy::MessageMemoryStrategy<universal_teleop_msgs::msg::Control_<std::allocator<void> >, std::allocator<void> >; ROSMessageType = universal_teleop_msgs::msg::Control_<std::allocator<void> >; typename MessageMemoryStrategyT::SharedPtr = std::shared_ptr<rclcpp::message_memory_strategy::MessageMemoryStrategy<universal_teleop_msgs::msg::Control_<std::allocator<void> >, std::allocator<void> > >][m[K’
[01m[K/opt/ros/humble/include/rclcpp/rclcpp/create_subscription.hpp:122:63:[m[K   required from ‘[01m[Kstd::shared_ptr<ROSMessageT> rclcpp::detail::create_subscription(NodeParametersT&, NodeTopicsT&, const string&, const rclcpp::QoS&, CallbackT&&, const rclcpp::SubscriptionOptionsWithAllocator<AllocatorT>&, typename MessageMemoryStrategyT::SharedPtr) [with MessageT = universal_teleop_msgs::msg::Control_<std::allocator<void> >; CallbackT = std::_Bind<void (scorbot::Teleop::*(std::shared_ptr<rclcpp::Node>, std::_Placeholder<1>))(const std::shared_ptr<universal_teleop_msgs::msg::Control_<std::allocator<void> > >&)>; AllocatorT = std::allocator<void>; SubscriptionT = rclcpp::Subscription<universal_teleop_msgs::msg::Control_<std::allocator<void> > >; MessageMemoryStrategyT = rclcpp::message_memory_strategy::MessageMemoryStrategy<universal_teleop_msgs::msg::Control_<std::allocator<void> >, std::allocator<void> >; NodeParametersT = rclcpp::Node; NodeTopicsT = rclcpp::Node; ROSMessageType = universal_teleop_msgs::msg::Control_<std::allocator<void> >; std::string = std::__cxx11::basic_string<char>; typename MessageMemoryStrategyT::SharedPtr = std::shared_ptr<rclcpp::message_memory_strategy::MessageMemoryStrategy<universal_teleop_msgs::msg::Control_<std::allocator<void> >, std::allocator<void> > >][m[K’
[01m[K/opt/ros/humble/include/rclcpp/rclcpp/create_subscription.hpp:191:76:[m[K   required from ‘[01m[Kstd::shared_ptr<ROSMessageT> rclcpp::create_subscription(NodeT&, const string&, const rclcpp::QoS&, CallbackT&&, const rclcpp::SubscriptionOptionsWithAllocator<AllocatorT>&, typename MessageMemoryStrategyT::SharedPtr) [with MessageT = universal_teleop_msgs::msg::Control_<std::allocator<void> >; CallbackT = std::_Bind<void (scorbot::Teleop::*(std::shared_ptr<rclcpp::Node>, std::_Placeholder<1>))(const std::shared_ptr<universal_teleop_msgs::msg::Control_<std::allocator<void> > >&)>; AllocatorT = std::allocator<void>; SubscriptionT = rclcpp::Subscription<universal_teleop_msgs::msg::Control_<std::allocator<void> > >; MessageMemoryStrategyT = rclcpp::message_memory_strategy::MessageMemoryStrategy<universal_teleop_msgs::msg::Control_<std::allocator<void> >, std::allocator<void> >; NodeT = rclcpp::Node; std::string = std::__cxx11::basic_string<char>; typename MessageMemoryStrategyT::SharedPtr = std::shared_ptr<rclcpp::message_memory_strategy::MessageMemoryStrategy<universal_teleop_msgs::msg::Control_<std::allocator<void> >, std::allocator<void> > >][m[K’
[01m[K/opt/ros/humble/include/rclcpp/rclcpp/node_impl.hpp:99:47:[m[K   required from ‘[01m[Kstd::shared_ptr<ROSMessageT> rclcpp::Node::create_subscription(const string&, const rclcpp::QoS&, CallbackT&&, const rclcpp::SubscriptionOptionsWithAllocator<AllocatorT>&, typename MessageMemoryStrategyT::SharedPtr) [with MessageT = universal_teleop_msgs::msg::Control_<std::allocator<void> >; CallbackT = std::_Bind<void (scorbot::Teleop::*(std::shared_ptr<rclcpp::Node>, std::_Placeholder<1>))(const std::shared_ptr<universal_teleop_msgs::msg::Control_<std::allocator<void> > >&)>; AllocatorT = std::allocator<void>; SubscriptionT = rclcpp::Subscription<universal_teleop_msgs::msg::Control_<std::allocator<void> > >; MessageMemoryStrategyT = rclcpp::message_memory_strategy::MessageMemoryStrategy<universal_teleop_msgs::msg::Control_<std::allocator<void> >, std::allocator<void> >; std::string = std::__cxx11::basic_string<char>; typename MessageMemoryStrategyT::SharedPtr = std::shared_ptr<rclcpp::message_memory_strategy::MessageMemoryStrategy<universal_teleop_msgs::msg::Control_<std::allocator<void> >, std::allocator<void> > >][m[K’
[01m[K/home/leon/robotica/scorbotLabo/software_scorbot/scorbot_ws/scorbot/src/scorbot.cpp:29:79:[m[K   required from here
[01m[K/opt/ros/humble/include/rclcpp/rclcpp/any_subscription_callback.hpp:394:27:[m[K [01;31m[Kerror: [m[Kno matching function for call to ‘[01m[Kstd::function<void(const std::shared_ptr<universal_teleop_msgs::msg::Control_<std::allocator<void> > >&)>::function(std::_Bind<void (scorbot::Teleop::*(std::shared_ptr<rclcpp::Node>, std::_Placeholder<1>))(const std::shared_ptr<universal_teleop_msgs::msg::Control_<std::allocator<void> > >&)>&)[m[K’
  394 |       callback_variant_ = [01;31m[Kstatic_cast<typename scbth::callback_type>(callback)[m[K;
      |                           [01;31m[K^~~~~~~~~~~~~~~~~~~~~~~~~~~~~~~~~~~~~~~~~~~~~~~~~~~~[m[K
In file included from [01m[K/usr/include/c++/11/future:47[m[K,
                 from [01m[K/opt/ros/humble/include/rclcpp/rclcpp/executors.hpp:18[m[K,
                 from [01m[K/opt/ros/humble/include/rclcpp/rclcpp/rclcpp.hpp:155[m[K,
                 from [01m[K/home/leon/robotica/scorbotLabo/software_scorbot/scorbot_ws/scorbot/src/scorbot.h:4[m[K,
                 from [01m[K/home/leon/robotica/scorbotLabo/software_scorbot/scorbot_ws/scorbot/src/scorbot.cpp:1[m[K:
[01m[K/usr/include/c++/11/bits/std_function.h:435:9:[m[K [01;36m[Knote: [m[Kcandidate: ‘[01m[Ktemplate<class _Functor, class _Constraints> std::function<_Res(_ArgTypes ...)>::function(_Functor&&) [with _Functor = _Functor; _Constraints = _Constraints; _Res = void; _ArgTypes = {const std::shared_ptr<universal_teleop_msgs::msg::Control_<std::allocator<void> > >&}][m[K’
  435 |         [01;36m[Kfunction[m[K(_Functor&& __f)
      |         [01;36m[K^~~~~~~~[m[K
[01m[K/usr/include/c++/11/bits/std_function.h:435:9:[m[K [01;36m[Knote: [m[K  template argument deduction/substitution failed:
In file included from [01m[K/usr/include/c++/11/bits/move.h:57[m[K,
                 from [01m[K/usr/include/c++/11/bits/stl_pair.h:59[m[K,
                 from [01m[K/usr/include/c++/11/bits/stl_algobase.h:64[m[K,
                 from [01m[K/usr/include/c++/11/memory:63[m[K,
                 from [01m[K/opt/ros/humble/include/rclcpp/rclcpp/rclcpp.hpp:153[m[K,
                 from [01m[K/home/leon/robotica/scorbotLabo/software_scorbot/scorbot_ws/scorbot/src/scorbot.h:4[m[K,
                 from [01m[K/home/leon/robotica/scorbotLabo/software_scorbot/scorbot_ws/scorbot/src/scorbot.cpp:1[m[K:
/usr/include/c++/11/type_traits: In substitution of ‘[01m[Ktemplate<bool _Cond, class _Tp> using __enable_if_t = typename std::enable_if::type [with bool _Cond = false; _Tp = void][m[K’:
[01m[K/usr/include/c++/11/bits/std_function.h:353:8:[m[K   required by substitution of ‘[01m[Ktemplate<class _Res, class ... _ArgTypes> template<class _Cond, class _Tp> using _Requires = std::__enable_if_t<_Cond::value, _Tp> [with _Cond = std::function<void(const std::shared_ptr<universal_teleop_msgs::msg::Control_<std::allocator<void> > >&)>::_Callable<std::_Bind<void (scorbot::Teleop::*(std::shared_ptr<rclcpp::Node>, std::_Placeholder<1>))(const std::shared_ptr<universal_teleop_msgs::msg::Control_<std::allocator<void> > >&)>&, std::_Bind<void (scorbot::Teleop::*(std::shared_ptr<rclcpp::Node>, std::_Placeholder<1>))(const std::shared_ptr<universal_teleop_msgs::msg::Control_<std::allocator<void> > >&)>, std::__invoke_result<std::_Bind<void (scorbot::Teleop::*(std::shared_ptr<rclcpp::Node>, std::_Placeholder<1>))(const std::shared_ptr<universal_teleop_msgs::msg::Control_<std::allocator<void> > >&)>&, const std::shared_ptr<universal_teleop_msgs::msg::Control_<std::allocator<void> > >&> >; _Tp = void; _Res = void; _ArgTypes = {const std::shared_ptr<universal_teleop_msgs::msg::Control_<std::allocator<void> > >&}][m[K’
[01m[K/usr/include/c++/11/bits/std_function.h:434:9:[m[K   required from ‘[01m[Krclcpp::AnySubscriptionCallback<MessageT, AllocatorT> rclcpp::AnySubscriptionCallback<MessageT, AllocatorT>::set(CallbackT) [with CallbackT = std::_Bind<void (scorbot::Teleop::*(std::shared_ptr<rclcpp::Node>, std::_Placeholder<1>))(const std::shared_ptr<universal_teleop_msgs::msg::Control_<std::allocator<void> > >&)>; MessageT = universal_teleop_msgs::msg::Control_<std::allocator<void> >; AllocatorT = std::allocator<void>][m[K’
[01m[K/opt/ros/humble/include/rclcpp/rclcpp/subscription_factory.hpp:94:32:[m[K   required from ‘[01m[Krclcpp::SubscriptionFactory rclcpp::create_subscription_factory(CallbackT&&, const rclcpp::SubscriptionOptionsWithAllocator<AllocatorT>&, typename MessageMemoryStrategyT::SharedPtr, std::shared_ptr<rclcpp::topic_statistics::SubscriptionTopicStatistics<ROSMessageType> >) [with MessageT = universal_teleop_msgs::msg::Control_<std::allocator<void> >; CallbackT = std::_Bind<void (scorbot::Teleop::*(std::shared_ptr<rclcpp::Node>, std::_Placeholder<1>))(const std::shared_ptr<universal_teleop_msgs::msg::Control_<std::allocator<void> > >&)>; AllocatorT = std::allocator<void>; SubscriptionT = rclcpp::Subscription<universal_teleop_msgs::msg::Control_<std::allocator<void> > >; MessageMemoryStrategyT = rclcpp::message_memory_strategy::MessageMemoryStrategy<universal_teleop_msgs::msg::Control_<std::allocator<void> >, std::allocator<void> >; ROSMessageType = universal_teleop_msgs::msg::Control_<std::allocator<void> >; typename MessageMemoryStrategyT::SharedPtr = std::shared_ptr<rclcpp::message_memory_strategy::MessageMemoryStrategy<universal_teleop_msgs::msg::Control_<std::allocator<void> >, std::allocator<void> > >][m[K’
[01m[K/opt/ros/humble/include/rclcpp/rclcpp/create_subscription.hpp:122:63:[m[K   required from ‘[01m[Kstd::shared_ptr<ROSMessageT> rclcpp::detail::create_subscription(NodeParametersT&, NodeTopicsT&, const string&, const rclcpp::QoS&, CallbackT&&, const rclcpp::SubscriptionOptionsWithAllocator<AllocatorT>&, typename MessageMemoryStrategyT::SharedPtr) [with MessageT = universal_teleop_msgs::msg::Control_<std::allocator<void> >; CallbackT = std::_Bind<void (scorbot::Teleop::*(std::shared_ptr<rclcpp::Node>, std::_Placeholder<1>))(const std::shared_ptr<universal_teleop_msgs::msg::Control_<std::allocator<void> > >&)>; AllocatorT = std::allocator<void>; SubscriptionT = rclcpp::Subscription<universal_teleop_msgs::msg::Control_<std::allocator<void> > >; MessageMemoryStrategyT = rclcpp::message_memory_strategy::MessageMemoryStrategy<universal_teleop_msgs::msg::Control_<std::allocator<void> >, std::allocator<void> >; NodeParametersT = rclcpp::Node; NodeTopicsT = rclcpp::Node; ROSMessageType = universal_teleop_msgs::msg::Control_<std::allocator<void> >; std::string = std::__cxx11::basic_string<char>; typename MessageMemoryStrategyT::SharedPtr = std::shared_ptr<rclcpp::message_memory_strategy::MessageMemoryStrategy<universal_teleop_msgs::msg::Control_<std::allocator<void> >, std::allocator<void> > >][m[K’
[01m[K/opt/ros/humble/include/rclcpp/rclcpp/create_subscription.hpp:191:76:[m[K   required from ‘[01m[Kstd::shared_ptr<ROSMessageT> rclcpp::create_subscription(NodeT&, const string&, const rclcpp::QoS&, CallbackT&&, const rclcpp::SubscriptionOptionsWithAllocator<AllocatorT>&, typename MessageMemoryStrategyT::SharedPtr) [with MessageT = universal_teleop_msgs::msg::Control_<std::allocator<void> >; CallbackT = std::_Bind<void (scorbot::Teleop::*(std::shared_ptr<rclcpp::Node>, std::_Placeholder<1>))(const std::shared_ptr<universal_teleop_msgs::msg::Control_<std::allocator<void> > >&)>; AllocatorT = std::allocator<void>; SubscriptionT = rclcpp::Subscription<universal_teleop_msgs::msg::Control_<std::allocator<void> > >; MessageMemoryStrategyT = rclcpp::message_memory_strategy::MessageMemoryStrategy<universal_teleop_msgs::msg::Control_<std::allocator<void> >, std::allocator<void> >; NodeT = rclcpp::Node; std::string = std::__cxx11::basic_string<char>; typename MessageMemoryStrategyT::SharedPtr = std::shared_ptr<rclcpp::message_memory_strategy::MessageMemoryStrategy<universal_teleop_msgs::msg::Control_<std::allocator<void> >, std::allocator<void> > >][m[K’
[01m[K/opt/ros/humble/include/rclcpp/rclcpp/node_impl.hpp:99:47:[m[K   required from ‘[01m[Kstd::shared_ptr<ROSMessageT> rclcpp::Node::create_subscription(const string&, const rclcpp::QoS&, CallbackT&&, const rclcpp::SubscriptionOptionsWithAllocator<AllocatorT>&, typename MessageMemoryStrategyT::SharedPtr) [with MessageT = universal_teleop_msgs::msg::Control_<std::allocator<void> >; CallbackT = std::_Bind<void (scorbot::Teleop::*(std::shared_ptr<rclcpp::Node>, std::_Placeholder<1>))(const std::shared_ptr<universal_teleop_msgs::msg::Control_<std::allocator<void> > >&)>; AllocatorT = std::allocator<void>; SubscriptionT = rclcpp::Subscription<universal_teleop_msgs::msg::Control_<std::allocator<void> > >; MessageMemoryStrategyT = rclcpp::message_memory_strategy::MessageMemoryStrategy<universal_teleop_msgs::msg::Control_<std::allocator<void> >, std::allocator<void> >; std::string = std::__cxx11::basic_string<char>; typename MessageMemoryStrategyT::SharedPtr = std::shared_ptr<rclcpp::message_memory_strategy::MessageMemoryStrategy<universal_teleop_msgs::msg::Control_<std::allocator<void> >, std::allocator<void> > >][m[K’
[01m[K/home/leon/robotica/scorbotLabo/software_scorbot/scorbot_ws/scorbot/src/scorbot.cpp:29:79:[m[K   required from here
[01m[K/usr/include/c++/11/type_traits:2205:11:[m[K [01;31m[Kerror: [m[Kno type named ‘[01m[Ktype[m[K’ in ‘[01m[Kstruct std::enable_if<false, void>[m[K’
 2205 |     using [01;31m[K__enable_if_t[m[K = typename enable_if<_Cond, _Tp>::type;
      |           [01;31m[K^~~~~~~~~~~~~[m[K
In file included from [01m[K/usr/include/c++/11/future:47[m[K,
                 from [01m[K/opt/ros/humble/include/rclcpp/rclcpp/executors.hpp:18[m[K,
                 from [01m[K/opt/ros/humble/include/rclcpp/rclcpp/rclcpp.hpp:155[m[K,
                 from [01m[K/home/leon/robotica/scorbotLabo/software_scorbot/scorbot_ws/scorbot/src/scorbot.h:4[m[K,
                 from [01m[K/home/leon/robotica/scorbotLabo/software_scorbot/scorbot_ws/scorbot/src/scorbot.cpp:1[m[K:
/opt/ros/humble/include/rclcpp/rclcpp/any_subscription_callback.hpp: In instantiation of ‘[01m[Krclcpp::AnySubscriptionCallback<MessageT, AllocatorT> rclcpp::AnySubscriptionCallback<MessageT, AllocatorT>::set(CallbackT) [with CallbackT = std::_Bind<void (scorbot::Teleop::*(std::shared_ptr<rclcpp::Node>, std::_Placeholder<1>))(const std::shared_ptr<universal_teleop_msgs::msg::Control_<std::allocator<void> > >&)>; MessageT = universal_teleop_msgs::msg::Control_<std::allocator<void> >; AllocatorT = std::allocator<void>][m[K’:
[01m[K/opt/ros/humble/include/rclcpp/rclcpp/subscription_factory.hpp:94:32:[m[K   required from ‘[01m[Krclcpp::SubscriptionFactory rclcpp::create_subscription_factory(CallbackT&&, const rclcpp::SubscriptionOptionsWithAllocator<AllocatorT>&, typename MessageMemoryStrategyT::SharedPtr, std::shared_ptr<rclcpp::topic_statistics::SubscriptionTopicStatistics<ROSMessageType> >) [with MessageT = universal_teleop_msgs::msg::Control_<std::allocator<void> >; CallbackT = std::_Bind<void (scorbot::Teleop::*(std::shared_ptr<rclcpp::Node>, std::_Placeholder<1>))(const std::shared_ptr<universal_teleop_msgs::msg::Control_<std::allocator<void> > >&)>; AllocatorT = std::allocator<void>; SubscriptionT = rclcpp::Subscription<universal_teleop_msgs::msg::Control_<std::allocator<void> > >; MessageMemoryStrategyT = rclcpp::message_memory_strategy::MessageMemoryStrategy<universal_teleop_msgs::msg::Control_<std::allocator<void> >, std::allocator<void> >; ROSMessageType = universal_teleop_msgs::msg::Control_<std::allocator<void> >; typename MessageMemoryStrategyT::SharedPtr = std::shared_ptr<rclcpp::message_memory_strategy::MessageMemoryStrategy<universal_teleop_msgs::msg::Control_<std::allocator<void> >, std::allocator<void> > >][m[K’
[01m[K/opt/ros/humble/include/rclcpp/rclcpp/create_subscription.hpp:122:63:[m[K   required from ‘[01m[Kstd::shared_ptr<ROSMessageT> rclcpp::detail::create_subscription(NodeParametersT&, NodeTopicsT&, const string&, const rclcpp::QoS&, CallbackT&&, const rclcpp::SubscriptionOptionsWithAllocator<AllocatorT>&, typename MessageMemoryStrategyT::SharedPtr) [with MessageT = universal_teleop_msgs::msg::Control_<std::allocator<void> >; CallbackT = std::_Bind<void (scorbot::Teleop::*(std::shared_ptr<rclcpp::Node>, std::_Placeholder<1>))(const std::shared_ptr<universal_teleop_msgs::msg::Control_<std::allocator<void> > >&)>; AllocatorT = std::allocator<void>; SubscriptionT = rclcpp::Subscription<universal_teleop_msgs::msg::Control_<std::allocator<void> > >; MessageMemoryStrategyT = rclcpp::message_memory_strategy::MessageMemoryStrategy<universal_teleop_msgs::msg::Control_<std::allocator<void> >, std::allocator<void> >; NodeParametersT = rclcpp::Node; NodeTopicsT = rclcpp::Node; ROSMessageType = universal_teleop_msgs::msg::Control_<std::allocator<void> >; std::string = std::__cxx11::basic_string<char>; typename MessageMemoryStrategyT::SharedPtr = std::shared_ptr<rclcpp::message_memory_strategy::MessageMemoryStrategy<universal_teleop_msgs::msg::Control_<std::allocator<void> >, std::allocator<void> > >][m[K’
[01m[K/opt/ros/humble/include/rclcpp/rclcpp/create_subscription.hpp:191:76:[m[K   required from ‘[01m[Kstd::shared_ptr<ROSMessageT> rclcpp::create_subscription(NodeT&, const string&, const rclcpp::QoS&, CallbackT&&, const rclcpp::SubscriptionOptionsWithAllocator<AllocatorT>&, typename MessageMemoryStrategyT::SharedPtr) [with MessageT = universal_teleop_msgs::msg::Control_<std::allocator<void> >; CallbackT = std::_Bind<void (scorbot::Teleop::*(std::shared_ptr<rclcpp::Node>, std::_Placeholder<1>))(const std::shared_ptr<universal_teleop_msgs::msg::Control_<std::allocator<void> > >&)>; AllocatorT = std::allocator<void>; SubscriptionT = rclcpp::Subscription<universal_teleop_msgs::msg::Control_<std::allocator<void> > >; MessageMemoryStrategyT = rclcpp::message_memory_strategy::MessageMemoryStrategy<universal_teleop_msgs::msg::Control_<std::allocator<void> >, std::allocator<void> >; NodeT = rclcpp::Node; std::string = std::__cxx11::basic_string<char>; typename MessageMemoryStrategyT::SharedPtr = std::shared_ptr<rclcpp::message_memory_strategy::MessageMemoryStrategy<universal_teleop_msgs::msg::Control_<std::allocator<void> >, std::allocator<void> > >][m[K’
[01m[K/opt/ros/humble/include/rclcpp/rclcpp/node_impl.hpp:99:47:[m[K   required from ‘[01m[Kstd::shared_ptr<ROSMessageT> rclcpp::Node::create_subscription(const string&, const rclcpp::QoS&, CallbackT&&, const rclcpp::SubscriptionOptionsWithAllocator<AllocatorT>&, typename MessageMemoryStrategyT::SharedPtr) [with MessageT = universal_teleop_msgs::msg::Control_<std::allocator<void> >; CallbackT = std::_Bind<void (scorbot::Teleop::*(std::shared_ptr<rclcpp::Node>, std::_Placeholder<1>))(const std::shared_ptr<universal_teleop_msgs::msg::Control_<std::allocator<void> > >&)>; AllocatorT = std::allocator<void>; SubscriptionT = rclcpp::Subscription<universal_teleop_msgs::msg::Control_<std::allocator<void> > >; MessageMemoryStrategyT = rclcpp::message_memory_strategy::MessageMemoryStrategy<universal_teleop_msgs::msg::Control_<std::allocator<void> >, std::allocator<void> >; std::string = std::__cxx11::basic_string<char>; typename MessageMemoryStrategyT::SharedPtr = std::shared_ptr<rclcpp::message_memory_strategy::MessageMemoryStrategy<universal_teleop_msgs::msg::Control_<std::allocator<void> >, std::allocator<void> > >][m[K’
[01m[K/home/leon/robotica/scorbotLabo/software_scorbot/scorbot_ws/scorbot/src/scorbot.cpp:29:79:[m[K   required from here
[01m[K/usr/include/c++/11/bits/std_function.h:404:7:[m[K [01;36m[Knote: [m[Kcandidate: ‘[01m[Kstd::function<_Res(_ArgTypes ...)>::function(std::function<_Res(_ArgTypes ...)>&&) [with _Res = void; _ArgTypes = {const std::shared_ptr<universal_teleop_msgs::msg::Control_<std::allocator<void> > >&}][m[K’
  404 |       [01;36m[Kfunction[m[K(function&& __x) noexcept
      |       [01;36m[K^~~~~~~~[m[K
[01m[K/usr/include/c++/11/bits/std_function.h:404:27:[m[K [01;36m[Knote: [m[K  no known conversion for argument 1 from ‘[01m[Kstd::_Bind<void (scorbot::Teleop::*(std::shared_ptr<rclcpp::Node>, std::_Placeholder<1>))(const std::shared_ptr<universal_teleop_msgs::msg::Control_<std::allocator<void> > >&)>[m[K’ to ‘[01m[Kstd::function<void(const std::shared_ptr<universal_teleop_msgs::msg::Control_<std::allocator<void> > >&)>&&[m[K’
  404 |       function([01;36m[Kfunction&& __x[m[K) noexcept
      |                [01;36m[K~~~~~~~~~~~^~~[m[K
[01m[K/usr/include/c++/11/bits/std_function.h:386:7:[m[K [01;36m[Knote: [m[Kcandidate: ‘[01m[Kstd::function<_Res(_ArgTypes ...)>::function(const std::function<_Res(_ArgTypes ...)>&) [with _Res = void; _ArgTypes = {const std::shared_ptr<universal_teleop_msgs::msg::Control_<std::allocator<void> > >&}][m[K’
  386 |       [01;36m[Kfunction[m[K(const function& __x)
      |       [01;36m[K^~~~~~~~[m[K
[01m[K/usr/include/c++/11/bits/std_function.h:386:32:[m[K [01;36m[Knote: [m[K  no known conversion for argument 1 from ‘[01m[Kstd::_Bind<void (scorbot::Teleop::*(std::shared_ptr<rclcpp::Node>, std::_Placeholder<1>))(const std::shared_ptr<universal_teleop_msgs::msg::Control_<std::allocator<void> > >&)>[m[K’ to ‘[01m[Kconst std::function<void(const std::shared_ptr<universal_teleop_msgs::msg::Control_<std::allocator<void> > >&)>&[m[K’
  386 |       function([01;36m[Kconst function& __x[m[K)
      |                [01;36m[K~~~~~~~~~~~~~~~~^~~[m[K
[01m[K/usr/include/c++/11/bits/std_function.h:375:7:[m[K [01;36m[Knote: [m[Kcandidate: ‘[01m[Kstd::function<_Res(_ArgTypes ...)>::function(std::nullptr_t) [with _Res = void; _ArgTypes = {const std::shared_ptr<universal_teleop_msgs::msg::Control_<std::allocator<void> > >&}; std::nullptr_t = std::nullptr_t][m[K’
  375 |       [01;36m[Kfunction[m[K(nullptr_t) noexcept
      |       [01;36m[K^~~~~~~~[m[K
[01m[K/usr/include/c++/11/bits/std_function.h:375:16:[m[K [01;36m[Knote: [m[K  no known conversion for argument 1 from ‘[01m[Kstd::_Bind<void (scorbot::Teleop::*(std::shared_ptr<rclcpp::Node>, std::_Placeholder<1>))(const std::shared_ptr<universal_teleop_msgs::msg::Control_<std::allocator<void> > >&)>[m[K’ to ‘[01m[Kstd::nullptr_t[m[K’
  375 |       function([01;36m[Knullptr_t[m[K) noexcept
      |                [01;36m[K^~~~~~~~~[m[K
[01m[K/usr/include/c++/11/bits/std_function.h:368:7:[m[K [01;36m[Knote: [m[Kcandidate: ‘[01m[Kstd::function<_Res(_ArgTypes ...)>::function() [with _Res = void; _ArgTypes = {const std::shared_ptr<universal_teleop_msgs::msg::Control_<std::allocator<void> > >&}][m[K’
  368 |       [01;36m[Kfunction[m[K() noexcept
      |       [01;36m[K^~~~~~~~[m[K
[01m[K/usr/include/c++/11/bits/std_function.h:368:7:[m[K [01;36m[Knote: [m[K  candidate expects 0 arguments, 1 provided
In file included from [01m[K/opt/ros/humble/include/rclcpp/rclcpp/subscription_base.hpp:32[m[K,
                 from [01m[K/opt/ros/humble/include/rclcpp/rclcpp/callback_group.hpp:29[m[K,
                 from [01m[K/opt/ros/humble/include/rclcpp/rclcpp/any_executable.hpp:20[m[K,
                 from [01m[K/opt/ros/humble/include/rclcpp/rclcpp/memory_strategy.hpp:25[m[K,
                 from [01m[K/opt/ros/humble/include/rclcpp/rclcpp/memory_strategies.hpp:18[m[K,
                 from [01m[K/opt/ros/humble/include/rclcpp/rclcpp/executor_options.hpp:20[m[K,
                 from [01m[K/opt/ros/humble/include/rclcpp/rclcpp/executor.hpp:37[m[K,
                 from [01m[K/opt/ros/humble/include/rclcpp/rclcpp/executors/multi_threaded_executor.hpp:25[m[K,
                 from [01m[K/opt/ros/humble/include/rclcpp/rclcpp/executors.hpp:21[m[K,
                 from [01m[K/opt/ros/humble/include/rclcpp/rclcpp/rclcpp.hpp:155[m[K,
                 from [01m[K/home/leon/robotica/scorbotLabo/software_scorbot/scorbot_ws/scorbot/src/scorbot.h:4[m[K,
                 from [01m[K/home/leon/robotica/scorbotLabo/software_scorbot/scorbot_ws/scorbot/src/scorbot.cpp:1[m[K:
/opt/ros/humble/include/rclcpp/rclcpp/any_subscription_callback.hpp: In instantiation of ‘[01m[Krclcpp::AnySubscriptionCallback<MessageT, AllocatorT> rclcpp::AnySubscriptionCallback<MessageT, AllocatorT>::set(CallbackT) [with CallbackT = std::_Bind<void (scorbot::Teleop::*(std::shared_ptr<rclcpp::Node>, std::_Placeholder<1>))(const std::shared_ptr<universal_teleop_msgs::msg::Event_<std::allocator<void> > >&)>; MessageT = universal_teleop_msgs::msg::Event_<std::allocator<void> >; AllocatorT = std::allocator<void>][m[K’:
[01m[K/opt/ros/humble/include/rclcpp/rclcpp/subscription_factory.hpp:94:32:[m[K   required from ‘[01m[Krclcpp::SubscriptionFactory rclcpp::create_subscription_factory(CallbackT&&, const rclcpp::SubscriptionOptionsWithAllocator<AllocatorT>&, typename MessageMemoryStrategyT::SharedPtr, std::shared_ptr<rclcpp::topic_statistics::SubscriptionTopicStatistics<ROSMessageType> >) [with MessageT = universal_teleop_msgs::msg::Event_<std::allocator<void> >; CallbackT = std::_Bind<void (scorbot::Teleop::*(std::shared_ptr<rclcpp::Node>, std::_Placeholder<1>))(const std::shared_ptr<universal_teleop_msgs::msg::Event_<std::allocator<void> > >&)>; AllocatorT = std::allocator<void>; SubscriptionT = rclcpp::Subscription<universal_teleop_msgs::msg::Event_<std::allocator<void> > >; MessageMemoryStrategyT = rclcpp::message_memory_strategy::MessageMemoryStrategy<universal_teleop_msgs::msg::Event_<std::allocator<void> >, std::allocator<void> >; ROSMessageType = universal_teleop_msgs::msg::Event_<std::allocator<void> >; typename MessageMemoryStrategyT::SharedPtr = std::shared_ptr<rclcpp::message_memory_strategy::MessageMemoryStrategy<universal_teleop_msgs::msg::Event_<std::allocator<void> >, std::allocator<void> > >][m[K’
[01m[K/opt/ros/humble/include/rclcpp/rclcpp/create_subscription.hpp:122:63:[m[K   required from ‘[01m[Kstd::shared_ptr<ROSMessageT> rclcpp::detail::create_subscription(NodeParametersT&, NodeTopicsT&, const string&, const rclcpp::QoS&, CallbackT&&, const rclcpp::SubscriptionOptionsWithAllocator<AllocatorT>&, typename MessageMemoryStrategyT::SharedPtr) [with MessageT = universal_teleop_msgs::msg::Event_<std::allocator<void> >; CallbackT = std::_Bind<void (scorbot::Teleop::*(std::shared_ptr<rclcpp::Node>, std::_Placeholder<1>))(const std::shared_ptr<universal_teleop_msgs::msg::Event_<std::allocator<void> > >&)>; AllocatorT = std::allocator<void>; SubscriptionT = rclcpp::Subscription<universal_teleop_msgs::msg::Event_<std::allocator<void> > >; MessageMemoryStrategyT = rclcpp::message_memory_strategy::MessageMemoryStrategy<universal_teleop_msgs::msg::Event_<std::allocator<void> >, std::allocator<void> >; NodeParametersT = rclcpp::Node; NodeTopicsT = rclcpp::Node; ROSMessageType = universal_teleop_msgs::msg::Event_<std::allocator<void> >; std::string = std::__cxx11::basic_string<char>; typename MessageMemoryStrategyT::SharedPtr = std::shared_ptr<rclcpp::message_memory_strategy::MessageMemoryStrategy<universal_teleop_msgs::msg::Event_<std::allocator<void> >, std::allocator<void> > >][m[K’
[01m[K/opt/ros/humble/include/rclcpp/rclcpp/create_subscription.hpp:191:76:[m[K   required from ‘[01m[Kstd::shared_ptr<ROSMessageT> rclcpp::create_subscription(NodeT&, const string&, const rclcpp::QoS&, CallbackT&&, const rclcpp::SubscriptionOptionsWithAllocator<AllocatorT>&, typename MessageMemoryStrategyT::SharedPtr) [with MessageT = universal_teleop_msgs::msg::Event_<std::allocator<void> >; CallbackT = std::_Bind<void (scorbot::Teleop::*(std::shared_ptr<rclcpp::Node>, std::_Placeholder<1>))(const std::shared_ptr<universal_teleop_msgs::msg::Event_<std::allocator<void> > >&)>; AllocatorT = std::allocator<void>; SubscriptionT = rclcpp::Subscription<universal_teleop_msgs::msg::Event_<std::allocator<void> > >; MessageMemoryStrategyT = rclcpp::message_memory_strategy::MessageMemoryStrategy<universal_teleop_msgs::msg::Event_<std::allocator<void> >, std::allocator<void> >; NodeT = rclcpp::Node; std::string = std::__cxx11::basic_string<char>; typename MessageMemoryStrategyT::SharedPtr = std::shared_ptr<rclcpp::message_memory_strategy::MessageMemoryStrategy<universal_teleop_msgs::msg::Event_<std::allocator<void> >, std::allocator<void> > >][m[K’
[01m[K/opt/ros/humble/include/rclcpp/rclcpp/node_impl.hpp:99:47:[m[K   required from ‘[01m[Kstd::shared_ptr<ROSMessageT> rclcpp::Node::create_subscription(const string&, const rclcpp::QoS&, CallbackT&&, const rclcpp::SubscriptionOptionsWithAllocator<AllocatorT>&, typename MessageMemoryStrategyT::SharedPtr) [with MessageT = universal_teleop_msgs::msg::Event_<std::allocator<void> >; CallbackT = std::_Bind<void (scorbot::Teleop::*(std::shared_ptr<rclcpp::Node>, std::_Placeholder<1>))(const std::shared_ptr<universal_teleop_msgs::msg::Event_<std::allocator<void> > >&)>; AllocatorT = std::allocator<void>; SubscriptionT = rclcpp::Subscription<universal_teleop_msgs::msg::Event_<std::allocator<void> > >; MessageMemoryStrategyT = rclcpp::message_memory_strategy::MessageMemoryStrategy<universal_teleop_msgs::msg::Event_<std::allocator<void> >, std::allocator<void> >; std::string = std::__cxx11::basic_string<char>; typename MessageMemoryStrategyT::SharedPtr = std::shared_ptr<rclcpp::message_memory_strategy::MessageMemoryStrategy<universal_teleop_msgs::msg::Event_<std::allocator<void> >, std::allocator<void> > >][m[K’
[01m[K/home/leon/robotica/scorbotLabo/software_scorbot/scorbot_ws/scorbot/src/scorbot.cpp:30:76:[m[K   required from here
[01m[K/opt/ros/humble/include/rclcpp/rclcpp/any_subscription_callback.hpp:394:27:[m[K [01;31m[Kerror: [m[Kno matching function for call to ‘[01m[Kstd::function<void(const std::shared_ptr<universal_teleop_msgs::msg::Event_<std::allocator<void> > >&)>::function(std::_Bind<void (scorbot::Teleop::*(std::shared_ptr<rclcpp::Node>, std::_Placeholder<1>))(const std::shared_ptr<universal_teleop_msgs::msg::Event_<std::allocator<void> > >&)>&)[m[K’
  394 |       callback_variant_ = [01;31m[Kstatic_cast<typename scbth::callback_type>(callback)[m[K;
      |                           [01;31m[K^~~~~~~~~~~~~~~~~~~~~~~~~~~~~~~~~~~~~~~~~~~~~~~~~~~~[m[K
In file included from [01m[K/usr/include/c++/11/future:47[m[K,
                 from [01m[K/opt/ros/humble/include/rclcpp/rclcpp/executors.hpp:18[m[K,
                 from [01m[K/opt/ros/humble/include/rclcpp/rclcpp/rclcpp.hpp:155[m[K,
                 from [01m[K/home/leon/robotica/scorbotLabo/software_scorbot/scorbot_ws/scorbot/src/scorbot.h:4[m[K,
                 from [01m[K/home/leon/robotica/scorbotLabo/software_scorbot/scorbot_ws/scorbot/src/scorbot.cpp:1[m[K:
[01m[K/usr/include/c++/11/bits/std_function.h:435:9:[m[K [01;36m[Knote: [m[Kcandidate: ‘[01m[Ktemplate<class _Functor, class _Constraints> std::function<_Res(_ArgTypes ...)>::function(_Functor&&) [with _Functor = _Functor; _Constraints = _Constraints; _Res = void; _ArgTypes = {const std::shared_ptr<universal_teleop_msgs::msg::Event_<std::allocator<void> > >&}][m[K’
  435 |         [01;36m[Kfunction[m[K(_Functor&& __f)
      |         [01;36m[K^~~~~~~~[m[K
[01m[K/usr/include/c++/11/bits/std_function.h:435:9:[m[K [01;36m[Knote: [m[K  template argument deduction/substitution failed:
[01m[K/usr/include/c++/11/bits/std_function.h:404:7:[m[K [01;36m[Knote: [m[Kcandidate: ‘[01m[Kstd::function<_Res(_ArgTypes ...)>::function(std::function<_Res(_ArgTypes ...)>&&) [with _Res = void; _ArgTypes = {const std::shared_ptr<universal_teleop_msgs::msg::Event_<std::allocator<void> > >&}][m[K’
  404 |       [01;36m[Kfunction[m[K(function&& __x) noexcept
      |       [01;36m[K^~~~~~~~[m[K
[01m[K/usr/include/c++/11/bits/std_function.h:404:27:[m[K [01;36m[Knote: [m[K  no known conversion for argument 1 from ‘[01m[Kstd::_Bind<void (scorbot::Teleop::*(std::shared_ptr<rclcpp::Node>, std::_Placeholder<1>))(const std::shared_ptr<universal_teleop_msgs::msg::Event_<std::allocator<void> > >&)>[m[K’ to ‘[01m[Kstd::function<void(const std::shared_ptr<universal_teleop_msgs::msg::Event_<std::allocator<void> > >&)>&&[m[K’
  404 |       function([01;36m[Kfunction&& __x[m[K) noexcept
      |                [01;36m[K~~~~~~~~~~~^~~[m[K
[01m[K/usr/include/c++/11/bits/std_function.h:386:7:[m[K [01;36m[Knote: [m[Kcandidate: ‘[01m[Kstd::function<_Res(_ArgTypes ...)>::function(const std::function<_Res(_ArgTypes ...)>&) [with _Res = void; _ArgTypes = {const std::shared_ptr<universal_teleop_msgs::msg::Event_<std::allocator<void> > >&}][m[K’
  386 |       [01;36m[Kfunction[m[K(const function& __x)
      |       [01;36m[K^~~~~~~~[m[K
[01m[K/usr/include/c++/11/bits/std_function.h:386:32:[m[K [01;36m[Knote: [m[K  no known conversion for argument 1 from ‘[01m[Kstd::_Bind<void (scorbot::Teleop::*(std::shared_ptr<rclcpp::Node>, std::_Placeholder<1>))(const std::shared_ptr<universal_teleop_msgs::msg::Event_<std::allocator<void> > >&)>[m[K’ to ‘[01m[Kconst std::function<void(const std::shared_ptr<universal_teleop_msgs::msg::Event_<std::allocator<void> > >&)>&[m[K’
  386 |       function([01;36m[Kconst function& __x[m[K)
      |                [01;36m[K~~~~~~~~~~~~~~~~^~~[m[K
[01m[K/usr/include/c++/11/bits/std_function.h:375:7:[m[K [01;36m[Knote: [m[Kcandidate: ‘[01m[Kstd::function<_Res(_ArgTypes ...)>::function(std::nullptr_t) [with _Res = void; _ArgTypes = {const std::shared_ptr<universal_teleop_msgs::msg::Event_<std::allocator<void> > >&}; std::nullptr_t = std::nullptr_t][m[K’
  375 |       [01;36m[Kfunction[m[K(nullptr_t) noexcept
      |       [01;36m[K^~~~~~~~[m[K
[01m[K/usr/include/c++/11/bits/std_function.h:375:16:[m[K [01;36m[Knote: [m[K  no known conversion for argument 1 from ‘[01m[Kstd::_Bind<void (scorbot::Teleop::*(std::shared_ptr<rclcpp::Node>, std::_Placeholder<1>))(const std::shared_ptr<universal_teleop_msgs::msg::Event_<std::allocator<void> > >&)>[m[K’ to ‘[01m[Kstd::nullptr_t[m[K’
  375 |       function([01;36m[Knullptr_t[m[K) noexcept
      |                [01;36m[K^~~~~~~~~[m[K
[01m[K/usr/include/c++/11/bits/std_function.h:368:7:[m[K [01;36m[Knote: [m[Kcandidate: ‘[01m[Kstd::function<_Res(_ArgTypes ...)>::function() [with _Res = void; _ArgTypes = {const std::shared_ptr<universal_teleop_msgs::msg::Event_<std::allocator<void> > >&}][m[K’
  368 |       [01;36m[Kfunction[m[K() noexcept
      |       [01;36m[K^~~~~~~~[m[K
[01m[K/usr/include/c++/11/bits/std_function.h:368:7:[m[K [01;36m[Knote: [m[K  candidate expects 0 arguments, 1 provided
In file included from [01m[K/opt/ros/humble/include/rclcpp/rclcpp/subscription_base.hpp:32[m[K,
                 from [01m[K/opt/ros/humble/include/rclcpp/rclcpp/callback_group.hpp:29[m[K,
                 from [01m[K/opt/ros/humble/include/rclcpp/rclcpp/any_executable.hpp:20[m[K,
                 from [01m[K/opt/ros/humble/include/rclcpp/rclcpp/memory_strategy.hpp:25[m[K,
                 from [01m[K/opt/ros/humble/include/rclcpp/rclcpp/memory_strategies.hpp:18[m[K,
                 from [01m[K/opt/ros/humble/include/rclcpp/rclcpp/executor_options.hpp:20[m[K,
                 from [01m[K/opt/ros/humble/include/rclcpp/rclcpp/executor.hpp:37[m[K,
                 from [01m[K/opt/ros/humble/include/rclcpp/rclcpp/executors/multi_threaded_executor.hpp:25[m[K,
                 from [01m[K/opt/ros/humble/include/rclcpp/rclcpp/executors.hpp:21[m[K,
                 from [01m[K/opt/ros/humble/include/rclcpp/rclcpp/rclcpp.hpp:155[m[K,
                 from [01m[K/home/leon/robotica/scorbotLabo/software_scorbot/scorbot_ws/scorbot/src/scorbot.h:4[m[K,
                 from [01m[K/home/leon/robotica/scorbotLabo/software_scorbot/scorbot_ws/scorbot/src/scorbot.cpp:1[m[K:
/opt/ros/humble/include/rclcpp/rclcpp/any_subscription_callback.hpp: In instantiation of ‘[01m[Krclcpp::AnySubscriptionCallback<MessageT, AllocatorT> rclcpp::AnySubscriptionCallback<MessageT, AllocatorT>::set(CallbackT) [with CallbackT = std::_Bind<void (scorbot::Teleop::*(std::shared_ptr<rclcpp::Node>, std::_Placeholder<1>))(const std::shared_ptr<std_msgs::msg::Float64_<std::allocator<void> > >&)>; MessageT = std_msgs::msg::Float64_<std::allocator<void> >; AllocatorT = std::allocator<void>][m[K’:
[01m[K/opt/ros/humble/include/rclcpp/rclcpp/subscription_factory.hpp:94:32:[m[K   required from ‘[01m[Krclcpp::SubscriptionFactory rclcpp::create_subscription_factory(CallbackT&&, const rclcpp::SubscriptionOptionsWithAllocator<AllocatorT>&, typename MessageMemoryStrategyT::SharedPtr, std::shared_ptr<rclcpp::topic_statistics::SubscriptionTopicStatistics<ROSMessageType> >) [with MessageT = std_msgs::msg::Float64_<std::allocator<void> >; CallbackT = std::_Bind<void (scorbot::Teleop::*(std::shared_ptr<rclcpp::Node>, std::_Placeholder<1>))(const std::shared_ptr<std_msgs::msg::Float64_<std::allocator<void> > >&)>; AllocatorT = std::allocator<void>; SubscriptionT = rclcpp::Subscription<std_msgs::msg::Float64_<std::allocator<void> > >; MessageMemoryStrategyT = rclcpp::message_memory_strategy::MessageMemoryStrategy<std_msgs::msg::Float64_<std::allocator<void> >, std::allocator<void> >; ROSMessageType = std_msgs::msg::Float64_<std::allocator<void> >; typename MessageMemoryStrategyT::SharedPtr = std::shared_ptr<rclcpp::message_memory_strategy::MessageMemoryStrategy<std_msgs::msg::Float64_<std::allocator<void> >, std::allocator<void> > >][m[K’
[01m[K/opt/ros/humble/include/rclcpp/rclcpp/create_subscription.hpp:122:63:[m[K   required from ‘[01m[Kstd::shared_ptr<ROSMessageT> rclcpp::detail::create_subscription(NodeParametersT&, NodeTopicsT&, const string&, const rclcpp::QoS&, CallbackT&&, const rclcpp::SubscriptionOptionsWithAllocator<AllocatorT>&, typename MessageMemoryStrategyT::SharedPtr) [with MessageT = std_msgs::msg::Float64_<std::allocator<void> >; CallbackT = std::_Bind<void (scorbot::Teleop::*(std::shared_ptr<rclcpp::Node>, std::_Placeholder<1>))(const std::shared_ptr<std_msgs::msg::Float64_<std::allocator<void> > >&)>; AllocatorT = std::allocator<void>; SubscriptionT = rclcpp::Subscription<std_msgs::msg::Float64_<std::allocator<void> > >; MessageMemoryStrategyT = rclcpp::message_memory_strategy::MessageMemoryStrategy<std_msgs::msg::Float64_<std::allocator<void> >, std::allocator<void> >; NodeParametersT = rclcpp::Node; NodeTopicsT = rclcpp::Node; ROSMessageType = std_msgs::msg::Float64_<std::allocator<void> >; std::string = std::__cxx11::basic_string<char>; typename MessageMemoryStrategyT::SharedPtr = std::shared_ptr<rclcpp::message_memory_strategy::MessageMemoryStrategy<std_msgs::msg::Float64_<std::allocator<void> >, std::allocator<void> > >][m[K’
[01m[K/opt/ros/humble/include/rclcpp/rclcpp/create_subscription.hpp:191:76:[m[K   required from ‘[01m[Kstd::shared_ptr<ROSMessageT> rclcpp::create_subscription(NodeT&, const string&, const rclcpp::QoS&, CallbackT&&, const rclcpp::SubscriptionOptionsWithAllocator<AllocatorT>&, typename MessageMemoryStrategyT::SharedPtr) [with MessageT = std_msgs::msg::Float64_<std::allocator<void> >; CallbackT = std::_Bind<void (scorbot::Teleop::*(std::shared_ptr<rclcpp::Node>, std::_Placeholder<1>))(const std::shared_ptr<std_msgs::msg::Float64_<std::allocator<void> > >&)>; AllocatorT = std::allocator<void>; SubscriptionT = rclcpp::Subscription<std_msgs::msg::Float64_<std::allocator<void> > >; MessageMemoryStrategyT = rclcpp::message_memory_strategy::MessageMemoryStrategy<std_msgs::msg::Float64_<std::allocator<void> >, std::allocator<void> >; NodeT = rclcpp::Node; std::string = std::__cxx11::basic_string<char>; typename MessageMemoryStrategyT::SharedPtr = std::shared_ptr<rclcpp::message_memory_strategy::MessageMemoryStrategy<std_msgs::msg::Float64_<std::allocator<void> >, std::allocator<void> > >][m[K’
[01m[K/opt/ros/humble/include/rclcpp/rclcpp/node_impl.hpp:99:47:[m[K   required from ‘[01m[Kstd::shared_ptr<ROSMessageT> rclcpp::Node::create_subscription(const string&, const rclcpp::QoS&, CallbackT&&, const rclcpp::SubscriptionOptionsWithAllocator<AllocatorT>&, typename MessageMemoryStrategyT::SharedPtr) [with MessageT = std_msgs::msg::Float64_<std::allocator<void> >; CallbackT = std::_Bind<void (scorbot::Teleop::*(std::shared_ptr<rclcpp::Node>, std::_Placeholder<1>))(const std::shared_ptr<std_msgs::msg::Float64_<std::allocator<void> > >&)>; AllocatorT = std::allocator<void>; SubscriptionT = rclcpp::Subscription<std_msgs::msg::Float64_<std::allocator<void> > >; MessageMemoryStrategyT = rclcpp::message_memory_strategy::MessageMemoryStrategy<std_msgs::msg::Float64_<std::allocator<void> >, std::allocator<void> >; std::string = std::__cxx11::basic_string<char>; typename MessageMemoryStrategyT::SharedPtr = std::shared_ptr<rclcpp::message_memory_strategy::MessageMemoryStrategy<std_msgs::msg::Float64_<std::allocator<void> >, std::allocator<void> > >][m[K’
[01m[K/home/leon/robotica/scorbotLabo/software_scorbot/scorbot_ws/scorbot/src/scorbot.cpp:41:74:[m[K   required from here
[01m[K/opt/ros/humble/include/rclcpp/rclcpp/any_subscription_callback.hpp:394:27:[m[K [01;31m[Kerror: [m[Kno matching function for call to ‘[01m[Kstd::function<void(const std::shared_ptr<std_msgs::msg::Float64_<std::allocator<void> > >&)>::function(std::_Bind<void (scorbot::Teleop::*(std::shared_ptr<rclcpp::Node>, std::_Placeholder<1>))(const std::shared_ptr<std_msgs::msg::Float64_<std::allocator<void> > >&)>&)[m[K’
  394 |       callback_variant_ = [01;31m[Kstatic_cast<typename scbth::callback_type>(callback)[m[K;
      |                           [01;31m[K^~~~~~~~~~~~~~~~~~~~~~~~~~~~~~~~~~~~~~~~~~~~~~~~~~~~[m[K
In file included from [01m[K/usr/include/c++/11/future:47[m[K,
                 from [01m[K/opt/ros/humble/include/rclcpp/rclcpp/executors.hpp:18[m[K,
                 from [01m[K/opt/ros/humble/include/rclcpp/rclcpp/rclcpp.hpp:155[m[K,
                 from [01m[K/home/leon/robotica/scorbotLabo/software_scorbot/scorbot_ws/scorbot/src/scorbot.h:4[m[K,
                 from [01m[K/home/leon/robotica/scorbotLabo/software_scorbot/scorbot_ws/scorbot/src/scorbot.cpp:1[m[K:
[01m[K/usr/include/c++/11/bits/std_function.h:435:9:[m[K [01;36m[Knote: [m[Kcandidate: ‘[01m[Ktemplate<class _Functor, class _Constraints> std::function<_Res(_ArgTypes ...)>::function(_Functor&&) [with _Functor = _Functor; _Constraints = _Constraints; _Res = void; _ArgTypes = {const std::shared_ptr<std_msgs::msg::Float64_<std::allocator<void> > >&}][m[K’
  435 |         [01;36m[Kfunction[m[K(_Functor&& __f)
      |         [01;36m[K^~~~~~~~[m[K
[01m[K/usr/include/c++/11/bits/std_function.h:435:9:[m[K [01;36m[Knote: [m[K  template argument deduction/substitution failed:
[01m[K/usr/include/c++/11/bits/std_function.h:404:7:[m[K [01;36m[Knote: [m[Kcandidate: ‘[01m[Kstd::function<_Res(_ArgTypes ...)>::function(std::function<_Res(_ArgTypes ...)>&&) [with _Res = void; _ArgTypes = {const std::shared_ptr<std_msgs::msg::Float64_<std::allocator<void> > >&}][m[K’
  404 |       [01;36m[Kfunction[m[K(function&& __x) noexcept
      |       [01;36m[K^~~~~~~~[m[K
[01m[K/usr/include/c++/11/bits/std_function.h:404:27:[m[K [01;36m[Knote: [m[K  no known conversion for argument 1 from ‘[01m[Kstd::_Bind<void (scorbot::Teleop::*(std::shared_ptr<rclcpp::Node>, std::_Placeholder<1>))(const std::shared_ptr<std_msgs::msg::Float64_<std::allocator<void> > >&)>[m[K’ to ‘[01m[Kstd::function<void(const std::shared_ptr<std_msgs::msg::Float64_<std::allocator<void> > >&)>&&[m[K’
  404 |       function([01;36m[Kfunction&& __x[m[K) noexcept
      |                [01;36m[K~~~~~~~~~~~^~~[m[K
[01m[K/usr/include/c++/11/bits/std_function.h:386:7:[m[K [01;36m[Knote: [m[Kcandidate: ‘[01m[Kstd::function<_Res(_ArgTypes ...)>::function(const std::function<_Res(_ArgTypes ...)>&) [with _Res = void; _ArgTypes = {const std::shared_ptr<std_msgs::msg::Float64_<std::allocator<void> > >&}][m[K’
  386 |       [01;36m[Kfunction[m[K(const function& __x)
      |       [01;36m[K^~~~~~~~[m[K
[01m[K/usr/include/c++/11/bits/std_function.h:386:32:[m[K [01;36m[Knote: [m[K  no known conversion for argument 1 from ‘[01m[Kstd::_Bind<void (scorbot::Teleop::*(std::shared_ptr<rclcpp::Node>, std::_Placeholder<1>))(const std::shared_ptr<std_msgs::msg::Float64_<std::allocator<void> > >&)>[m[K’ to ‘[01m[Kconst std::function<void(const std::shared_ptr<std_msgs::msg::Float64_<std::allocator<void> > >&)>&[m[K’
  386 |       function([01;36m[Kconst function& __x[m[K)
      |                [01;36m[K~~~~~~~~~~~~~~~~^~~[m[K
[01m[K/usr/include/c++/11/bits/std_function.h:375:7:[m[K [01;36m[Knote: [m[Kcandidate: ‘[01m[Kstd::function<_Res(_ArgTypes ...)>::function(std::nullptr_t) [with _Res = void; _ArgTypes = {const std::shared_ptr<std_msgs::msg::Float64_<std::allocator<void> > >&}; std::nullptr_t = std::nullptr_t][m[K’
  375 |       [01;36m[Kfunction[m[K(nullptr_t) noexcept
      |       [01;36m[K^~~~~~~~[m[K
[01m[K/usr/include/c++/11/bits/std_function.h:375:16:[m[K [01;36m[Knote: [m[K  no known conversion for argument 1 from ‘[01m[Kstd::_Bind<void (scorbot::Teleop::*(std::shared_ptr<rclcpp::Node>, std::_Placeholder<1>))(const std::shared_ptr<std_msgs::msg::Float64_<std::allocator<void> > >&)>[m[K’ to ‘[01m[Kstd::nullptr_t[m[K’
  375 |       function([01;36m[Knullptr_t[m[K) noexcept
      |                [01;36m[K^~~~~~~~~[m[K
[01m[K/usr/include/c++/11/bits/std_function.h:368:7:[m[K [01;36m[Knote: [m[Kcandidate: ‘[01m[Kstd::function<_Res(_ArgTypes ...)>::function() [with _Res = void; _ArgTypes = {const std::shared_ptr<std_msgs::msg::Float64_<std::allocator<void> > >&}][m[K’
  368 |       [01;36m[Kfunction[m[K() noexcept
      |       [01;36m[K^~~~~~~~[m[K
[01m[K/usr/include/c++/11/bits/std_function.h:368:7:[m[K [01;36m[Knote: [m[K  candidate expects 0 arguments, 1 provided
In file included from [01m[K/opt/ros/humble/include/rclcpp/rclcpp/subscription_base.hpp:32[m[K,
                 from [01m[K/opt/ros/humble/include/rclcpp/rclcpp/callback_group.hpp:29[m[K,
                 from [01m[K/opt/ros/humble/include/rclcpp/rclcpp/any_executable.hpp:20[m[K,
                 from [01m[K/opt/ros/humble/include/rclcpp/rclcpp/memory_strategy.hpp:25[m[K,
                 from [01m[K/opt/ros/humble/include/rclcpp/rclcpp/memory_strategies.hpp:18[m[K,
                 from [01m[K/opt/ros/humble/include/rclcpp/rclcpp/executor_options.hpp:20[m[K,
                 from [01m[K/opt/ros/humble/include/rclcpp/rclcpp/executor.hpp:37[m[K,
                 from [01m[K/opt/ros/humble/include/rclcpp/rclcpp/executors/multi_threaded_executor.hpp:25[m[K,
                 from [01m[K/opt/ros/humble/include/rclcpp/rclcpp/executors.hpp:21[m[K,
                 from [01m[K/opt/ros/humble/include/rclcpp/rclcpp/rclcpp.hpp:155[m[K,
                 from [01m[K/home/leon/robotica/scorbotLabo/software_scorbot/scorbot_ws/scorbot/src/scorbot.h:4[m[K,
                 from [01m[K/home/leon/robotica/scorbotLabo/software_scorbot/scorbot_ws/scorbot/src/scorbot.cpp:1[m[K:
/opt/ros/humble/include/rclcpp/rclcpp/any_subscription_callback.hpp: In instantiation of ‘[01m[Krclcpp::AnySubscriptionCallback<MessageT, AllocatorT> rclcpp::AnySubscriptionCallback<MessageT, AllocatorT>::set(CallbackT) [with CallbackT = std::_Bind<void (scorbot::Teleop::*(std::shared_ptr<rclcpp::Node>, std::_Placeholder<1>))(const std::shared_ptr<std_msgs::msg::String_<std::allocator<void> > >&)>; MessageT = std_msgs::msg::String_<std::allocator<void> >; AllocatorT = std::allocator<void>][m[K’:
[01m[K/opt/ros/humble/include/rclcpp/rclcpp/subscription_factory.hpp:94:32:[m[K   required from ‘[01m[Krclcpp::SubscriptionFactory rclcpp::create_subscription_factory(CallbackT&&, const rclcpp::SubscriptionOptionsWithAllocator<AllocatorT>&, typename MessageMemoryStrategyT::SharedPtr, std::shared_ptr<rclcpp::topic_statistics::SubscriptionTopicStatistics<ROSMessageType> >) [with MessageT = std_msgs::msg::String_<std::allocator<void> >; CallbackT = std::_Bind<void (scorbot::Teleop::*(std::shared_ptr<rclcpp::Node>, std::_Placeholder<1>))(const std::shared_ptr<std_msgs::msg::String_<std::allocator<void> > >&)>; AllocatorT = std::allocator<void>; SubscriptionT = rclcpp::Subscription<std_msgs::msg::String_<std::allocator<void> > >; MessageMemoryStrategyT = rclcpp::message_memory_strategy::MessageMemoryStrategy<std_msgs::msg::String_<std::allocator<void> >, std::allocator<void> >; ROSMessageType = std_msgs::msg::String_<std::allocator<void> >; typename MessageMemoryStrategyT::SharedPtr = std::shared_ptr<rclcpp::message_memory_strategy::MessageMemoryStrategy<std_msgs::msg::String_<std::allocator<void> >, std::allocator<void> > >][m[K’
[01m[K/opt/ros/humble/include/rclcpp/rclcpp/create_subscription.hpp:122:63:[m[K   required from ‘[01m[Kstd::shared_ptr<ROSMessageT> rclcpp::detail::create_subscription(NodeParametersT&, NodeTopicsT&, const string&, const rclcpp::QoS&, CallbackT&&, const rclcpp::SubscriptionOptionsWithAllocator<AllocatorT>&, typename MessageMemoryStrategyT::SharedPtr) [with MessageT = std_msgs::msg::String_<std::allocator<void> >; CallbackT = std::_Bind<void (scorbot::Teleop::*(std::shared_ptr<rclcpp::Node>, std::_Placeholder<1>))(const std::shared_ptr<std_msgs::msg::String_<std::allocator<void> > >&)>; AllocatorT = std::allocator<void>; SubscriptionT = rclcpp::Subscription<std_msgs::msg::String_<std::allocator<void> > >; MessageMemoryStrategyT = rclcpp::message_memory_strategy::MessageMemoryStrategy<std_msgs::msg::String_<std::allocator<void> >, std::allocator<void> >; NodeParametersT = rclcpp::Node; NodeTopicsT = rclcpp::Node; ROSMessageType = std_msgs::msg::String_<std::allocator<void> >; std::string = std::__cxx11::basic_string<char>; typename MessageMemoryStrategyT::SharedPtr = std::shared_ptr<rclcpp::message_memory_strategy::MessageMemoryStrategy<std_msgs::msg::String_<std::allocator<void> >, std::allocator<void> > >][m[K’
[01m[K/opt/ros/humble/include/rclcpp/rclcpp/create_subscription.hpp:191:76:[m[K   required from ‘[01m[Kstd::shared_ptr<ROSMessageT> rclcpp::create_subscription(NodeT&, const string&, const rclcpp::QoS&, CallbackT&&, const rclcpp::SubscriptionOptionsWithAllocator<AllocatorT>&, typename MessageMemoryStrategyT::SharedPtr) [with MessageT = std_msgs::msg::String_<std::allocator<void> >; CallbackT = std::_Bind<void (scorbot::Teleop::*(std::shared_ptr<rclcpp::Node>, std::_Placeholder<1>))(const std::shared_ptr<std_msgs::msg::String_<std::allocator<void> > >&)>; AllocatorT = std::allocator<void>; SubscriptionT = rclcpp::Subscription<std_msgs::msg::String_<std::allocator<void> > >; MessageMemoryStrategyT = rclcpp::message_memory_strategy::MessageMemoryStrategy<std_msgs::msg::String_<std::allocator<void> >, std::allocator<void> >; NodeT = rclcpp::Node; std::string = std::__cxx11::basic_string<char>; typename MessageMemoryStrategyT::SharedPtr = std::shared_ptr<rclcpp::message_memory_strategy::MessageMemoryStrategy<std_msgs::msg::String_<std::allocator<void> >, std::allocator<void> > >][m[K’
[01m[K/opt/ros/humble/include/rclcpp/rclcpp/node_impl.hpp:99:47:[m[K   required from ‘[01m[Kstd::shared_ptr<ROSMessageT> rclcpp::Node::create_subscription(const string&, const rclcpp::QoS&, CallbackT&&, const rclcpp::SubscriptionOptionsWithAllocator<AllocatorT>&, typename MessageMemoryStrategyT::SharedPtr) [with MessageT = std_msgs::msg::String_<std::allocator<void> >; CallbackT = std::_Bind<void (scorbot::Teleop::*(std::shared_ptr<rclcpp::Node>, std::_Placeholder<1>))(const std::shared_ptr<std_msgs::msg::String_<std::allocator<void> > >&)>; AllocatorT = std::allocator<void>; SubscriptionT = rclcpp::Subscription<std_msgs::msg::String_<std::allocator<void> > >; MessageMemoryStrategyT = rclcpp::message_memory_strategy::MessageMemoryStrategy<std_msgs::msg::String_<std::allocator<void> >, std::allocator<void> >; std::string = std::__cxx11::basic_string<char>; typename MessageMemoryStrategyT::SharedPtr = std::shared_ptr<rclcpp::message_memory_strategy::MessageMemoryStrategy<std_msgs::msg::String_<std::allocator<void> >, std::allocator<void> > >][m[K’
[01m[K/home/leon/robotica/scorbotLabo/software_scorbot/scorbot_ws/scorbot/src/scorbot.cpp:42:75:[m[K   required from here
[01m[K/opt/ros/humble/include/rclcpp/rclcpp/any_subscription_callback.hpp:394:27:[m[K [01;31m[Kerror: [m[Kno matching function for call to ‘[01m[Kstd::function<void(const std::shared_ptr<std_msgs::msg::String_<std::allocator<void> > >&)>::function(std::_Bind<void (scorbot::Teleop::*(std::shared_ptr<rclcpp::Node>, std::_Placeholder<1>))(const std::shared_ptr<std_msgs::msg::String_<std::allocator<void> > >&)>&)[m[K’
  394 |       callback_variant_ = [01;31m[Kstatic_cast<typename scbth::callback_type>(callback)[m[K;
      |                           [01;31m[K^~~~~~~~~~~~~~~~~~~~~~~~~~~~~~~~~~~~~~~~~~~~~~~~~~~~[m[K
In file included from [01m[K/usr/include/c++/11/future:47[m[K,
                 from [01m[K/opt/ros/humble/include/rclcpp/rclcpp/executors.hpp:18[m[K,
                 from [01m[K/opt/ros/humble/include/rclcpp/rclcpp/rclcpp.hpp:155[m[K,
                 from [01m[K/home/leon/robotica/scorbotLabo/software_scorbot/scorbot_ws/scorbot/src/scorbot.h:4[m[K,
                 from [01m[K/home/leon/robotica/scorbotLabo/software_scorbot/scorbot_ws/scorbot/src/scorbot.cpp:1[m[K:
[01m[K/usr/include/c++/11/bits/std_function.h:435:9:[m[K [01;36m[Knote: [m[Kcandidate: ‘[01m[Ktemplate<class _Functor, class _Constraints> std::function<_Res(_ArgTypes ...)>::function(_Functor&&) [with _Functor = _Functor; _Constraints = _Constraints; _Res = void; _ArgTypes = {const std::shared_ptr<std_msgs::msg::String_<std::allocator<void> > >&}][m[K’
  435 |         [01;36m[Kfunction[m[K(_Functor&& __f)
      |         [01;36m[K^~~~~~~~[m[K
[01m[K/usr/include/c++/11/bits/std_function.h:435:9:[m[K [01;36m[Knote: [m[K  template argument deduction/substitution failed:
[01m[K/usr/include/c++/11/bits/std_function.h:404:7:[m[K [01;36m[Knote: [m[Kcandidate: ‘[01m[Kstd::function<_Res(_ArgTypes ...)>::function(std::function<_Res(_ArgTypes ...)>&&) [with _Res = void; _ArgTypes = {const std::shared_ptr<std_msgs::msg::String_<std::allocator<void> > >&}][m[K’
  404 |       [01;36m[Kfunction[m[K(function&& __x) noexcept
      |       [01;36m[K^~~~~~~~[m[K
[01m[K/usr/include/c++/11/bits/std_function.h:404:27:[m[K [01;36m[Knote: [m[K  no known conversion for argument 1 from ‘[01m[Kstd::_Bind<void (scorbot::Teleop::*(std::shared_ptr<rclcpp::Node>, std::_Placeholder<1>))(const std::shared_ptr<std_msgs::msg::String_<std::allocator<void> > >&)>[m[K’ to ‘[01m[Kstd::function<void(const std::shared_ptr<std_msgs::msg::String_<std::allocator<void> > >&)>&&[m[K’
  404 |       function([01;36m[Kfunction&& __x[m[K) noexcept
      |                [01;36m[K~~~~~~~~~~~^~~[m[K
[01m[K/usr/include/c++/11/bits/std_function.h:386:7:[m[K [01;36m[Knote: [m[Kcandidate: ‘[01m[Kstd::function<_Res(_ArgTypes ...)>::function(const std::function<_Res(_ArgTypes ...)>&) [with _Res = void; _ArgTypes = {const std::shared_ptr<std_msgs::msg::String_<std::allocator<void> > >&}][m[K’
  386 |       [01;36m[Kfunction[m[K(const function& __x)
      |       [01;36m[K^~~~~~~~[m[K
[01m[K/usr/include/c++/11/bits/std_function.h:386:32:[m[K [01;36m[Knote: [m[K  no known conversion for argument 1 from ‘[01m[Kstd::_Bind<void (scorbot::Teleop::*(std::shared_ptr<rclcpp::Node>, std::_Placeholder<1>))(const std::shared_ptr<std_msgs::msg::String_<std::allocator<void> > >&)>[m[K’ to ‘[01m[Kconst std::function<void(const std::shared_ptr<std_msgs::msg::String_<std::allocator<void> > >&)>&[m[K’
  386 |       function([01;36m[Kconst function& __x[m[K)
      |                [01;36m[K~~~~~~~~~~~~~~~~^~~[m[K
[01m[K/usr/include/c++/11/bits/std_function.h:375:7:[m[K [01;36m[Knote: [m[Kcandidate: ‘[01m[Kstd::function<_Res(_ArgTypes ...)>::function(std::nullptr_t) [with _Res = void; _ArgTypes = {const std::shared_ptr<std_msgs::msg::String_<std::allocator<void> > >&}; std::nullptr_t = std::nullptr_t][m[K’
  375 |       [01;36m[Kfunction[m[K(nullptr_t) noexcept
      |       [01;36m[K^~~~~~~~[m[K
[01m[K/usr/include/c++/11/bits/std_function.h:375:16:[m[K [01;36m[Knote: [m[K  no known conversion for argument 1 from ‘[01m[Kstd::_Bind<void (scorbot::Teleop::*(std::shared_ptr<rclcpp::Node>, std::_Placeholder<1>))(const std::shared_ptr<std_msgs::msg::String_<std::allocator<void> > >&)>[m[K’ to ‘[01m[Kstd::nullptr_t[m[K’
  375 |       function([01;36m[Knullptr_t[m[K) noexcept
      |                [01;36m[K^~~~~~~~~[m[K
[01m[K/usr/include/c++/11/bits/std_function.h:368:7:[m[K [01;36m[Knote: [m[Kcandidate: ‘[01m[Kstd::function<_Res(_ArgTypes ...)>::function() [with _Res = void; _ArgTypes = {const std::shared_ptr<std_msgs::msg::String_<std::allocator<void> > >&}][m[K’
  368 |       [01;36m[Kfunction[m[K() noexcept
      |       [01;36m[K^~~~~~~~[m[K
[01m[K/usr/include/c++/11/bits/std_function.h:368:7:[m[K [01;36m[Knote: [m[K  candidate expects 0 arguments, 1 provided
In file included from [01m[K/opt/ros/humble/include/rclcpp/rclcpp/subscription_base.hpp:32[m[K,
                 from [01m[K/opt/ros/humble/include/rclcpp/rclcpp/callback_group.hpp:29[m[K,
                 from [01m[K/opt/ros/humble/include/rclcpp/rclcpp/any_executable.hpp:20[m[K,
                 from [01m[K/opt/ros/humble/include/rclcpp/rclcpp/memory_strategy.hpp:25[m[K,
                 from [01m[K/opt/ros/humble/include/rclcpp/rclcpp/memory_strategies.hpp:18[m[K,
                 from [01m[K/opt/ros/humble/include/rclcpp/rclcpp/executor_options.hpp:20[m[K,
                 from [01m[K/opt/ros/humble/include/rclcpp/rclcpp/executor.hpp:37[m[K,
                 from [01m[K/opt/ros/humble/include/rclcpp/rclcpp/executors/multi_threaded_executor.hpp:25[m[K,
                 from [01m[K/opt/ros/humble/include/rclcpp/rclcpp/executors.hpp:21[m[K,
                 from [01m[K/opt/ros/humble/include/rclcpp/rclcpp/rclcpp.hpp:155[m[K,
                 from [01m[K/home/leon/robotica/scorbotLabo/software_scorbot/scorbot_ws/scorbot/src/scorbot.h:4[m[K,
                 from [01m[K/home/leon/robotica/scorbotLabo/software_scorbot/scorbot_ws/scorbot/src/scorbot.cpp:1[m[K:
/opt/ros/humble/include/rclcpp/rclcpp/any_subscription_callback.hpp: In instantiation of ‘[01m[Krclcpp::AnySubscriptionCallback<MessageT, AllocatorT> rclcpp::AnySubscriptionCallback<MessageT, AllocatorT>::set(CallbackT) [with CallbackT = std::_Bind<void (scorbot::Teleop::*(std::shared_ptr<rclcpp::Node>, std::_Placeholder<1>))(const std::shared_ptr<sensor_msgs::msg::JointState_<std::allocator<void> > >&)>; MessageT = sensor_msgs::msg::JointState_<std::allocator<void> >; AllocatorT = std::allocator<void>][m[K’:
[01m[K/opt/ros/humble/include/rclcpp/rclcpp/subscription_factory.hpp:94:32:[m[K   required from ‘[01m[Krclcpp::SubscriptionFactory rclcpp::create_subscription_factory(CallbackT&&, const rclcpp::SubscriptionOptionsWithAllocator<AllocatorT>&, typename MessageMemoryStrategyT::SharedPtr, std::shared_ptr<rclcpp::topic_statistics::SubscriptionTopicStatistics<ROSMessageType> >) [with MessageT = sensor_msgs::msg::JointState_<std::allocator<void> >; CallbackT = std::_Bind<void (scorbot::Teleop::*(std::shared_ptr<rclcpp::Node>, std::_Placeholder<1>))(const std::shared_ptr<sensor_msgs::msg::JointState_<std::allocator<void> > >&)>; AllocatorT = std::allocator<void>; SubscriptionT = rclcpp::Subscription<sensor_msgs::msg::JointState_<std::allocator<void> > >; MessageMemoryStrategyT = rclcpp::message_memory_strategy::MessageMemoryStrategy<sensor_msgs::msg::JointState_<std::allocator<void> >, std::allocator<void> >; ROSMessageType = sensor_msgs::msg::JointState_<std::allocator<void> >; typename MessageMemoryStrategyT::SharedPtr = std::shared_ptr<rclcpp::message_memory_strategy::MessageMemoryStrategy<sensor_msgs::msg::JointState_<std::allocator<void> >, std::allocator<void> > >][m[K’
[01m[K/opt/ros/humble/include/rclcpp/rclcpp/create_subscription.hpp:122:63:[m[K   required from ‘[01m[Kstd::shared_ptr<ROSMessageT> rclcpp::detail::create_subscription(NodeParametersT&, NodeTopicsT&, const string&, const rclcpp::QoS&, CallbackT&&, const rclcpp::SubscriptionOptionsWithAllocator<AllocatorT>&, typename MessageMemoryStrategyT::SharedPtr) [with MessageT = sensor_msgs::msg::JointState_<std::allocator<void> >; CallbackT = std::_Bind<void (scorbot::Teleop::*(std::shared_ptr<rclcpp::Node>, std::_Placeholder<1>))(const std::shared_ptr<sensor_msgs::msg::JointState_<std::allocator<void> > >&)>; AllocatorT = std::allocator<void>; SubscriptionT = rclcpp::Subscription<sensor_msgs::msg::JointState_<std::allocator<void> > >; MessageMemoryStrategyT = rclcpp::message_memory_strategy::MessageMemoryStrategy<sensor_msgs::msg::JointState_<std::allocator<void> >, std::allocator<void> >; NodeParametersT = rclcpp::Node; NodeTopicsT = rclcpp::Node; ROSMessageType = sensor_msgs::msg::JointState_<std::allocator<void> >; std::string = std::__cxx11::basic_string<char>; typename MessageMemoryStrategyT::SharedPtr = std::shared_ptr<rclcpp::message_memory_strategy::MessageMemoryStrategy<sensor_msgs::msg::JointState_<std::allocator<void> >, std::allocator<void> > >][m[K’
[01m[K/opt/ros/humble/include/rclcpp/rclcpp/create_subscription.hpp:191:76:[m[K   required from ‘[01m[Kstd::shared_ptr<ROSMessageT> rclcpp::create_subscription(NodeT&, const string&, const rclcpp::QoS&, CallbackT&&, const rclcpp::SubscriptionOptionsWithAllocator<AllocatorT>&, typename MessageMemoryStrategyT::SharedPtr) [with MessageT = sensor_msgs::msg::JointState_<std::allocator<void> >; CallbackT = std::_Bind<void (scorbot::Teleop::*(std::shared_ptr<rclcpp::Node>, std::_Placeholder<1>))(const std::shared_ptr<sensor_msgs::msg::JointState_<std::allocator<void> > >&)>; AllocatorT = std::allocator<void>; SubscriptionT = rclcpp::Subscription<sensor_msgs::msg::JointState_<std::allocator<void> > >; MessageMemoryStrategyT = rclcpp::message_memory_strategy::MessageMemoryStrategy<sensor_msgs::msg::JointState_<std::allocator<void> >, std::allocator<void> >; NodeT = rclcpp::Node; std::string = std::__cxx11::basic_string<char>; typename MessageMemoryStrategyT::SharedPtr = std::shared_ptr<rclcpp::message_memory_strategy::MessageMemoryStrategy<sensor_msgs::msg::JointState_<std::allocator<void> >, std::allocator<void> > >][m[K’
[01m[K/opt/ros/humble/include/rclcpp/rclcpp/node_impl.hpp:99:47:[m[K   required from ‘[01m[Kstd::shared_ptr<ROSMessageT> rclcpp::Node::create_subscription(const string&, const rclcpp::QoS&, CallbackT&&, const rclcpp::SubscriptionOptionsWithAllocator<AllocatorT>&, typename MessageMemoryStrategyT::SharedPtr) [with MessageT = sensor_msgs::msg::JointState_<std::allocator<void> >; CallbackT = std::_Bind<void (scorbot::Teleop::*(std::shared_ptr<rclcpp::Node>, std::_Placeholder<1>))(const std::shared_ptr<sensor_msgs::msg::JointState_<std::allocator<void> > >&)>; AllocatorT = std::allocator<void>; SubscriptionT = rclcpp::Subscription<sensor_msgs::msg::JointState_<std::allocator<void> > >; MessageMemoryStrategyT = rclcpp::message_memory_strategy::MessageMemoryStrategy<sensor_msgs::msg::JointState_<std::allocator<void> >, std::allocator<void> >; std::string = std::__cxx11::basic_string<char>; typename MessageMemoryStrategyT::SharedPtr = std::shared_ptr<rclcpp::message_memory_strategy::MessageMemoryStrategy<sensor_msgs::msg::JointState_<std::allocator<void> >, std::allocator<void> > >][m[K’
[01m[K/home/leon/robotica/scorbotLabo/software_scorbot/scorbot_ws/scorbot/src/scorbot.cpp:47:77:[m[K   required from here
[01m[K/opt/ros/humble/include/rclcpp/rclcpp/any_subscription_callback.hpp:394:27:[m[K [01;31m[Kerror: [m[Kno matching function for call to ‘[01m[Kstd::function<void(const std::shared_ptr<sensor_msgs::msg::JointState_<std::allocator<void> > >&)>::function(std::_Bind<void (scorbot::Teleop::*(std::shared_ptr<rclcpp::Node>, std::_Placeholder<1>))(const std::shared_ptr<sensor_msgs::msg::JointState_<std::allocator<void> > >&)>&)[m[K’
  394 |       callback_variant_ = [01;31m[Kstatic_cast<typename scbth::callback_type>(callback)[m[K;
      |                           [01;31m[K^~~~~~~~~~~~~~~~~~~~~~~~~~~~~~~~~~~~~~~~~~~~~~~~~~~~[m[K
In file included from [01m[K/usr/include/c++/11/future:47[m[K,
                 from [01m[K/opt/ros/humble/include/rclcpp/rclcpp/executors.hpp:18[m[K,
                 from [01m[K/opt/ros/humble/include/rclcpp/rclcpp/rclcpp.hpp:155[m[K,
                 from [01m[K/home/leon/robotica/scorbotLabo/software_scorbot/scorbot_ws/scorbot/src/scorbot.h:4[m[K,
                 from [01m[K/home/leon/robotica/scorbotLabo/software_scorbot/scorbot_ws/scorbot/src/scorbot.cpp:1[m[K:
[01m[K/usr/include/c++/11/bits/std_function.h:435:9:[m[K [01;36m[Knote: [m[Kcandidate: ‘[01m[Ktemplate<class _Functor, class _Constraints> std::function<_Res(_ArgTypes ...)>::function(_Functor&&) [with _Functor = _Functor; _Constraints = _Constraints; _Res = void; _ArgTypes = {const std::shared_ptr<sensor_msgs::msg::JointState_<std::allocator<void> > >&}][m[K’
  435 |         [01;36m[Kfunction[m[K(_Functor&& __f)
      |         [01;36m[K^~~~~~~~[m[K
[01m[K/usr/include/c++/11/bits/std_function.h:435:9:[m[K [01;36m[Knote: [m[K  template argument deduction/substitution failed:
[01m[K/usr/include/c++/11/bits/std_function.h:404:7:[m[K [01;36m[Knote: [m[Kcandidate: ‘[01m[Kstd::function<_Res(_ArgTypes ...)>::function(std::function<_Res(_ArgTypes ...)>&&) [with _Res = void; _ArgTypes = {const std::shared_ptr<sensor_msgs::msg::JointState_<std::allocator<void> > >&}][m[K’
  404 |       [01;36m[Kfunction[m[K(function&& __x) noexcept
      |       [01;36m[K^~~~~~~~[m[K
[01m[K/usr/include/c++/11/bits/std_function.h:404:27:[m[K [01;36m[Knote: [m[K  no known conversion for argument 1 from ‘[01m[Kstd::_Bind<void (scorbot::Teleop::*(std::shared_ptr<rclcpp::Node>, std::_Placeholder<1>))(const std::shared_ptr<sensor_msgs::msg::JointState_<std::allocator<void> > >&)>[m[K’ to ‘[01m[Kstd::function<void(const std::shared_ptr<sensor_msgs::msg::JointState_<std::allocator<void> > >&)>&&[m[K’
  404 |       function([01;36m[Kfunction&& __x[m[K) noexcept
      |                [01;36m[K~~~~~~~~~~~^~~[m[K
[01m[K/usr/include/c++/11/bits/std_function.h:386:7:[m[K [01;36m[Knote: [m[Kcandidate: ‘[01m[Kstd::function<_Res(_ArgTypes ...)>::function(const std::function<_Res(_ArgTypes ...)>&) [with _Res = void; _ArgTypes = {const std::shared_ptr<sensor_msgs::msg::JointState_<std::allocator<void> > >&}][m[K’
  386 |       [01;36m[Kfunction[m[K(const function& __x)
      |       [01;36m[K^~~~~~~~[m[K
[01m[K/usr/include/c++/11/bits/std_function.h:386:32:[m[K [01;36m[Knote: [m[K  no known conversion for argument 1 from ‘[01m[Kstd::_Bind<void (scorbot::Teleop::*(std::shared_ptr<rclcpp::Node>, std::_Placeholder<1>))(const std::shared_ptr<sensor_msgs::msg::JointState_<std::allocator<void> > >&)>[m[K’ to ‘[01m[Kconst std::function<void(const std::shared_ptr<sensor_msgs::msg::JointState_<std::allocator<void> > >&)>&[m[K’
  386 |       function([01;36m[Kconst function& __x[m[K)
      |                [01;36m[K~~~~~~~~~~~~~~~~^~~[m[K
[01m[K/usr/include/c++/11/bits/std_function.h:375:7:[m[K [01;36m[Knote: [m[Kcandidate: ‘[01m[Kstd::function<_Res(_ArgTypes ...)>::function(std::nullptr_t) [with _Res = void; _ArgTypes = {const std::shared_ptr<sensor_msgs::msg::JointState_<std::allocator<void> > >&}; std::nullptr_t = std::nullptr_t][m[K’
  375 |       [01;36m[Kfunction[m[K(nullptr_t) noexcept
      |       [01;36m[K^~~~~~~~[m[K
[01m[K/usr/include/c++/11/bits/std_function.h:375:16:[m[K [01;36m[Knote: [m[K  no known conversion for argument 1 from ‘[01m[Kstd::_Bind<void (scorbot::Teleop::*(std::shared_ptr<rclcpp::Node>, std::_Placeholder<1>))(const std::shared_ptr<sensor_msgs::msg::JointState_<std::allocator<void> > >&)>[m[K’ to ‘[01m[Kstd::nullptr_t[m[K’
  375 |       function([01;36m[Knullptr_t[m[K) noexcept
      |                [01;36m[K^~~~~~~~~[m[K
[01m[K/usr/include/c++/11/bits/std_function.h:368:7:[m[K [01;36m[Knote: [m[Kcandidate: ‘[01m[Kstd::function<_Res(_ArgTypes ...)>::function() [with _Res = void; _ArgTypes = {const std::shared_ptr<sensor_msgs::msg::JointState_<std::allocator<void> > >&}][m[K’
  368 |       [01;36m[Kfunction[m[K() noexcept
      |       [01;36m[K^~~~~~~~[m[K
[01m[K/usr/include/c++/11/bits/std_function.h:368:7:[m[K [01;36m[Knote: [m[K  candidate expects 0 arguments, 1 provided
In file included from [01m[K/opt/ros/humble/include/rclcpp/rclcpp/callback_group.hpp:30[m[K,
                 from [01m[K/opt/ros/humble/include/rclcpp/rclcpp/any_executable.hpp:20[m[K,
                 from [01m[K/opt/ros/humble/include/rclcpp/rclcpp/memory_strategy.hpp:25[m[K,
                 from [01m[K/opt/ros/humble/include/rclcpp/rclcpp/memory_strategies.hpp:18[m[K,
                 from [01m[K/opt/ros/humble/include/rclcpp/rclcpp/executor_options.hpp:20[m[K,
                 from [01m[K/opt/ros/humble/include/rclcpp/rclcpp/executor.hpp:37[m[K,
                 from [01m[K/opt/ros/humble/include/rclcpp/rclcpp/executors/multi_threaded_executor.hpp:25[m[K,
                 from [01m[K/opt/ros/humble/include/rclcpp/rclcpp/executors.hpp:21[m[K,
                 from [01m[K/opt/ros/humble/include/rclcpp/rclcpp/rclcpp.hpp:155[m[K,
                 from [01m[K/home/leon/robotica/scorbotLabo/software_scorbot/scorbot_ws/scorbot/src/scorbot.h:4[m[K,
                 from [01m[K/home/leon/robotica/scorbotLabo/software_scorbot/scorbot_ws/scorbot/src/scorbot.cpp:1[m[K:
/opt/ros/humble/include/rclcpp/rclcpp/timer.hpp: In instantiation of ‘[01m[Kvoid rclcpp::GenericTimer<FunctorT, <anonymous> >::execute_callback_delegate() [with CallbackT = std::_Bind<void (scorbot::Teleop::*(std::shared_ptr<rclcpp::Node>))()>; typename std::enable_if<rclcpp::function_traits::same_arguments<CallbackT, std::function<void()> >::value>::type* <anonymous> = 0; FunctorT = std::_Bind<void (scorbot::Teleop::*(std::shared_ptr<rclcpp::Node>))()>; typename std::enable_if<(rclcpp::function_traits::same_arguments<FunctorT, std::function<void()> >::value || rclcpp::function_traits::same_arguments<FunctorT, std::function<void(rclcpp::TimerBase&)> >::value)>::type* <anonymous> = 0][m[K’:
[01m[K/opt/ros/humble/include/rclcpp/rclcpp/timer.hpp:230:32:[m[K   required from ‘[01m[Kvoid rclcpp::GenericTimer<FunctorT, <anonymous> >::execute_callback() [with FunctorT = std::_Bind<void (scorbot::Teleop::*(std::shared_ptr<rclcpp::Node>))()>; typename std::enable_if<(rclcpp::function_traits::same_arguments<FunctorT, std::function<void()> >::value || rclcpp::function_traits::same_arguments<FunctorT, std::function<void(rclcpp::TimerBase&)> >::value)>::type* <anonymous> = 0][m[K’
[01m[K/opt/ros/humble/include/rclcpp/rclcpp/timer.hpp:227:3:[m[K   required from here
[01m[K/opt/ros/humble/include/rclcpp/rclcpp/timer.hpp:244:14:[m[K [01;31m[Kerror: [m[Kno match for call to ‘[01m[K(std::_Bind<void (scorbot::Teleop::*(std::shared_ptr<rclcpp::Node>))()>) ()[m[K’
  244 |     [01;31m[Kcallback_()[m[K;
      |     [01;31m[K~~~~~~~~~^~[m[K
In file included from [01m[K/usr/include/c++/11/pstl/glue_algorithm_defs.h:13[m[K,
                 from [01m[K/usr/include/c++/11/algorithm:74[m[K,
                 from [01m[K/opt/ros/humble/include/rclcpp/rclcpp/executor.hpp:18[m[K,
                 from [01m[K/opt/ros/humble/include/rclcpp/rclcpp/executors/multi_threaded_executor.hpp:25[m[K,
                 from [01m[K/opt/ros/humble/include/rclcpp/rclcpp/executors.hpp:21[m[K,
                 from [01m[K/opt/ros/humble/include/rclcpp/rclcpp/rclcpp.hpp:155[m[K,
                 from [01m[K/home/leon/robotica/scorbotLabo/software_scorbot/scorbot_ws/scorbot/src/scorbot.h:4[m[K,
                 from [01m[K/home/leon/robotica/scorbotLabo/software_scorbot/scorbot_ws/scorbot/src/scorbot.cpp:1[m[K:
[01m[K/usr/include/c++/11/functional:501:9:[m[K [01;36m[Knote: [m[Kcandidate: ‘[01m[Ktemplate<class ... _Args, class _Result> _Result std::_Bind<_Functor(_Bound_args ...)>::operator()(_Args&& ...) [with _Args = {_Args ...}; _Result = _Result; _Functor = void (scorbot::Teleop::*)(); _Bound_args = {std::shared_ptr<rclcpp::Node>}][m[K’
  501 |         [01;36m[Koperator[m[K()(_Args&&... __args)
      |         [01;36m[K^~~~~~~~[m[K
[01m[K/usr/include/c++/11/functional:501:9:[m[K [01;36m[Knote: [m[K  template argument deduction/substitution failed:
/usr/include/c++/11/functional: In substitution of ‘[01m[Ktemplate<class _Functor, class ... _Bound_args> template<class _Fn, class _CallArgs, class ... _BArgs> using _Res_type_impl = typename std::result_of<_Fn&(decltype (std::_Mu<typename std::remove_cv<_BArgs>::type, std::is_bind_expression<typename std::remove_cv<_BArgs>::type>::value, (std::is_placeholder<typename std::remove_cv<_BArgs>::type>::value > 0)>()(declval<_BArgs&>(), declval<_CallArgs&>()))&& ...)>::type [with _Fn = void (scorbot::Teleop::*)(); _CallArgs = std::tuple<>; _BArgs = {std::shared_ptr<rclcpp::Node>}; _Functor = void (scorbot::Teleop::*)(); _Bound_args = {std::shared_ptr<rclcpp::Node>}][m[K’:
[01m[K/usr/include/c++/11/functional:468:8:[m[K   required by substitution of ‘[01m[Ktemplate<class _Functor, class ... _Bound_args> template<class _CallArgs> using _Res_type = std::_Bind<_Functor(_Bound_args ...)>::_Res_type_impl<_Functor, _CallArgs, _Bound_args ...> [with _CallArgs = std::tuple<>; _Functor = void (scorbot::Teleop::*)(); _Bound_args = {std::shared_ptr<rclcpp::Node>}][m[K’
[01m[K/usr/include/c++/11/functional:498:9:[m[K   required from ‘[01m[Kvoid rclcpp::GenericTimer<FunctorT, <anonymous> >::execute_callback_delegate() [with CallbackT = std::_Bind<void (scorbot::Teleop::*(std::shared_ptr<rclcpp::Node>))()>; typename std::enable_if<rclcpp::function_traits::same_arguments<CallbackT, std::function<void()> >::value>::type* <anonymous> = 0; FunctorT = std::_Bind<void (scorbot::Teleop::*(std::shared_ptr<rclcpp::Node>))()>; typename std::enable_if<(rclcpp::function_traits::same_arguments<FunctorT, std::function<void()> >::value || rclcpp::function_traits::same_arguments<FunctorT, std::function<void(rclcpp::TimerBase&)> >::value)>::type* <anonymous> = 0][m[K’
[01m[K/opt/ros/humble/include/rclcpp/rclcpp/timer.hpp:230:32:[m[K   required from ‘[01m[Kvoid rclcpp::GenericTimer<FunctorT, <anonymous> >::execute_callback() [with FunctorT = std::_Bind<void (scorbot::Teleop::*(std::shared_ptr<rclcpp::Node>))()>; typename std::enable_if<(rclcpp::function_traits::same_arguments<FunctorT, std::function<void()> >::value || rclcpp::function_traits::same_arguments<FunctorT, std::function<void(rclcpp::TimerBase&)> >::value)>::type* <anonymous> = 0][m[K’
[01m[K/opt/ros/humble/include/rclcpp/rclcpp/timer.hpp:227:3:[m[K   required from here
[01m[K/usr/include/c++/11/functional:464:15:[m[K [01;31m[Kerror: [m[Kno type named ‘[01m[Ktype[m[K’ in ‘[01m[Kstruct std::result_of<void (scorbot::Teleop::*&(std::shared_ptr<rclcpp::Node>&))()>[m[K’
  464 |         using [01;31m[K_Res_type_impl[m[K
      |               [01;31m[K^~~~~~~~~~~~~~[m[K
/opt/ros/humble/include/rclcpp/rclcpp/timer.hpp: In instantiation of ‘[01m[Kvoid rclcpp::GenericTimer<FunctorT, <anonymous> >::execute_callback_delegate() [with CallbackT = std::_Bind<void (scorbot::Teleop::*(std::shared_ptr<rclcpp::Node>))()>; typename std::enable_if<rclcpp::function_traits::same_arguments<CallbackT, std::function<void()> >::value>::type* <anonymous> = 0; FunctorT = std::_Bind<void (scorbot::Teleop::*(std::shared_ptr<rclcpp::Node>))()>; typename std::enable_if<(rclcpp::function_traits::same_arguments<FunctorT, std::function<void()> >::value || rclcpp::function_traits::same_arguments<FunctorT, std::function<void(rclcpp::TimerBase&)> >::value)>::type* <anonymous> = 0][m[K’:
[01m[K/opt/ros/humble/include/rclcpp/rclcpp/timer.hpp:230:32:[m[K   required from ‘[01m[Kvoid rclcpp::GenericTimer<FunctorT, <anonymous> >::execute_callback() [with FunctorT = std::_Bind<void (scorbot::Teleop::*(std::shared_ptr<rclcpp::Node>))()>; typename std::enable_if<(rclcpp::function_traits::same_arguments<FunctorT, std::function<void()> >::value || rclcpp::function_traits::same_arguments<FunctorT, std::function<void(rclcpp::TimerBase&)> >::value)>::type* <anonymous> = 0][m[K’
[01m[K/opt/ros/humble/include/rclcpp/rclcpp/timer.hpp:227:3:[m[K   required from here
[01m[K/usr/include/c++/11/functional:513:9:[m[K [01;36m[Knote: [m[Kcandidate: ‘[01m[Ktemplate<class ... _Args, class _Result> _Result std::_Bind<_Functor(_Bound_args ...)>::operator()(_Args&& ...) const [with _Args = {_Args ...}; _Result = _Result; _Functor = void (scorbot::Teleop::*)(); _Bound_args = {std::shared_ptr<rclcpp::Node>}][m[K’
  513 |         [01;36m[Koperator[m[K()(_Args&&... __args) const
      |         [01;36m[K^~~~~~~~[m[K
[01m[K/usr/include/c++/11/functional:513:9:[m[K [01;36m[Knote: [m[K  template argument deduction/substitution failed:
/usr/include/c++/11/functional: In substitution of ‘[01m[Ktemplate<class _Functor, class ... _Bound_args> template<class _Fn, class _CallArgs, class ... _BArgs> using _Res_type_impl = typename std::result_of<_Fn&(decltype (std::_Mu<typename std::remove_cv<_BArgs>::type, std::is_bind_expression<typename std::remove_cv<_BArgs>::type>::value, (std::is_placeholder<typename std::remove_cv<_BArgs>::type>::value > 0)>()(declval<_BArgs&>(), declval<_CallArgs&>()))&& ...)>::type [with _Fn = void (scorbot::Teleop::* const)(); _CallArgs = std::tuple<>; _BArgs = {const std::shared_ptr<rclcpp::Node>}; _Functor = void (scorbot::Teleop::*)(); _Bound_args = {std::shared_ptr<rclcpp::Node>}][m[K’:
[01m[K/usr/include/c++/11/functional:475:8:[m[K   required by substitution of ‘[01m[Ktemplate<class _Functor, class ... _Bound_args> template<class _CallArgs, template<class _CallArgs, template<class> class __cv_quals> template<class _Functor, class ... _Bound_args> template<class> class __cv_quals> using _Res_type_cv = std::_Bind<_Functor(_Bound_args ...)>::_Res_type_impl<typename __cv_quals<typename std::enable_if<(bool)((std::tuple_size<_Tuple>::value + 1)), _Functor>::type>::type, _CallArgs, typename __cv_quals<_Bound_args>::type ...> [with _CallArgs = std::tuple<>; __cv_quals = std::add_const; _Functor = void (scorbot::Teleop::*)(); _Bound_args = {std::shared_ptr<rclcpp::Node>}][m[K’
[01m[K/usr/include/c++/11/functional:510:9:[m[K   required from ‘[01m[Kvoid rclcpp::GenericTimer<FunctorT, <anonymous> >::execute_callback_delegate() [with CallbackT = std::_Bind<void (scorbot::Teleop::*(std::shared_ptr<rclcpp::Node>))()>; typename std::enable_if<rclcpp::function_traits::same_arguments<CallbackT, std::function<void()> >::value>::type* <anonymous> = 0; FunctorT = std::_Bind<void (scorbot::Teleop::*(std::shared_ptr<rclcpp::Node>))()>; typename std::enable_if<(rclcpp::function_traits::same_arguments<FunctorT, std::function<void()> >::value || rclcpp::function_traits::same_arguments<FunctorT, std::function<void(rclcpp::TimerBase&)> >::value)>::type* <anonymous> = 0][m[K’
[01m[K/opt/ros/humble/include/rclcpp/rclcpp/timer.hpp:230:32:[m[K   required from ‘[01m[Kvoid rclcpp::GenericTimer<FunctorT, <anonymous> >::execute_callback() [with FunctorT = std::_Bind<void (scorbot::Teleop::*(std::shared_ptr<rclcpp::Node>))()>; typename std::enable_if<(rclcpp::function_traits::same_arguments<FunctorT, std::function<void()> >::value || rclcpp::function_traits::same_arguments<FunctorT, std::function<void(rclcpp::TimerBase&)> >::value)>::type* <anonymous> = 0][m[K’
[01m[K/opt/ros/humble/include/rclcpp/rclcpp/timer.hpp:227:3:[m[K   required from here
[01m[K/usr/include/c++/11/functional:464:15:[m[K [01;31m[Kerror: [m[Kno type named ‘[01m[Ktype[m[K’ in ‘[01m[Kstruct std::result_of<void (scorbot::Teleop::* const&(const std::shared_ptr<rclcpp::Node>&))()>[m[K’
  464 |         using [01;31m[K_Res_type_impl[m[K
      |               [01;31m[K^~~~~~~~~~~~~~[m[K
/opt/ros/humble/include/rclcpp/rclcpp/timer.hpp: In instantiation of ‘[01m[Kvoid rclcpp::GenericTimer<FunctorT, <anonymous> >::execute_callback_delegate() [with CallbackT = std::_Bind<void (scorbot::Teleop::*(std::shared_ptr<rclcpp::Node>))()>; typename std::enable_if<rclcpp::function_traits::same_arguments<CallbackT, std::function<void()> >::value>::type* <anonymous> = 0; FunctorT = std::_Bind<void (scorbot::Teleop::*(std::shared_ptr<rclcpp::Node>))()>; typename std::enable_if<(rclcpp::function_traits::same_arguments<FunctorT, std::function<void()> >::value || rclcpp::function_traits::same_arguments<FunctorT, std::function<void(rclcpp::TimerBase&)> >::value)>::type* <anonymous> = 0][m[K’:
[01m[K/opt/ros/humble/include/rclcpp/rclcpp/timer.hpp:230:32:[m[K   required from ‘[01m[Kvoid rclcpp::GenericTimer<FunctorT, <anonymous> >::execute_callback() [with FunctorT = std::_Bind<void (scorbot::Teleop::*(std::shared_ptr<rclcpp::Node>))()>; typename std::enable_if<(rclcpp::function_traits::same_arguments<FunctorT, std::function<void()> >::value || rclcpp::function_traits::same_arguments<FunctorT, std::function<void(rclcpp::TimerBase&)> >::value)>::type* <anonymous> = 0][m[K’
[01m[K/opt/ros/humble/include/rclcpp/rclcpp/timer.hpp:227:3:[m[K   required from here
[01m[K/usr/include/c++/11/functional:531:9:[m[K [01;36m[Knote: [m[Kcandidate: ‘[01m[Ktemplate<class ... _Args, class _Result> _Result std::_Bind<_Functor(_Bound_args ...)>::operator()(_Args&& ...) volatile [with _Args = {_Args ...}; _Result = _Result; _Functor = void (scorbot::Teleop::*)(); _Bound_args = {std::shared_ptr<rclcpp::Node>}][m[K’
  531 |         [01;36m[Koperator[m[K()(_Args&&... __args) volatile
      |         [01;36m[K^~~~~~~~[m[K
[01m[K/usr/include/c++/11/functional:531:9:[m[K [01;36m[Knote: [m[K  template argument deduction/substitution failed:
/usr/include/c++/11/functional: In substitution of ‘[01m[Ktemplate<class _Functor, class ... _Bound_args> template<class _Fn, class _CallArgs, class ... _BArgs> using _Res_type_impl = typename std::result_of<_Fn&(decltype (std::_Mu<typename std::remove_cv<_BArgs>::type, std::is_bind_expression<typename std::remove_cv<_BArgs>::type>::value, (std::is_placeholder<typename std::remove_cv<_BArgs>::type>::value > 0)>()(declval<_BArgs&>(), declval<_CallArgs&>()))&& ...)>::type [with _Fn = void (scorbot::Teleop::* volatile)(); _CallArgs = std::tuple<>; _BArgs = {volatile std::shared_ptr<rclcpp::Node>}; _Functor = void (scorbot::Teleop::*)(); _Bound_args = {std::shared_ptr<rclcpp::Node>}][m[K’:
[01m[K/usr/include/c++/11/functional:475:8:[m[K   required by substitution of ‘[01m[Ktemplate<class _Functor, class ... _Bound_args> template<class _CallArgs, template<class _CallArgs, template<class> class __cv_quals> template<class _Functor, class ... _Bound_args> template<class> class __cv_quals> using _Res_type_cv = std::_Bind<_Functor(_Bound_args ...)>::_Res_type_impl<typename __cv_quals<typename std::enable_if<(bool)((std::tuple_size<_Tuple>::value + 1)), _Functor>::type>::type, _CallArgs, typename __cv_quals<_Bound_args>::type ...> [with _CallArgs = std::tuple<>; __cv_quals = std::add_volatile; _Functor = void (scorbot::Teleop::*)(); _Bound_args = {std::shared_ptr<rclcpp::Node>}][m[K’
[01m[K/usr/include/c++/11/functional:528:9:[m[K   required from ‘[01m[Kvoid rclcpp::GenericTimer<FunctorT, <anonymous> >::execute_callback_delegate() [with CallbackT = std::_Bind<void (scorbot::Teleop::*(std::shared_ptr<rclcpp::Node>))()>; typename std::enable_if<rclcpp::function_traits::same_arguments<CallbackT, std::function<void()> >::value>::type* <anonymous> = 0; FunctorT = std::_Bind<void (scorbot::Teleop::*(std::shared_ptr<rclcpp::Node>))()>; typename std::enable_if<(rclcpp::function_traits::same_arguments<FunctorT, std::function<void()> >::value || rclcpp::function_traits::same_arguments<FunctorT, std::function<void(rclcpp::TimerBase&)> >::value)>::type* <anonymous> = 0][m[K’
[01m[K/opt/ros/humble/include/rclcpp/rclcpp/timer.hpp:230:32:[m[K   required from ‘[01m[Kvoid rclcpp::GenericTimer<FunctorT, <anonymous> >::execute_callback() [with FunctorT = std::_Bind<void (scorbot::Teleop::*(std::shared_ptr<rclcpp::Node>))()>; typename std::enable_if<(rclcpp::function_traits::same_arguments<FunctorT, std::function<void()> >::value || rclcpp::function_traits::same_arguments<FunctorT, std::function<void(rclcpp::TimerBase&)> >::value)>::type* <anonymous> = 0][m[K’
[01m[K/opt/ros/humble/include/rclcpp/rclcpp/timer.hpp:227:3:[m[K   required from here
[01m[K/usr/include/c++/11/functional:464:15:[m[K [01;31m[Kerror: [m[Kno type named ‘[01m[Ktype[m[K’ in ‘[01m[Kstruct std::result_of<void (scorbot::Teleop::* volatile&(volatile std::shared_ptr<rclcpp::Node>&))()>[m[K’
  464 |         using [01;31m[K_Res_type_impl[m[K
      |               [01;31m[K^~~~~~~~~~~~~~[m[K
/opt/ros/humble/include/rclcpp/rclcpp/timer.hpp: In instantiation of ‘[01m[Kvoid rclcpp::GenericTimer<FunctorT, <anonymous> >::execute_callback_delegate() [with CallbackT = std::_Bind<void (scorbot::Teleop::*(std::shared_ptr<rclcpp::Node>))()>; typename std::enable_if<rclcpp::function_traits::same_arguments<CallbackT, std::function<void()> >::value>::type* <anonymous> = 0; FunctorT = std::_Bind<void (scorbot::Teleop::*(std::shared_ptr<rclcpp::Node>))()>; typename std::enable_if<(rclcpp::function_traits::same_arguments<FunctorT, std::function<void()> >::value || rclcpp::function_traits::same_arguments<FunctorT, std::function<void(rclcpp::TimerBase&)> >::value)>::type* <anonymous> = 0][m[K’:
[01m[K/opt/ros/humble/include/rclcpp/rclcpp/timer.hpp:230:32:[m[K   required from ‘[01m[Kvoid rclcpp::GenericTimer<FunctorT, <anonymous> >::execute_callback() [with FunctorT = std::_Bind<void (scorbot::Teleop::*(std::shared_ptr<rclcpp::Node>))()>; typename std::enable_if<(rclcpp::function_traits::same_arguments<FunctorT, std::function<void()> >::value || rclcpp::function_traits::same_arguments<FunctorT, std::function<void(rclcpp::TimerBase&)> >::value)>::type* <anonymous> = 0][m[K’
[01m[K/opt/ros/humble/include/rclcpp/rclcpp/timer.hpp:227:3:[m[K   required from here
[01m[K/usr/include/c++/11/functional:543:9:[m[K [01;36m[Knote: [m[Kcandidate: ‘[01m[Ktemplate<class ... _Args, class _Result> _Result std::_Bind<_Functor(_Bound_args ...)>::operator()(_Args&& ...) const volatile [with _Args = {_Args ...}; _Result = _Result; _Functor = void (scorbot::Teleop::*)(); _Bound_args = {std::shared_ptr<rclcpp::Node>}][m[K’
  543 |         [01;36m[Koperator[m[K()(_Args&&... __args) const volatile
      |         [01;36m[K^~~~~~~~[m[K
[01m[K/usr/include/c++/11/functional:543:9:[m[K [01;36m[Knote: [m[K  template argument deduction/substitution failed:
/usr/include/c++/11/functional: In substitution of ‘[01m[Ktemplate<class _Functor, class ... _Bound_args> template<class _Fn, class _CallArgs, class ... _BArgs> using _Res_type_impl = typename std::result_of<_Fn&(decltype (std::_Mu<typename std::remove_cv<_BArgs>::type, std::is_bind_expression<typename std::remove_cv<_BArgs>::type>::value, (std::is_placeholder<typename std::remove_cv<_BArgs>::type>::value > 0)>()(declval<_BArgs&>(), declval<_CallArgs&>()))&& ...)>::type [with _Fn = void (scorbot::Teleop::* const volatile)(); _CallArgs = std::tuple<>; _BArgs = {const volatile std::shared_ptr<rclcpp::Node>}; _Functor = void (scorbot::Teleop::*)(); _Bound_args = {std::shared_ptr<rclcpp::Node>}][m[K’:
[01m[K/usr/include/c++/11/functional:475:8:[m[K   required by substitution of ‘[01m[Ktemplate<class _Functor, class ... _Bound_args> template<class _CallArgs, template<class _CallArgs, template<class> class __cv_quals> template<class _Functor, class ... _Bound_args> template<class> class __cv_quals> using _Res_type_cv = std::_Bind<_Functor(_Bound_args ...)>::_Res_type_impl<typename __cv_quals<typename std::enable_if<(bool)((std::tuple_size<_Tuple>::value + 1)), _Functor>::type>::type, _CallArgs, typename __cv_quals<_Bound_args>::type ...> [with _CallArgs = std::tuple<>; __cv_quals = std::add_cv; _Functor = void (scorbot::Teleop::*)(); _Bound_args = {std::shared_ptr<rclcpp::Node>}][m[K’
[01m[K/usr/include/c++/11/functional:540:9:[m[K   required from ‘[01m[Kvoid rclcpp::GenericTimer<FunctorT, <anonymous> >::execute_callback_delegate() [with CallbackT = std::_Bind<void (scorbot::Teleop::*(std::shared_ptr<rclcpp::Node>))()>; typename std::enable_if<rclcpp::function_traits::same_arguments<CallbackT, std::function<void()> >::value>::type* <anonymous> = 0; FunctorT = std::_Bind<void (scorbot::Teleop::*(std::shared_ptr<rclcpp::Node>))()>; typename std::enable_if<(rclcpp::function_traits::same_arguments<FunctorT, std::function<void()> >::value || rclcpp::function_traits::same_arguments<FunctorT, std::function<void(rclcpp::TimerBase&)> >::value)>::type* <anonymous> = 0][m[K’
[01m[K/opt/ros/humble/include/rclcpp/rclcpp/timer.hpp:230:32:[m[K   required from ‘[01m[Kvoid rclcpp::GenericTimer<FunctorT, <anonymous> >::execute_callback() [with FunctorT = std::_Bind<void (scorbot::Teleop::*(std::shared_ptr<rclcpp::Node>))()>; typename std::enable_if<(rclcpp::function_traits::same_arguments<FunctorT, std::function<void()> >::value || rclcpp::function_traits::same_arguments<FunctorT, std::function<void(rclcpp::TimerBase&)> >::value)>::type* <anonymous> = 0][m[K’
[01m[K/opt/ros/humble/include/rclcpp/rclcpp/timer.hpp:227:3:[m[K   required from here
[01m[K/usr/include/c++/11/functional:464:15:[m[K [01;31m[Kerror: [m[Kno type named ‘[01m[Ktype[m[K’ in ‘[01m[Kstruct std::result_of<void (scorbot::Teleop::* const volatile&(const volatile std::shared_ptr<rclcpp::Node>&))()>[m[K’
  464 |         using [01;31m[K_Res_type_impl[m[K
      |               [01;31m[K^~~~~~~~~~~~~~[m[K
gmake[2]: *** [CMakeFiles/scorbot.dir/build.make:76: CMakeFiles/scorbot.dir/src/scorbot.cpp.o] Error 1
gmake[1]: *** [CMakeFiles/Makefile2:137: CMakeFiles/scorbot.dir/all] Error 2
gmake: *** [Makefile:146: all] Error 2
