[0.061s] Invoking command in '/home/leon/robotica/scorbotLabo/software_scorbot/scorbot_ws/build/scorbot': AMENT_PREFIX_PATH=/home/leon/robotica/scorbotLabo/software_scorbot/scorbot_ws/install/scorbot_msgs:${AMENT_PREFIX_PATH} CMAKE_PREFIX_PATH=/home/leon/robotica/scorbotLabo/software_scorbot/scorbot_ws/install/scorbot_msgs:/home/leon/robotica/scorbotLabo/universal_teleop/install/universal_teleop:/home/leon/robotica/scorbotLabo/universal_teleop/install/universal_teleop_msgs:/home/leon/robotica/scorbotLabo/universal_teleop/install/keyboard:/home/leon/robotica/scorbotLabo/universal_teleop/install/keyboard_msgs:/home/leon/microros_ws/install/micro_ros_demos_rclc:/home/leon/microros_ws/install/common_interfaces:/home/leon/microros_ws/install/visualization_msgs:/home/leon/microros_ws/install/test_msgs:/home/leon/microros_ws/install/example_interfaces:/home/leon/microros_ws/install/action_msgs:/home/leon/microros_ws/install/unique_identifier_msgs:/home/leon/microros_ws/install/trajectory_msgs:/home/leon/microros_ws/install/stereo_msgs:/home/leon/microros_ws/install/std_srvs:/home/leon/microros_ws/install/shape_msgs:/home/leon/microros_ws/install/sensor_msgs:/home/leon/microros_ws/install/nav_msgs:/home/leon/microros_ws/install/diagnostic_msgs:/home/leon/microros_ws/install/geometry_msgs:/home/leon/microros_ws/install/actionlib_msgs:/home/leon/microros_ws/install/std_msgs:/home/leon/microros_ws/install/statistics_msgs:/home/leon/microros_ws/install/rosidl_typesupport_microxrcedds_test_msg:/home/leon/microros_ws/install/rosidl_typesupport_microxrcedds_cpp_tests:/home/leon/microros_ws/install/rmw_microxrcedds:/home/leon/microros_ws/install/rosidl_typesupport_microxrcedds_cpp:/home/leon/microros_ws/install/rosidl_typesupport_microxrcedds_c_tests:/home/leon/microros_ws/install/rosidl_typesupport_microxrcedds_c:/home/leon/microros_ws/install/rosgraph_msgs:/home/leon/microros_ws/install/rclc_parameter:/home/leon/microros_ws/install/rclc:/home/leon/microros_ws/install/composition_interfaces:/home/leon/microros_ws/install/rcl_interfaces:/home/leon/microros_ws/install/microxrcedds_client:/home/leon/microros_ws/install/microcdr:/home/leon/microros_ws/install/micro_ros_utilities:/home/leon/microros_ws/install/micro_ros_setup:/home/leon/microros_ws/install/micro_ros_agent:/home/leon/microros_ws/install/micro_ros_msgs:/home/leon/microros_ws/install/lifecycle_msgs:/home/leon/microros_ws/install/complex_msgs:/home/leon/microros_ws/install/builtin_interfaces:/home/leon/microros_ws/install/sensor_msgs_py:/opt/ros/humble LD_LIBRARY_PATH=/home/leon/robotica/scorbotLabo/software_scorbot/scorbot_ws/install/scorbot_msgs/lib:${LD_LIBRARY_PATH} PYTHONPATH=/home/leon/robotica/scorbotLabo/software_scorbot/scorbot_ws/install/scorbot_msgs/local/lib/python3.10/dist-packages:${PYTHONPATH} /usr/bin/cmake --build /home/leon/robotica/scorbotLabo/software_scorbot/scorbot_ws/build/scorbot -- -j4 -l4
[0.171s] [35m[1mConsolidate compiler generated dependencies of target scorbot[0m
[0.209s] [ 33%] [32mBuilding CXX object CMakeFiles/scorbot.dir/src/scorbot.cpp.o[0m
[0.212s] [ 66%] [32mBuilding CXX object CMakeFiles/scorbot.dir/src/scorbot_node.cpp.o[0m
[0.599s] [01m[K/home/leon/robotica/scorbotLabo/software_scorbot/scorbot_ws/scorbot/src/scorbot.cpp:377:9:[m[K [01;35m[Kwarning: [m[K"/*" within comment [[01;35m[K]8;;https://gcc.gnu.org/onlinedocs/gcc/Warning-Options.html#index-Wcomment-Wcomment]8;;[m[K]
[0.600s]   377 |         /*
[0.600s]       |          
[4.475s] In file included from [01m[K/home/leon/robotica/scorbotLabo/software_scorbot/scorbot_ws/scorbot/src/scorbot_node.cpp:2[m[K:
[4.476s] [01m[K/home/leon/robotica/scorbotLabo/software_scorbot/scorbot_ws/scorbot/src/scorbot.h:64:15:[m[K [01;31m[Kerror: [m[K‘[01m[KTimer[m[K’ in namespace ‘[01m[Krclcpp[m[K’ does not name a type; did you mean ‘[01m[KTime[m[K’?
[4.476s]    64 |       rclcpp::[01;31m[KTimer[m[K control_timer;
[4.476s]       |               [01;31m[K^~~~~[m[K
[4.476s]       |               [32m[KTime[m[K
[4.486s] [01m[K/home/leon/robotica/scorbotLabo/software_scorbot/scorbot_ws/scorbot/src/scorbot.h:79:7:[m[K [01;31m[Kerror: [m[K‘[01m[Kactionlib_msgs[m[K’ does not name a type
[4.486s]    79 |       [01;31m[Kactionlib_msgs[m[K::msg::GoalID trajectory_goal_id;
[4.486s]       |       [01;31m[K^~~~~~~~~~~~~~[m[K
[4.491s] [01m[K/home/leon/robotica/scorbotLabo/software_scorbot/scorbot_ws/scorbot/src/scorbot.h:86:7:[m[K [01;31m[Kerror: [m[K‘[01m[Kcontrol_msgs[m[K’ does not name a type
[4.492s]    86 |       [01;31m[Kcontrol_msgs[m[K::msg::FollowJointTrajectoryActionResult result_msg;
[4.492s]       |       [01;31m[K^~~~~~~~~~~~[m[K
[4.492s] [01m[K/home/leon/robotica/scorbotLabo/software_scorbot/scorbot_ws/scorbot/src/scorbot_node.cpp:[m[K In function ‘[01m[Kint main(int, char**)[m[K’:
[4.493s] [01m[K/home/leon/robotica/scorbotLabo/software_scorbot/scorbot_ws/scorbot/src/scorbot_node.cpp:6:3:[m[K [01;31m[Kerror: [m[K‘[01m[Kros[m[K’ has not been declared
[4.493s]     6 |   [01;31m[Kros[m[K::init(argc, argv, "teleop");
[4.493s]       |   [01;31m[K^~~[m[K
[4.495s] [01m[K/home/leon/robotica/scorbotLabo/software_scorbot/scorbot_ws/scorbot/src/scorbot_node.cpp:7:3:[m[K [01;31m[Kerror: [m[K‘[01m[Kros[m[K’ has not been declared
[4.496s]     7 |   [01;31m[Kros[m[K::NodeHandle n("~");
[4.496s]       |   [01;31m[K^~~[m[K
[4.499s] [01m[K/home/leon/robotica/scorbotLabo/software_scorbot/scorbot_ws/scorbot/src/scorbot_node.cpp:8:21:[m[K [01;31m[Kerror: [m[K‘[01m[Kn[m[K’ was not declared in this scope
[4.499s]     8 |   scorbot::Teleop t([01;31m[Kn[m[K);
[4.499s]       |                     [01;31m[K^[m[K
[4.501s] [01m[K/home/leon/robotica/scorbotLabo/software_scorbot/scorbot_ws/scorbot/src/scorbot_node.cpp:9:3:[m[K [01;31m[Kerror: [m[K‘[01m[Kros[m[K’ has not been declared
[4.501s]     9 |   [01;31m[Kros[m[K::spin();
[4.502s]       |   [01;31m[K^~~[m[K
[4.527s] In file included from [01m[K/home/leon/robotica/scorbotLabo/software_scorbot/scorbot_ws/scorbot/src/scorbot.cpp:1[m[K:
[4.527s] [01m[K/home/leon/robotica/scorbotLabo/software_scorbot/scorbot_ws/scorbot/src/scorbot.h:64:15:[m[K [01;31m[Kerror: [m[K‘[01m[KTimer[m[K’ in namespace ‘[01m[Krclcpp[m[K’ does not name a type; did you mean ‘[01m[KTime[m[K’?
[4.527s]    64 |       rclcpp::[01;31m[KTimer[m[K control_timer;
[4.527s]       |               [01;31m[K^~~~~[m[K
[4.527s]       |               [32m[KTime[m[K
[4.535s] [01m[K/home/leon/robotica/scorbotLabo/software_scorbot/scorbot_ws/scorbot/src/scorbot.h:79:7:[m[K [01;31m[Kerror: [m[K‘[01m[Kactionlib_msgs[m[K’ does not name a type
[4.535s]    79 |       [01;31m[Kactionlib_msgs[m[K::msg::GoalID trajectory_goal_id;
[4.536s]       |       [01;31m[K^~~~~~~~~~~~~~[m[K
[4.539s] [01m[K/home/leon/robotica/scorbotLabo/software_scorbot/scorbot_ws/scorbot/src/scorbot.h:86:7:[m[K [01;31m[Kerror: [m[K‘[01m[Kcontrol_msgs[m[K’ does not name a type
[4.539s]    86 |       [01;31m[Kcontrol_msgs[m[K::msg::FollowJointTrajectoryActionResult result_msg;
[4.540s]       |       [01;31m[K^~~~~~~~~~~~[m[K
[4.540s] [01m[K/home/leon/robotica/scorbotLabo/software_scorbot/scorbot_ws/scorbot/src/scorbot.cpp:23:24:[m[K [01;31m[Kerror: [m[Kexpected constructor, destructor, or type conversion before ‘[01m[K([m[K’ token
[4.540s]    23 | scorbot::Teleop::Teleop[01;31m[K([m[Kros::NodeHandle& n)
[4.541s]       |                        [01;31m[K^[m[K
[4.544s] [01m[K/home/leon/robotica/scorbotLabo/software_scorbot/scorbot_ws/scorbot/src/scorbot.cpp:135:43:[m[K [01;31m[Kerror: [m[K‘[01m[Kcontrol_msgs[m[K’ does not name a type
[4.544s]   135 | void scorbot::Teleop::on_trajectory(const [01;31m[Kcontrol_msgs[m[K::FollowJointTrajectoryActionGoalConstPtr& msg)
[4.544s]       |                                           [01;31m[K^~~~~~~~~~~~[m[K
[4.545s] [01m[K/home/leon/robotica/scorbotLabo/software_scorbot/scorbot_ws/scorbot/src/scorbot.cpp:135:96:[m[K [01;31m[Kerror: [m[Kexpected unqualified-id before ‘[01m[K&[m[K’ token
[4.546s]   135 | ctory(const control_msgs::FollowJointTrajectoryActionGoalConstPtr[01;31m[K&[m[K msg)
[4.546s]       |                                                                  [01;31m[K^[m[K
[4.546s] 
[4.547s] [01m[K/home/leon/robotica/scorbotLabo/software_scorbot/scorbot_ws/scorbot/src/scorbot.cpp:135:96:[m[K [01;31m[Kerror: [m[Kexpected ‘[01m[K)[m[K’ before ‘[01m[K&[m[K’ token
[4.547s]   135 | ctory[34m[K([m[Kconst control_msgs::FollowJointTrajectoryActionGoalConstPtr[01;31m[K&[m[K msg)
[4.547s]       |      [34m[K~[m[K                                                           [01;31m[K^[m[K
[4.547s]       |                                                                  [32m[K)[m[K
[4.548s] [01m[K/home/leon/robotica/scorbotLabo/software_scorbot/scorbot_ws/scorbot/src/scorbot.cpp:135:98:[m[K [01;31m[Kerror: [m[Kexpected initializer before ‘[01m[Kmsg[m[K’
[4.548s]   135 | ctory(const control_msgs::FollowJointTrajectoryActionGoalConstPtr& [01;31m[Kmsg[m[K)
[4.548s]       |                                                                    [01;31m[K^~~[m[K
[4.548s] 
[4.549s] [01m[K/home/leon/robotica/scorbotLabo/software_scorbot/scorbot_ws/scorbot/src/scorbot.cpp:[m[K In member function ‘[01m[Kvoid scorbot::Teleop::check_trajectory_progress()[m[K’:
[4.550s] [01m[K/home/leon/robotica/scorbotLabo/software_scorbot/scorbot_ws/scorbot/src/scorbot.cpp:263:9:[m[K [01;31m[Kerror: [m[K‘[01m[Kcontrol_msgs[m[K’ has not been declared
[4.550s]   263 |         [01;31m[Kcontrol_msgs[m[K::FollowJointTrajectoryResult result;
[4.550s]       |         [01;31m[K^~~~~~~~~~~~[m[K
[4.558s] [01m[K/home/leon/robotica/scorbotLabo/software_scorbot/scorbot_ws/scorbot/src/scorbot.cpp:264:9:[m[K [01;31m[Kerror: [m[K‘[01m[Kresult[m[K’ was not declared in this scope
[4.558s]   264 |         [01;31m[Kresult[m[K.error_code = result.SUCCESSFUL;
[4.558s]       |         [01;31m[K^~~~~~[m[K
[4.558s] [01m[K/home/leon/robotica/scorbotLabo/software_scorbot/scorbot_ws/scorbot/src/scorbot.cpp:265:9:[m[K [01;31m[Kerror: [m[K‘[01m[Kcontrol_msgs[m[K’ has not been declared
[4.559s]   265 |         [01;31m[Kcontrol_msgs[m[K::FollowJointTrajectoryActionResult result_msg;
[4.559s]       |         [01;31m[K^~~~~~~~~~~~[m[K
[4.568s] [01m[K/home/leon/robotica/scorbotLabo/software_scorbot/scorbot_ws/scorbot/src/scorbot.cpp:266:9:[m[K [01;31m[Kerror: [m[K‘[01m[Kresult_msg[m[K’ was not declared in this scope
[4.568s]   266 |         [01;31m[Kresult_msg[m[K.result = result;
[4.568s]       |         [01;31m[K^~~~~~~~~~[m[K
[4.569s] [01m[K/home/leon/robotica/scorbotLabo/software_scorbot/scorbot_ws/scorbot/src/scorbot.cpp:268:9:[m[K [01;31m[Kerror: [m[K‘[01m[Kactionlib_msgs[m[K’ has not been declared
[4.569s]   268 |         [01;31m[Kactionlib_msgs[m[K::GoalStatus goal_status;
[4.569s]       |         [01;31m[K^~~~~~~~~~~~~~[m[K
[4.578s] [01m[K/home/leon/robotica/scorbotLabo/software_scorbot/scorbot_ws/scorbot/src/scorbot.cpp:269:9:[m[K [01;31m[Kerror: [m[K‘[01m[Kgoal_status[m[K’ was not declared in this scope; did you mean ‘[01m[Ksi_status[m[K’?
[4.578s]   269 |         [01;31m[Kgoal_status[m[K.status = goal_status.SUCCEEDED;
[4.579s]       |         [01;31m[K^~~~~~~~~~~[m[K
[4.579s]       |         [32m[Ksi_status[m[K
[4.593s] [01m[K/home/leon/robotica/scorbotLabo/software_scorbot/scorbot_ws/scorbot/src/scorbot.cpp:270:31:[m[K [01;31m[Kerror: [m[K‘[01m[Ktrajectory_goal_id[m[K’ was not declared in this scope
[4.594s]   270 |         goal_status.goal_id = [01;31m[Ktrajectory_goal_id[m[K;
[4.596s]       |                               [01;31m[K^~~~~~~~~~~~~~~~~~[m[K
[4.612s] [01m[K/home/leon/robotica/scorbotLabo/software_scorbot/scorbot_ws/scorbot/src/scorbot.cpp:273:9:[m[K [01;31m[Kerror: [m[K‘[01m[Ktrajectory_finished_pub[m[K’ was not declared in this scope
[4.612s]   273 |         [01;31m[Ktrajectory_finished_pub[m[K.publish(result_msg);
[4.612s]       |         [01;31m[K^~~~~~~~~~~~~~~~~~~~~~~[m[K
[4.613s] [01m[K/home/leon/robotica/scorbotLabo/software_scorbot/scorbot_ws/scorbot/src/scorbot.cpp:277:19:[m[K [01;31m[Kerror: [m[K‘[01m[KInt32MultiArray[m[K’ is not a member of ‘[01m[Kstd_msgs[m[K’; did you mean ‘[01m[Kstd_msgs::msg::Int32MultiArray[m[K’?
[4.613s]   277 |         std_msgs::[01;31m[KInt32MultiArray[m[K joint_pos_msg;
[4.614s]       |                   [01;31m[K^~~~~~~~~~~~~~~[m[K
[4.614s] In file included from [01m[K/opt/ros/humble/include/std_msgs/std_msgs/msg/int32_multi_array.hpp:7[m[K,
[4.614s]                  from [01m[K/home/leon/robotica/scorbotLabo/software_scorbot/scorbot_ws/scorbot/src/scorbot.h:16[m[K,
[4.615s]                  from [01m[K/home/leon/robotica/scorbotLabo/software_scorbot/scorbot_ws/scorbot/src/scorbot.cpp:1[m[K:
[4.615s] [01m[K/opt/ros/humble/include/std_msgs/std_msgs/msg/detail/int32_multi_array__struct.hpp:132:7:[m[K [01;36m[Knote: [m[K‘[01m[Kstd_msgs::msg::Int32MultiArray[m[K’ declared here
[4.615s]   132 | using [01;36m[KInt32MultiArray[m[K =
[4.615s]       |       [01;36m[K^~~~~~~~~~~~~~~[m[K
[4.615s] [01m[K/home/leon/robotica/scorbotLabo/software_scorbot/scorbot_ws/scorbot/src/scorbot.cpp:286:29:[m[K [01;31m[Kerror: [m[K‘[01m[Kclass std::shared_ptr<std_msgs::msg::Int32MultiArray_<std::allocator<void> > >[m[K’ has no member named ‘[01m[Kpublish[m[K’
[4.616s]   286 |         joint_pos_array_pub.[01;31m[Kpublish[m[K(joint_pos_msg);
[4.616s]       |                             [01;31m[K^~~~~~~[m[K
[4.616s] [01m[K/home/leon/robotica/scorbotLabo/software_scorbot/scorbot_ws/scorbot/src/scorbot.cpp:301:17:[m[K [01;31m[Kerror: [m[K‘[01m[KInt32MultiArray[m[K’ is not a member of ‘[01m[Kstd_msgs[m[K’; did you mean ‘[01m[Kstd_msgs::msg::Int32MultiArray[m[K’?
[4.617s]   301 |       std_msgs::[01;31m[KInt32MultiArray[m[K joint_pos_msg;
[4.617s]       |                 [01;31m[K^~~~~~~~~~~~~~~[m[K
[4.617s] In file included from [01m[K/opt/ros/humble/include/std_msgs/std_msgs/msg/int32_multi_array.hpp:7[m[K,
[4.618s]                  from [01m[K/home/leon/robotica/scorbotLabo/software_scorbot/scorbot_ws/scorbot/src/scorbot.h:16[m[K,
[4.618s]                  from [01m[K/home/leon/robotica/scorbotLabo/software_scorbot/scorbot_ws/scorbot/src/scorbot.cpp:1[m[K:
[4.618s] [01m[K/opt/ros/humble/include/std_msgs/std_msgs/msg/detail/int32_multi_array__struct.hpp:132:7:[m[K [01;36m[Knote: [m[K‘[01m[Kstd_msgs::msg::Int32MultiArray[m[K’ declared here
[4.618s]   132 | using [01;36m[KInt32MultiArray[m[K =
[4.618s]       |       [01;36m[K^~~~~~~~~~~~~~~[m[K
[4.619s] [01m[K/home/leon/robotica/scorbotLabo/software_scorbot/scorbot_ws/scorbot/src/scorbot.cpp:310:27:[m[K [01;31m[Kerror: [m[K‘[01m[Kclass std::shared_ptr<std_msgs::msg::Int32MultiArray_<std::allocator<void> > >[m[K’ has no member named ‘[01m[Kpublish[m[K’
[4.619s]   310 |       joint_pos_array_pub.[01;31m[Kpublish[m[K(joint_pos_msg);
[4.619s]       |                           [01;31m[K^~~~~~~[m[K
[4.620s] [01m[K/home/leon/robotica/scorbotLabo/software_scorbot/scorbot_ws/scorbot/src/scorbot.cpp:[m[K At global scope:
[4.620s] [01m[K/home/leon/robotica/scorbotLabo/software_scorbot/scorbot_ws/scorbot/src/scorbot.cpp:315:58:[m[K [01;31m[Kerror: [m[K‘[01m[KJointStateConstPtr[m[K’ in namespace ‘[01m[Ksensor_msgs[m[K’ does not name a type
[4.620s]   315 | void scorbot::Teleop::on_joint_states(const sensor_msgs::[01;31m[KJointStateConstPtr[m[K& msg){
[4.621s]       |                                                          [01;31m[K^~~~~~~~~~~~~~~~~~[m[K
[4.621s] [01m[K/home/leon/robotica/scorbotLabo/software_scorbot/scorbot_ws/scorbot/src/scorbot.cpp:315:6:[m[K [01;31m[Kerror: [m[Kno declaration matches ‘[01m[Kvoid scorbot::Teleop::on_joint_states(const int&)[m[K’
[4.621s]   315 | void [01;31m[Kscorbot[m[K::Teleop::on_joint_states(const sensor_msgs::JointStateConstPtr& msg){
[4.622s]       |      [01;31m[K^~~~~~~[m[K
[4.622s] In file included from [01m[K/home/leon/robotica/scorbotLabo/software_scorbot/scorbot_ws/scorbot/src/scorbot.cpp:1[m[K:
[4.622s] [01m[K/home/leon/robotica/scorbotLabo/software_scorbot/scorbot_ws/scorbot/src/scorbot.h:40:12:[m[K [01;36m[Knote: [m[Kcandidate is: ‘[01m[Kvoid scorbot::Teleop::on_joint_states(const JointState&)[m[K’
[4.622s]    40 |       void [01;36m[Kon_joint_states[m[K(const sensor_msgs::msg::JointState& msg);
[4.622s]       |            [01;36m[K^~~~~~~~~~~~~~~[m[K
[4.622s] [01m[K/home/leon/robotica/scorbotLabo/software_scorbot/scorbot_ws/scorbot/src/scorbot.h:32:9:[m[K [01;36m[Knote: [m[K‘[01m[Kclass scorbot::Teleop[m[K’ defined here
[4.622s]    32 |   class [01;36m[KTeleop[m[K
[4.623s]       |         [01;36m[K^~~~~~[m[K
[4.623s] [01m[K/home/leon/robotica/scorbotLabo/software_scorbot/scorbot_ws/scorbot/src/scorbot.cpp:411:52:[m[K [01;31m[Kerror: [m[K‘[01m[KFloat64ConstPtr[m[K’ in namespace ‘[01m[Kstd_msgs[m[K’ does not name a type
[4.623s]   411 | void scorbot::Teleop::on_tolerance(const std_msgs::[01;31m[KFloat64ConstPtr[m[K& msg){
[4.623s]       |                                                    [01;31m[K^~~~~~~~~~~~~~~[m[K
[4.623s] [01m[K/home/leon/robotica/scorbotLabo/software_scorbot/scorbot_ws/scorbot/src/scorbot.cpp:411:6:[m[K [01;31m[Kerror: [m[Kno declaration matches ‘[01m[Kvoid scorbot::Teleop::on_tolerance(const int&)[m[K’
[4.623s]   411 | void [01;31m[Kscorbot[m[K::Teleop::on_tolerance(const std_msgs::Float64ConstPtr& msg){
[4.623s]       |      [01;31m[K^~~~~~~[m[K
[4.623s] In file included from [01m[K/home/leon/robotica/scorbotLabo/software_scorbot/scorbot_ws/scorbot/src/scorbot.cpp:1[m[K:
[4.623s] [01m[K/home/leon/robotica/scorbotLabo/software_scorbot/scorbot_ws/scorbot/src/scorbot.h:47:12:[m[K [01;36m[Knote: [m[Kcandidate is: ‘[01m[Kvoid scorbot::Teleop::on_tolerance(const Float64&)[m[K’
[4.623s]    47 |       void [01;36m[Kon_tolerance[m[K(const std_msgs::msg::Float64& msg);
[4.624s]       |            [01;36m[K^~~~~~~~~~~~[m[K
[4.624s] [01m[K/home/leon/robotica/scorbotLabo/software_scorbot/scorbot_ws/scorbot/src/scorbot.h:32:9:[m[K [01;36m[Knote: [m[K‘[01m[Kclass scorbot::Teleop[m[K’ defined here
[4.624s]    32 |   class [01;36m[KTeleop[m[K
[4.625s]       |         [01;36m[K^~~~~~[m[K
[4.626s] [01m[K/home/leon/robotica/scorbotLabo/software_scorbot/scorbot_ws/scorbot/src/scorbot.cpp:415:51:[m[K [01;31m[Kerror: [m[K‘[01m[KStringConstPtr[m[K’ in namespace ‘[01m[Kstd_msgs[m[K’ does not name a type
[4.626s]   415 | void scorbot::Teleop::on_filename(const std_msgs::[01;31m[KStringConstPtr[m[K& msg){
[4.626s]       |                                                   [01;31m[K^~~~~~~~~~~~~~[m[K
[4.627s] [01m[K/home/leon/robotica/scorbotLabo/software_scorbot/scorbot_ws/scorbot/src/scorbot.cpp:415:6:[m[K [01;31m[Kerror: [m[Kno declaration matches ‘[01m[Kvoid scorbot::Teleop::on_filename(const int&)[m[K’
[4.627s]   415 | void [01;31m[Kscorbot[m[K::Teleop::on_filename(const std_msgs::StringConstPtr& msg){
[4.627s]       |      [01;31m[K^~~~~~~[m[K
[4.628s] In file included from [01m[K/home/leon/robotica/scorbotLabo/software_scorbot/scorbot_ws/scorbot/src/scorbot.cpp:1[m[K:
[4.628s] [01m[K/home/leon/robotica/scorbotLabo/software_scorbot/scorbot_ws/scorbot/src/scorbot.h:48:12:[m[K [01;36m[Knote: [m[Kcandidate is: ‘[01m[Kvoid scorbot::Teleop::on_filename(const String&)[m[K’
[4.628s]    48 |       void [01;36m[Kon_filename[m[K(const std_msgs::msg::String& msg);
[4.629s]       |            [01;36m[K^~~~~~~~~~~[m[K
[4.629s] [01m[K/home/leon/robotica/scorbotLabo/software_scorbot/scorbot_ws/scorbot/src/scorbot.h:32:9:[m[K [01;36m[Knote: [m[K‘[01m[Kclass scorbot::Teleop[m[K’ defined here
[4.629s]    32 |   class [01;36m[KTeleop[m[K
[4.630s]       |         [01;36m[K^~~~~~[m[K
[4.630s] [01m[K/home/leon/robotica/scorbotLabo/software_scorbot/scorbot_ws/scorbot/src/scorbot.cpp:419:41:[m[K [01;31m[Kerror: [m[K‘[01m[Kuniversal_teleop[m[K’ does not name a type
[4.630s]   419 | void scorbot::Teleop::on_controls(const [01;31m[Kuniversal_teleop[m[K::ControlConstPtr& msg)
[4.631s]       |                                         [01;31m[K^~~~~~~~~~~~~~~~[m[K
[4.631s] [01m[K/home/leon/robotica/scorbotLabo/software_scorbot/scorbot_ws/scorbot/src/scorbot.cpp:419:74:[m[K [01;31m[Kerror: [m[Kexpected unqualified-id before ‘[01m[K&[m[K’ token
[4.631s]   419 | rbot::Teleop::on_controls(const universal_teleop::ControlConstPtr[01;31m[K&[m[K msg)
[4.632s]       |                                                                  [01;31m[K^[m[K
[4.632s] 
[4.632s] [01m[K/home/leon/robotica/scorbotLabo/software_scorbot/scorbot_ws/scorbot/src/scorbot.cpp:419:74:[m[K [01;31m[Kerror: [m[Kexpected ‘[01m[K)[m[K’ before ‘[01m[K&[m[K’ token
[4.632s]   419 | rbot::Teleop::on_controls[34m[K([m[Kconst universal_teleop::ControlConstPtr[01;31m[K&[m[K msg)
[4.632s]       |                          [34m[K~[m[K                                       [01;31m[K^[m[K
[4.633s]       |                                                                  [32m[K)[m[K
[4.633s] [01m[K/home/leon/robotica/scorbotLabo/software_scorbot/scorbot_ws/scorbot/src/scorbot.cpp:419:76:[m[K [01;31m[Kerror: [m[Kexpected initializer before ‘[01m[Kmsg[m[K’
[4.633s]   419 | rbot::Teleop::on_controls(const universal_teleop::ControlConstPtr& [01;31m[Kmsg[m[K)
[4.634s]       |                                                                    [01;31m[K^~~[m[K
[4.634s] 
[4.634s] [01m[K/home/leon/robotica/scorbotLabo/software_scorbot/scorbot_ws/scorbot/src/scorbot.cpp:444:39:[m[K [01;31m[Kerror: [m[K‘[01m[Kuniversal_teleop[m[K’ does not name a type
[4.635s]   444 | void scorbot::Teleop::on_events(const [01;31m[Kuniversal_teleop[m[K::EventConstPtr& msg)
[4.635s]       |                                       [01;31m[K^~~~~~~~~~~~~~~~[m[K
[4.635s] [01m[K/home/leon/robotica/scorbotLabo/software_scorbot/scorbot_ws/scorbot/src/scorbot.cpp:444:70:[m[K [01;31m[Kerror: [m[Kexpected unqualified-id before ‘[01m[K&[m[K’ token
[4.636s]   444 |  scorbot::Teleop::on_events(const universal_teleop::EventConstPtr[01;31m[K&[m[K msg)
[4.636s]       |                                                                  [01;31m[K^[m[K
[4.636s] 
[4.636s] [01m[K/home/leon/robotica/scorbotLabo/software_scorbot/scorbot_ws/scorbot/src/scorbot.cpp:444:70:[m[K [01;31m[Kerror: [m[Kexpected ‘[01m[K)[m[K’ before ‘[01m[K&[m[K’ token
[4.636s]   444 |  scorbot::Teleop::on_events[34m[K([m[Kconst universal_teleop::EventConstPtr[01;31m[K&[m[K msg)
[4.636s]       |                            [34m[K~[m[K                                     [01;31m[K^[m[K
[4.637s]       |                                                                  [32m[K)[m[K
[4.637s] [01m[K/home/leon/robotica/scorbotLabo/software_scorbot/scorbot_ws/scorbot/src/scorbot.cpp:444:72:[m[K [01;31m[Kerror: [m[Kexpected initializer before ‘[01m[Kmsg[m[K’
[4.637s]   444 |  scorbot::Teleop::on_events(const universal_teleop::EventConstPtr& [01;31m[Kmsg[m[K)
[4.638s]       |                                                                    [01;31m[K^~~[m[K
[4.638s] 
[4.639s] [01m[K/home/leon/robotica/scorbotLabo/software_scorbot/scorbot_ws/scorbot/src/scorbot.cpp:[m[K In member function ‘[01m[Kvoid scorbot::Teleop::on_control_cycle()[m[K’:
[4.639s] [01m[K/home/leon/robotica/scorbotLabo/software_scorbot/scorbot_ws/scorbot/src/scorbot.cpp:507:46:[m[K [01;31m[Kerror: [m[K‘[01m[KNow[m[K’ is not a member of ‘[01m[Krclcpp::Clock[m[K’
[4.639s]   507 |     velocities.header.stamp = rclcpp::Clock::[01;31m[KNow[m[K();
[4.640s]       |                                              [01;31m[K^~~[m[K
[4.640s] [01m[K/home/leon/robotica/scorbotLabo/software_scorbot/scorbot_ws/scorbot/src/scorbot.cpp:508:23:[m[K [01;35m[Kwarning: [m[Kcomparison of integer expressions of different signedness: ‘[01m[Kint[m[K’ and ‘[01m[Kstd::vector<float>::size_type[m[K’ {aka ‘[01m[Klong unsigned int[m[K’} [[01;35m[K]8;;https://gcc.gnu.org/onlinedocs/gcc/Warning-Options.html#index-Wsign-compare-Wsign-compare]8;;[m[K]
[4.640s]   508 |     for (int i = 0; [01;35m[Ki < velocities.joint_velocities.size()[m[K; i++) {
[4.641s]       |                     [01;35m[K~~^~~~~~~~~~~~~~~~~~~~~~~~~~~~~~~~~~~~[m[K
[4.641s] [01m[K/home/leon/robotica/scorbotLabo/software_scorbot/scorbot_ws/scorbot/src/scorbot.cpp:511:13:[m[K [01;31m[Kerror: [m[K‘[01m[Kclass std::shared_ptr<scorbot_msgs::msg::JointVelocities_<std::allocator<void> > >[m[K’ has no member named ‘[01m[Kpublish[m[K’
[4.641s]   511 |     vel_pub.[01;31m[Kpublish[m[K(velocities);
[4.641s]       |             [01;31m[K^~~~~~~[m[K
[5.297s] gmake[2]: *** [CMakeFiles/scorbot.dir/build.make:90: CMakeFiles/scorbot.dir/src/scorbot_node.cpp.o] Error 1
[5.297s] gmake[2]: *** Waiting for unfinished jobs....
[5.316s] gmake[2]: *** [CMakeFiles/scorbot.dir/build.make:76: CMakeFiles/scorbot.dir/src/scorbot.cpp.o] Error 1
[5.316s] gmake[1]: *** [CMakeFiles/Makefile2:137: CMakeFiles/scorbot.dir/all] Error 2
[5.316s] gmake: *** [Makefile:146: all] Error 2
[5.319s] Invoked command in '/home/leon/robotica/scorbotLabo/software_scorbot/scorbot_ws/build/scorbot' returned '2': AMENT_PREFIX_PATH=/home/leon/robotica/scorbotLabo/software_scorbot/scorbot_ws/install/scorbot_msgs:${AMENT_PREFIX_PATH} CMAKE_PREFIX_PATH=/home/leon/robotica/scorbotLabo/software_scorbot/scorbot_ws/install/scorbot_msgs:/home/leon/robotica/scorbotLabo/universal_teleop/install/universal_teleop:/home/leon/robotica/scorbotLabo/universal_teleop/install/universal_teleop_msgs:/home/leon/robotica/scorbotLabo/universal_teleop/install/keyboard:/home/leon/robotica/scorbotLabo/universal_teleop/install/keyboard_msgs:/home/leon/microros_ws/install/micro_ros_demos_rclc:/home/leon/microros_ws/install/common_interfaces:/home/leon/microros_ws/install/visualization_msgs:/home/leon/microros_ws/install/test_msgs:/home/leon/microros_ws/install/example_interfaces:/home/leon/microros_ws/install/action_msgs:/home/leon/microros_ws/install/unique_identifier_msgs:/home/leon/microros_ws/install/trajectory_msgs:/home/leon/microros_ws/install/stereo_msgs:/home/leon/microros_ws/install/std_srvs:/home/leon/microros_ws/install/shape_msgs:/home/leon/microros_ws/install/sensor_msgs:/home/leon/microros_ws/install/nav_msgs:/home/leon/microros_ws/install/diagnostic_msgs:/home/leon/microros_ws/install/geometry_msgs:/home/leon/microros_ws/install/actionlib_msgs:/home/leon/microros_ws/install/std_msgs:/home/leon/microros_ws/install/statistics_msgs:/home/leon/microros_ws/install/rosidl_typesupport_microxrcedds_test_msg:/home/leon/microros_ws/install/rosidl_typesupport_microxrcedds_cpp_tests:/home/leon/microros_ws/install/rmw_microxrcedds:/home/leon/microros_ws/install/rosidl_typesupport_microxrcedds_cpp:/home/leon/microros_ws/install/rosidl_typesupport_microxrcedds_c_tests:/home/leon/microros_ws/install/rosidl_typesupport_microxrcedds_c:/home/leon/microros_ws/install/rosgraph_msgs:/home/leon/microros_ws/install/rclc_parameter:/home/leon/microros_ws/install/rclc:/home/leon/microros_ws/install/composition_interfaces:/home/leon/microros_ws/install/rcl_interfaces:/home/leon/microros_ws/install/microxrcedds_client:/home/leon/microros_ws/install/microcdr:/home/leon/microros_ws/install/micro_ros_utilities:/home/leon/microros_ws/install/micro_ros_setup:/home/leon/microros_ws/install/micro_ros_agent:/home/leon/microros_ws/install/micro_ros_msgs:/home/leon/microros_ws/install/lifecycle_msgs:/home/leon/microros_ws/install/complex_msgs:/home/leon/microros_ws/install/builtin_interfaces:/home/leon/microros_ws/install/sensor_msgs_py:/opt/ros/humble LD_LIBRARY_PATH=/home/leon/robotica/scorbotLabo/software_scorbot/scorbot_ws/install/scorbot_msgs/lib:${LD_LIBRARY_PATH} PYTHONPATH=/home/leon/robotica/scorbotLabo/software_scorbot/scorbot_ws/install/scorbot_msgs/local/lib/python3.10/dist-packages:${PYTHONPATH} /usr/bin/cmake --build /home/leon/robotica/scorbotLabo/software_scorbot/scorbot_ws/build/scorbot -- -j4 -l4
