[01m[K/home/leon/robotica/scorbotLabo/software_scorbot/scorbot_ws/scorbot/src/scorbot.cpp:397:7:[m[K [01;35m[Kwarning: [m[K"/*" within comment [[01;35m[K]8;;https://gcc.gnu.org/onlinedocs/gcc/Warning-Options.html#index-Wcomment-Wcomment]8;;[m[K]
  397 |       /*
      |        
[01m[K/home/leon/robotica/scorbotLabo/software_scorbot/scorbot_ws/scorbot/src/scorbot.cpp:[m[K In constructor ‘[01m[Kscorbot::Teleop::Teleop(std::shared_ptr<rclcpp::Node>)[m[K’:
[01m[K/home/leon/robotica/scorbotLabo/software_scorbot/scorbot_ws/scorbot/src/scorbot.cpp:77:87:[m[K [01;31m[Kerror: [m[Kno match for ‘[01m[Koperator=[m[K’ (operand types are ‘[01m[Kstd::shared_ptr<rclcpp::WallTimer<std::function<void()> > >[m[K’ and ‘[01m[Krclcpp::WallTimer<std::_Bind<void (scorbot::Teleop::*(std::shared_ptr<rclcpp::Node>))()>, 0>::SharedPtr[m[K’ {aka ‘[01m[Kstd::shared_ptr<rclcpp::WallTimer<std::_Bind<void (scorbot::Teleop::*(std::shared_ptr<rclcpp::Node>))()>, 0> >[m[K’})
   77 |   control_timer = n->create_wall_timer(period, std::bind(&Teleop::on_control_cycle, n)[01;31m[K)[m[K;
      |                                                                                       [01;31m[K^[m[K
In file included from [01m[K/usr/include/c++/11/memory:77[m[K,
                 from [01m[K/opt/ros/humble/include/rclcpp/rclcpp/rclcpp.hpp:153[m[K,
                 from [01m[K/home/leon/robotica/scorbotLabo/software_scorbot/scorbot_ws/scorbot/src/scorbot.h:4[m[K,
                 from [01m[K/home/leon/robotica/scorbotLabo/software_scorbot/scorbot_ws/scorbot/src/scorbot.cpp:1[m[K:
[01m[K/usr/include/c++/11/bits/shared_ptr.h:363:9:[m[K [01;36m[Knote: [m[Kcandidate: ‘[01m[Ktemplate<class _Yp> std::shared_ptr<_Tp>::_Assignable<const std::shared_ptr<_Yp>&> std::shared_ptr<_Tp>::operator=(const std::shared_ptr<_Yp>&) [with _Yp = _Yp; _Tp = rclcpp::WallTimer<std::function<void()> >][m[K’
  363 |         [01;36m[Koperator[m[K=(const shared_ptr<_Yp>& __r) noexcept
      |         [01;36m[K^~~~~~~~[m[K
[01m[K/usr/include/c++/11/bits/shared_ptr.h:363:9:[m[K [01;36m[Knote: [m[K  template argument deduction/substitution failed:
/usr/include/c++/11/bits/shared_ptr.h: In substitution of ‘[01m[Ktemplate<class _Tp> template<class _Arg> using _Assignable = typename std::enable_if<std::is_assignable<std::__shared_ptr<_Tp>&, _Arg>::value, std::shared_ptr<_Tp>&>::type [with _Arg = const std::shared_ptr<rclcpp::WallTimer<std::_Bind<void (scorbot::Teleop::*(std::shared_ptr<rclcpp::Node>))()>, 0> >&; _Tp = rclcpp::WallTimer<std::function<void()> >][m[K’:
[01m[K/usr/include/c++/11/bits/shared_ptr.h:363:2:[m[K   required by substitution of ‘[01m[Ktemplate<class _Yp> std::shared_ptr<rclcpp::WallTimer<std::function<void()> > >::_Assignable<const std::shared_ptr<_Tp>&> std::shared_ptr<rclcpp::WallTimer<std::function<void()> > >::operator=<_Yp>(const std::shared_ptr<_Tp>&) [with _Yp = rclcpp::WallTimer<std::_Bind<void (scorbot::Teleop::*(std::shared_ptr<rclcpp::Node>))()>, 0>][m[K’
[01m[K/home/leon/robotica/scorbotLabo/software_scorbot/scorbot_ws/scorbot/src/scorbot.cpp:77:87:[m[K   required from here
[01m[K/usr/include/c++/11/bits/shared_ptr.h:130:15:[m[K [01;31m[Kerror: [m[Kno type named ‘[01m[Ktype[m[K’ in ‘[01m[Kstruct std::enable_if<false, std::shared_ptr<rclcpp::WallTimer<std::function<void()> > >&>[m[K’
  130 |         using [01;31m[K_Assignable[m[K = typename enable_if<
      |               [01;31m[K^~~~~~~~~~~[m[K
[01m[K/usr/include/c++/11/bits/shared_ptr.h:374:9:[m[K [01;36m[Knote: [m[Kcandidate: ‘[01m[Ktemplate<class _Yp> std::shared_ptr<_Tp>::_Assignable<std::auto_ptr<_Up> > std::shared_ptr<_Tp>::operator=(std::auto_ptr<_Up>&&) [with _Yp = _Yp; _Tp = rclcpp::WallTimer<std::function<void()> >][m[K’
  374 |         [01;36m[Koperator[m[K=(auto_ptr<_Yp>&& __r)
      |         [01;36m[K^~~~~~~~[m[K
[01m[K/usr/include/c++/11/bits/shared_ptr.h:374:9:[m[K [01;36m[Knote: [m[K  template argument deduction/substitution failed:
[01m[K/home/leon/robotica/scorbotLabo/software_scorbot/scorbot_ws/scorbot/src/scorbot.cpp:77:87:[m[K [01;36m[Knote: [m[K  ‘[01m[Krclcpp::WallTimer<std::_Bind<void (scorbot::Teleop::*(std::shared_ptr<rclcpp::Node>))()>, 0>::SharedPtr[m[K’ {aka ‘[01m[Kstd::shared_ptr<rclcpp::WallTimer<std::_Bind<void (scorbot::Teleop::*(std::shared_ptr<rclcpp::Node>))()>, 0> >[m[K’} is not derived from ‘[01m[Kstd::auto_ptr<_Up>[m[K’
   77 |   control_timer = n->create_wall_timer(period, std::bind(&Teleop::on_control_cycle, n)[01;36m[K)[m[K;
      |                                                                                       [01;36m[K^[m[K
In file included from [01m[K/usr/include/c++/11/memory:77[m[K,
                 from [01m[K/opt/ros/humble/include/rclcpp/rclcpp/rclcpp.hpp:153[m[K,
                 from [01m[K/home/leon/robotica/scorbotLabo/software_scorbot/scorbot_ws/scorbot/src/scorbot.h:4[m[K,
                 from [01m[K/home/leon/robotica/scorbotLabo/software_scorbot/scorbot_ws/scorbot/src/scorbot.cpp:1[m[K:
[01m[K/usr/include/c++/11/bits/shared_ptr.h:391:9:[m[K [01;36m[Knote: [m[Kcandidate: ‘[01m[Ktemplate<class _Yp> std::shared_ptr<_Tp>::_Assignable<std::shared_ptr<_Yp> > std::shared_ptr<_Tp>::operator=(std::shared_ptr<_Yp>&&) [with _Yp = _Yp; _Tp = rclcpp::WallTimer<std::function<void()> >][m[K’
  391 |         [01;36m[Koperator[m[K=(shared_ptr<_Yp>&& __r) noexcept
      |         [01;36m[K^~~~~~~~[m[K
[01m[K/usr/include/c++/11/bits/shared_ptr.h:391:9:[m[K [01;36m[Knote: [m[K  template argument deduction/substitution failed:
/usr/include/c++/11/bits/shared_ptr.h: In substitution of ‘[01m[Ktemplate<class _Tp> template<class _Arg> using _Assignable = typename std::enable_if<std::is_assignable<std::__shared_ptr<_Tp>&, _Arg>::value, std::shared_ptr<_Tp>&>::type [with _Arg = std::shared_ptr<rclcpp::WallTimer<std::_Bind<void (scorbot::Teleop::*(std::shared_ptr<rclcpp::Node>))()>, 0> >; _Tp = rclcpp::WallTimer<std::function<void()> >][m[K’:
[01m[K/usr/include/c++/11/bits/shared_ptr.h:391:2:[m[K   required by substitution of ‘[01m[Ktemplate<class _Yp> std::shared_ptr<rclcpp::WallTimer<std::function<void()> > >::_Assignable<std::shared_ptr<_Tp> > std::shared_ptr<rclcpp::WallTimer<std::function<void()> > >::operator=<_Yp>(std::shared_ptr<_Tp>&&) [with _Yp = rclcpp::WallTimer<std::_Bind<void (scorbot::Teleop::*(std::shared_ptr<rclcpp::Node>))()>, 0>][m[K’
[01m[K/home/leon/robotica/scorbotLabo/software_scorbot/scorbot_ws/scorbot/src/scorbot.cpp:77:87:[m[K   required from here
[01m[K/usr/include/c++/11/bits/shared_ptr.h:130:15:[m[K [01;31m[Kerror: [m[Kno type named ‘[01m[Ktype[m[K’ in ‘[01m[Kstruct std::enable_if<false, std::shared_ptr<rclcpp::WallTimer<std::function<void()> > >&>[m[K’
  130 |         using [01;31m[K_Assignable[m[K = typename enable_if<
      |               [01;31m[K^~~~~~~~~~~[m[K
[01m[K/usr/include/c++/11/bits/shared_ptr.h:399:9:[m[K [01;36m[Knote: [m[Kcandidate: ‘[01m[Ktemplate<class _Yp, class _Del> std::shared_ptr<_Tp>::_Assignable<std::unique_ptr<_Up, _Ep> > std::shared_ptr<_Tp>::operator=(std::unique_ptr<_Up, _Ep>&&) [with _Yp = _Yp; _Del = _Del; _Tp = rclcpp::WallTimer<std::function<void()> >][m[K’
  399 |         [01;36m[Koperator[m[K=(unique_ptr<_Yp, _Del>&& __r)
      |         [01;36m[K^~~~~~~~[m[K
[01m[K/usr/include/c++/11/bits/shared_ptr.h:399:9:[m[K [01;36m[Knote: [m[K  template argument deduction/substitution failed:
[01m[K/home/leon/robotica/scorbotLabo/software_scorbot/scorbot_ws/scorbot/src/scorbot.cpp:77:87:[m[K [01;36m[Knote: [m[K  ‘[01m[Krclcpp::WallTimer<std::_Bind<void (scorbot::Teleop::*(std::shared_ptr<rclcpp::Node>))()>, 0>::SharedPtr[m[K’ {aka ‘[01m[Kstd::shared_ptr<rclcpp::WallTimer<std::_Bind<void (scorbot::Teleop::*(std::shared_ptr<rclcpp::Node>))()>, 0> >[m[K’} is not derived from ‘[01m[Kstd::unique_ptr<_Tp, _Dp>[m[K’
   77 |   control_timer = n->create_wall_timer(period, std::bind(&Teleop::on_control_cycle, n)[01;36m[K)[m[K;
      |                                                                                       [01;36m[K^[m[K
In file included from [01m[K/usr/include/c++/11/memory:77[m[K,
                 from [01m[K/opt/ros/humble/include/rclcpp/rclcpp/rclcpp.hpp:153[m[K,
                 from [01m[K/home/leon/robotica/scorbotLabo/software_scorbot/scorbot_ws/scorbot/src/scorbot.h:4[m[K,
                 from [01m[K/home/leon/robotica/scorbotLabo/software_scorbot/scorbot_ws/scorbot/src/scorbot.cpp:1[m[K:
[01m[K/usr/include/c++/11/bits/shared_ptr.h:359:19:[m[K [01;36m[Knote: [m[Kcandidate: ‘[01m[Kstd::shared_ptr<_Tp>& std::shared_ptr<_Tp>::operator=(const std::shared_ptr<_Tp>&) [with _Tp = rclcpp::WallTimer<std::function<void()> >][m[K’
  359 |       shared_ptr& [01;36m[Koperator[m[K=(const shared_ptr&) noexcept = default;
      |                   [01;36m[K^~~~~~~~[m[K
[01m[K/usr/include/c++/11/bits/shared_ptr.h:359:29:[m[K [01;36m[Knote: [m[K  no known conversion for argument 1 from ‘[01m[Krclcpp::WallTimer<std::_Bind<void (scorbot::Teleop::*(std::shared_ptr<rclcpp::Node>))()>, 0>::SharedPtr[m[K’ {aka ‘[01m[Kstd::shared_ptr<rclcpp::WallTimer<std::_Bind<void (scorbot::Teleop::*(std::shared_ptr<rclcpp::Node>))()>, 0> >[m[K’} to ‘[01m[Kconst std::shared_ptr<rclcpp::WallTimer<std::function<void()> > >&[m[K’
  359 |       shared_ptr& operator=([01;36m[Kconst shared_ptr&[m[K) noexcept = default;
      |                             [01;36m[K^~~~~~~~~~~~~~~~~[m[K
[01m[K/usr/include/c++/11/bits/shared_ptr.h:383:7:[m[K [01;36m[Knote: [m[Kcandidate: ‘[01m[Kstd::shared_ptr<_Tp>& std::shared_ptr<_Tp>::operator=(std::shared_ptr<_Tp>&&) [with _Tp = rclcpp::WallTimer<std::function<void()> >][m[K’
  383 |       [01;36m[Koperator[m[K=(shared_ptr&& __r) noexcept
      |       [01;36m[K^~~~~~~~[m[K
[01m[K/usr/include/c++/11/bits/shared_ptr.h:383:30:[m[K [01;36m[Knote: [m[K  no known conversion for argument 1 from ‘[01m[Krclcpp::WallTimer<std::_Bind<void (scorbot::Teleop::*(std::shared_ptr<rclcpp::Node>))()>, 0>::SharedPtr[m[K’ {aka ‘[01m[Kstd::shared_ptr<rclcpp::WallTimer<std::_Bind<void (scorbot::Teleop::*(std::shared_ptr<rclcpp::Node>))()>, 0> >[m[K’} to ‘[01m[Kstd::shared_ptr<rclcpp::WallTimer<std::function<void()> > >&&[m[K’
  383 |       operator=([01;36m[Kshared_ptr&& __r[m[K) noexcept
      |                 [01;36m[K~~~~~~~~~~~~~^~~[m[K
[01m[K/home/leon/robotica/scorbotLabo/software_scorbot/scorbot_ws/scorbot/src/scorbot.cpp:[m[K At global scope:
[01m[K/home/leon/robotica/scorbotLabo/software_scorbot/scorbot_ws/scorbot/src/scorbot.cpp:138:43:[m[K [01;31m[Kerror: [m[K‘[01m[Kcontrol_msgs[m[K’ does not name a type
  138 | void scorbot::Teleop::on_trajectory(const [01;31m[Kcontrol_msgs[m[K::FollowJointTrajectoryActionGoalConstPtr& msg)
      |                                           [01;31m[K^~~~~~~~~~~~[m[K
[01m[K/home/leon/robotica/scorbotLabo/software_scorbot/scorbot_ws/scorbot/src/scorbot.cpp:138:96:[m[K [01;31m[Kerror: [m[Kexpected unqualified-id before ‘[01m[K&[m[K’ token
  138 | void scorbot::Teleop::on_trajectory(const control_msgs::FollowJointTrajectoryActionGoalConstPtr[01;31m[K&[m[K msg)
      |                                                                                                [01;31m[K^[m[K
[01m[K/home/leon/robotica/scorbotLabo/software_scorbot/scorbot_ws/scorbot/src/scorbot.cpp:138:96:[m[K [01;31m[Kerror: [m[Kexpected ‘[01m[K)[m[K’ before ‘[01m[K&[m[K’ token
  138 | void scorbot::Teleop::on_trajectory[34m[K([m[Kconst control_msgs::FollowJointTrajectoryActionGoalConstPtr[01;31m[K&[m[K msg)
      |                                    [34m[K~[m[K                                                           [01;31m[K^[m[K
      |                                                                                                [32m[K)[m[K
[01m[K/home/leon/robotica/scorbotLabo/software_scorbot/scorbot_ws/scorbot/src/scorbot.cpp:138:98:[m[K [01;31m[Kerror: [m[Kexpected initializer before ‘[01m[Kmsg[m[K’
  138 | void scorbot::Teleop::on_trajectory(const control_msgs::FollowJointTrajectoryActionGoalConstPtr& [01;31m[Kmsg[m[K)
      |                                                                                                  [01;31m[K^~~[m[K
[01m[K/home/leon/robotica/scorbotLabo/software_scorbot/scorbot_ws/scorbot/src/scorbot.cpp:320:58:[m[K [01;31m[Kerror: [m[K‘[01m[KJointStateConstPtr[m[K’ in namespace ‘[01m[Ksensor_msgs[m[K’ does not name a type
  320 | void scorbot::Teleop::on_joint_states(const sensor_msgs::[01;31m[KJointStateConstPtr[m[K& msg){
      |                                                          [01;31m[K^~~~~~~~~~~~~~~~~~[m[K
[01m[K/home/leon/robotica/scorbotLabo/software_scorbot/scorbot_ws/scorbot/src/scorbot.cpp:320:6:[m[K [01;31m[Kerror: [m[Kno declaration matches ‘[01m[Kvoid scorbot::Teleop::on_joint_states(const int&)[m[K’
  320 | void [01;31m[Kscorbot[m[K::Teleop::on_joint_states(const sensor_msgs::JointStateConstPtr& msg){
      |      [01;31m[K^~~~~~~[m[K
In file included from [01m[K/home/leon/robotica/scorbotLabo/software_scorbot/scorbot_ws/scorbot/src/scorbot.cpp:1[m[K:
[01m[K/home/leon/robotica/scorbotLabo/software_scorbot/scorbot_ws/scorbot/src/scorbot.h:40:12:[m[K [01;36m[Knote: [m[Kcandidate is: ‘[01m[Kvoid scorbot::Teleop::on_joint_states(const JointState&)[m[K’
   40 |       void [01;36m[Kon_joint_states[m[K(const sensor_msgs::msg::JointState& msg);
      |            [01;36m[K^~~~~~~~~~~~~~~[m[K
[01m[K/home/leon/robotica/scorbotLabo/software_scorbot/scorbot_ws/scorbot/src/scorbot.h:32:9:[m[K [01;36m[Knote: [m[K‘[01m[Kclass scorbot::Teleop[m[K’ defined here
   32 |   class [01;36m[KTeleop[m[K
      |         [01;36m[K^~~~~~[m[K
[01m[K/home/leon/robotica/scorbotLabo/software_scorbot/scorbot_ws/scorbot/src/scorbot.cpp:416:52:[m[K [01;31m[Kerror: [m[K‘[01m[KFloat64ConstPtr[m[K’ in namespace ‘[01m[Kstd_msgs[m[K’ does not name a type
  416 | void scorbot::Teleop::on_tolerance(const std_msgs::[01;31m[KFloat64ConstPtr[m[K& msg){
      |                                                    [01;31m[K^~~~~~~~~~~~~~~[m[K
[01m[K/home/leon/robotica/scorbotLabo/software_scorbot/scorbot_ws/scorbot/src/scorbot.cpp:416:6:[m[K [01;31m[Kerror: [m[Kno declaration matches ‘[01m[Kvoid scorbot::Teleop::on_tolerance(const int&)[m[K’
  416 | void [01;31m[Kscorbot[m[K::Teleop::on_tolerance(const std_msgs::Float64ConstPtr& msg){
      |      [01;31m[K^~~~~~~[m[K
In file included from [01m[K/home/leon/robotica/scorbotLabo/software_scorbot/scorbot_ws/scorbot/src/scorbot.cpp:1[m[K:
[01m[K/home/leon/robotica/scorbotLabo/software_scorbot/scorbot_ws/scorbot/src/scorbot.h:47:12:[m[K [01;36m[Knote: [m[Kcandidate is: ‘[01m[Kvoid scorbot::Teleop::on_tolerance(const Float64&)[m[K’
   47 |       void [01;36m[Kon_tolerance[m[K(const std_msgs::msg::Float64& msg);
      |            [01;36m[K^~~~~~~~~~~~[m[K
[01m[K/home/leon/robotica/scorbotLabo/software_scorbot/scorbot_ws/scorbot/src/scorbot.h:32:9:[m[K [01;36m[Knote: [m[K‘[01m[Kclass scorbot::Teleop[m[K’ defined here
   32 |   class [01;36m[KTeleop[m[K
      |         [01;36m[K^~~~~~[m[K
[01m[K/home/leon/robotica/scorbotLabo/software_scorbot/scorbot_ws/scorbot/src/scorbot.cpp:420:51:[m[K [01;31m[Kerror: [m[K‘[01m[KStringConstPtr[m[K’ in namespace ‘[01m[Kstd_msgs[m[K’ does not name a type
  420 | void scorbot::Teleop::on_filename(const std_msgs::[01;31m[KStringConstPtr[m[K& msg){
      |                                                   [01;31m[K^~~~~~~~~~~~~~[m[K
[01m[K/home/leon/robotica/scorbotLabo/software_scorbot/scorbot_ws/scorbot/src/scorbot.cpp:420:6:[m[K [01;31m[Kerror: [m[Kno declaration matches ‘[01m[Kvoid scorbot::Teleop::on_filename(const int&)[m[K’
  420 | void [01;31m[Kscorbot[m[K::Teleop::on_filename(const std_msgs::StringConstPtr& msg){
      |      [01;31m[K^~~~~~~[m[K
In file included from [01m[K/home/leon/robotica/scorbotLabo/software_scorbot/scorbot_ws/scorbot/src/scorbot.cpp:1[m[K:
[01m[K/home/leon/robotica/scorbotLabo/software_scorbot/scorbot_ws/scorbot/src/scorbot.h:48:12:[m[K [01;36m[Knote: [m[Kcandidate is: ‘[01m[Kvoid scorbot::Teleop::on_filename(const String&)[m[K’
   48 |       void [01;36m[Kon_filename[m[K(const std_msgs::msg::String& msg);
      |            [01;36m[K^~~~~~~~~~~[m[K
[01m[K/home/leon/robotica/scorbotLabo/software_scorbot/scorbot_ws/scorbot/src/scorbot.h:32:9:[m[K [01;36m[Knote: [m[K‘[01m[Kclass scorbot::Teleop[m[K’ defined here
   32 |   class [01;36m[KTeleop[m[K
      |         [01;36m[K^~~~~~[m[K
[01m[K/home/leon/robotica/scorbotLabo/software_scorbot/scorbot_ws/scorbot/src/scorbot.cpp:424:41:[m[K [01;31m[Kerror: [m[K‘[01m[Kuniversal_teleop[m[K’ does not name a type
  424 | void scorbot::Teleop::on_controls(const [01;31m[Kuniversal_teleop[m[K::ControlConstPtr& msg)
      |                                         [01;31m[K^~~~~~~~~~~~~~~~[m[K
[01m[K/home/leon/robotica/scorbotLabo/software_scorbot/scorbot_ws/scorbot/src/scorbot.cpp:424:74:[m[K [01;31m[Kerror: [m[Kexpected unqualified-id before ‘[01m[K&[m[K’ token
  424 | void scorbot::Teleop::on_controls(const universal_teleop::ControlConstPtr[01;31m[K&[m[K msg)
      |                                                                          [01;31m[K^[m[K
[01m[K/home/leon/robotica/scorbotLabo/software_scorbot/scorbot_ws/scorbot/src/scorbot.cpp:424:74:[m[K [01;31m[Kerror: [m[Kexpected ‘[01m[K)[m[K’ before ‘[01m[K&[m[K’ token
  424 | void scorbot::Teleop::on_controls[34m[K([m[Kconst universal_teleop::ControlConstPtr[01;31m[K&[m[K msg)
      |                                  [34m[K~[m[K                                       [01;31m[K^[m[K
      |                                                                          [32m[K)[m[K
[01m[K/home/leon/robotica/scorbotLabo/software_scorbot/scorbot_ws/scorbot/src/scorbot.cpp:424:76:[m[K [01;31m[Kerror: [m[Kexpected initializer before ‘[01m[Kmsg[m[K’
  424 | void scorbot::Teleop::on_controls(const universal_teleop::ControlConstPtr& [01;31m[Kmsg[m[K)
      |                                                                            [01;31m[K^~~[m[K
[01m[K/home/leon/robotica/scorbotLabo/software_scorbot/scorbot_ws/scorbot/src/scorbot.cpp:449:39:[m[K [01;31m[Kerror: [m[K‘[01m[Kuniversal_teleop[m[K’ does not name a type
  449 | void scorbot::Teleop::on_events(const [01;31m[Kuniversal_teleop[m[K::EventConstPtr& msg)
      |                                       [01;31m[K^~~~~~~~~~~~~~~~[m[K
[01m[K/home/leon/robotica/scorbotLabo/software_scorbot/scorbot_ws/scorbot/src/scorbot.cpp:449:70:[m[K [01;31m[Kerror: [m[Kexpected unqualified-id before ‘[01m[K&[m[K’ token
  449 | void scorbot::Teleop::on_events(const universal_teleop::EventConstPtr[01;31m[K&[m[K msg)
      |                                                                      [01;31m[K^[m[K
[01m[K/home/leon/robotica/scorbotLabo/software_scorbot/scorbot_ws/scorbot/src/scorbot.cpp:449:70:[m[K [01;31m[Kerror: [m[Kexpected ‘[01m[K)[m[K’ before ‘[01m[K&[m[K’ token
  449 | void scorbot::Teleop::on_events[34m[K([m[Kconst universal_teleop::EventConstPtr[01;31m[K&[m[K msg)
      |                                [34m[K~[m[K                                     [01;31m[K^[m[K
      |                                                                      [32m[K)[m[K
[01m[K/home/leon/robotica/scorbotLabo/software_scorbot/scorbot_ws/scorbot/src/scorbot.cpp:449:72:[m[K [01;31m[Kerror: [m[Kexpected initializer before ‘[01m[Kmsg[m[K’
  449 | void scorbot::Teleop::on_events(const universal_teleop::EventConstPtr& [01;31m[Kmsg[m[K)
      |                                                                        [01;31m[K^~~[m[K
[01m[K/home/leon/robotica/scorbotLabo/software_scorbot/scorbot_ws/scorbot/src/scorbot.cpp:[m[K In member function ‘[01m[Kvoid scorbot::Teleop::on_control_cycle()[m[K’:
[01m[K/home/leon/robotica/scorbotLabo/software_scorbot/scorbot_ws/scorbot/src/scorbot.cpp:513:23:[m[K [01;35m[Kwarning: [m[Kcomparison of integer expressions of different signedness: ‘[01m[Kint[m[K’ and ‘[01m[Kstd::vector<float>::size_type[m[K’ {aka ‘[01m[Klong unsigned int[m[K’} [[01;35m[K]8;;https://gcc.gnu.org/onlinedocs/gcc/Warning-Options.html#index-Wsign-compare-Wsign-compare]8;;[m[K]
  513 |     for (int i = 0; [01;35m[Ki < velocities.joint_velocities.size()[m[K; i++) {
      |                     [01;35m[K~~^~~~~~~~~~~~~~~~~~~~~~~~~~~~~~~~~~~~[m[K
[01m[K/home/leon/robotica/scorbotLabo/software_scorbot/scorbot_ws/scorbot/src/scorbot.cpp:516:13:[m[K [01;31m[Kerror: [m[K‘[01m[Kusing SharedPtr = class std::shared_ptr<rclcpp::Publisher<scorbot_msgs::msg::JointVelocities_<std::allocator<void> > > >[m[K’ {aka ‘[01m[Kclass std::shared_ptr<rclcpp::Publisher<scorbot_msgs::msg::JointVelocities_<std::allocator<void> > > >[m[K’} has no member named ‘[01m[Kpublish[m[K’
  516 |     vel_pub.[01;31m[Kpublish[m[K(velocities);
      |             [01;31m[K^~~~~~~[m[K
In file included from [01m[K/opt/ros/humble/include/rclcpp/rclcpp/callback_group.hpp:30[m[K,
                 from [01m[K/opt/ros/humble/include/rclcpp/rclcpp/any_executable.hpp:20[m[K,
                 from [01m[K/opt/ros/humble/include/rclcpp/rclcpp/memory_strategy.hpp:25[m[K,
                 from [01m[K/opt/ros/humble/include/rclcpp/rclcpp/memory_strategies.hpp:18[m[K,
                 from [01m[K/opt/ros/humble/include/rclcpp/rclcpp/executor_options.hpp:20[m[K,
                 from [01m[K/opt/ros/humble/include/rclcpp/rclcpp/executor.hpp:37[m[K,
                 from [01m[K/opt/ros/humble/include/rclcpp/rclcpp/executors/multi_threaded_executor.hpp:25[m[K,
                 from [01m[K/opt/ros/humble/include/rclcpp/rclcpp/executors.hpp:21[m[K,
                 from [01m[K/opt/ros/humble/include/rclcpp/rclcpp/rclcpp.hpp:155[m[K,
                 from [01m[K/home/leon/robotica/scorbotLabo/software_scorbot/scorbot_ws/scorbot/src/scorbot.h:4[m[K,
                 from [01m[K/home/leon/robotica/scorbotLabo/software_scorbot/scorbot_ws/scorbot/src/scorbot.cpp:1[m[K:
/opt/ros/humble/include/rclcpp/rclcpp/timer.hpp: In instantiation of ‘[01m[Kvoid rclcpp::GenericTimer<FunctorT, <anonymous> >::execute_callback_delegate() [with CallbackT = std::_Bind<void (scorbot::Teleop::*(std::shared_ptr<rclcpp::Node>))()>; typename std::enable_if<rclcpp::function_traits::same_arguments<CallbackT, std::function<void()> >::value>::type* <anonymous> = 0; FunctorT = std::_Bind<void (scorbot::Teleop::*(std::shared_ptr<rclcpp::Node>))()>; typename std::enable_if<(rclcpp::function_traits::same_arguments<FunctorT, std::function<void()> >::value || rclcpp::function_traits::same_arguments<FunctorT, std::function<void(rclcpp::TimerBase&)> >::value)>::type* <anonymous> = 0][m[K’:
[01m[K/opt/ros/humble/include/rclcpp/rclcpp/timer.hpp:230:32:[m[K   required from ‘[01m[Kvoid rclcpp::GenericTimer<FunctorT, <anonymous> >::execute_callback() [with FunctorT = std::_Bind<void (scorbot::Teleop::*(std::shared_ptr<rclcpp::Node>))()>; typename std::enable_if<(rclcpp::function_traits::same_arguments<FunctorT, std::function<void()> >::value || rclcpp::function_traits::same_arguments<FunctorT, std::function<void(rclcpp::TimerBase&)> >::value)>::type* <anonymous> = 0][m[K’
[01m[K/opt/ros/humble/include/rclcpp/rclcpp/timer.hpp:227:3:[m[K   required from here
[01m[K/opt/ros/humble/include/rclcpp/rclcpp/timer.hpp:244:14:[m[K [01;31m[Kerror: [m[Kno match for call to ‘[01m[K(std::_Bind<void (scorbot::Teleop::*(std::shared_ptr<rclcpp::Node>))()>) ()[m[K’
  244 |     [01;31m[Kcallback_()[m[K;
      |     [01;31m[K~~~~~~~~~^~[m[K
In file included from [01m[K/usr/include/c++/11/pstl/glue_algorithm_defs.h:13[m[K,
                 from [01m[K/usr/include/c++/11/algorithm:74[m[K,
                 from [01m[K/opt/ros/humble/include/rclcpp/rclcpp/executor.hpp:18[m[K,
                 from [01m[K/opt/ros/humble/include/rclcpp/rclcpp/executors/multi_threaded_executor.hpp:25[m[K,
                 from [01m[K/opt/ros/humble/include/rclcpp/rclcpp/executors.hpp:21[m[K,
                 from [01m[K/opt/ros/humble/include/rclcpp/rclcpp/rclcpp.hpp:155[m[K,
                 from [01m[K/home/leon/robotica/scorbotLabo/software_scorbot/scorbot_ws/scorbot/src/scorbot.h:4[m[K,
                 from [01m[K/home/leon/robotica/scorbotLabo/software_scorbot/scorbot_ws/scorbot/src/scorbot.cpp:1[m[K:
[01m[K/usr/include/c++/11/functional:501:9:[m[K [01;36m[Knote: [m[Kcandidate: ‘[01m[Ktemplate<class ... _Args, class _Result> _Result std::_Bind<_Functor(_Bound_args ...)>::operator()(_Args&& ...) [with _Args = {_Args ...}; _Result = _Result; _Functor = void (scorbot::Teleop::*)(); _Bound_args = {std::shared_ptr<rclcpp::Node>}][m[K’
  501 |         [01;36m[Koperator[m[K()(_Args&&... __args)
      |         [01;36m[K^~~~~~~~[m[K
[01m[K/usr/include/c++/11/functional:501:9:[m[K [01;36m[Knote: [m[K  template argument deduction/substitution failed:
/usr/include/c++/11/functional: In substitution of ‘[01m[Ktemplate<class _Functor, class ... _Bound_args> template<class _Fn, class _CallArgs, class ... _BArgs> using _Res_type_impl = typename std::result_of<_Fn&(decltype (std::_Mu<typename std::remove_cv<_BArgs>::type, std::is_bind_expression<typename std::remove_cv<_BArgs>::type>::value, (std::is_placeholder<typename std::remove_cv<_BArgs>::type>::value > 0)>()(declval<_BArgs&>(), declval<_CallArgs&>()))&& ...)>::type [with _Fn = void (scorbot::Teleop::*)(); _CallArgs = std::tuple<>; _BArgs = {std::shared_ptr<rclcpp::Node>}; _Functor = void (scorbot::Teleop::*)(); _Bound_args = {std::shared_ptr<rclcpp::Node>}][m[K’:
[01m[K/usr/include/c++/11/functional:468:8:[m[K   required by substitution of ‘[01m[Ktemplate<class _Functor, class ... _Bound_args> template<class _CallArgs> using _Res_type = std::_Bind<_Functor(_Bound_args ...)>::_Res_type_impl<_Functor, _CallArgs, _Bound_args ...> [with _CallArgs = std::tuple<>; _Functor = void (scorbot::Teleop::*)(); _Bound_args = {std::shared_ptr<rclcpp::Node>}][m[K’
[01m[K/usr/include/c++/11/functional:498:9:[m[K   required from ‘[01m[Kvoid rclcpp::GenericTimer<FunctorT, <anonymous> >::execute_callback_delegate() [with CallbackT = std::_Bind<void (scorbot::Teleop::*(std::shared_ptr<rclcpp::Node>))()>; typename std::enable_if<rclcpp::function_traits::same_arguments<CallbackT, std::function<void()> >::value>::type* <anonymous> = 0; FunctorT = std::_Bind<void (scorbot::Teleop::*(std::shared_ptr<rclcpp::Node>))()>; typename std::enable_if<(rclcpp::function_traits::same_arguments<FunctorT, std::function<void()> >::value || rclcpp::function_traits::same_arguments<FunctorT, std::function<void(rclcpp::TimerBase&)> >::value)>::type* <anonymous> = 0][m[K’
[01m[K/opt/ros/humble/include/rclcpp/rclcpp/timer.hpp:230:32:[m[K   required from ‘[01m[Kvoid rclcpp::GenericTimer<FunctorT, <anonymous> >::execute_callback() [with FunctorT = std::_Bind<void (scorbot::Teleop::*(std::shared_ptr<rclcpp::Node>))()>; typename std::enable_if<(rclcpp::function_traits::same_arguments<FunctorT, std::function<void()> >::value || rclcpp::function_traits::same_arguments<FunctorT, std::function<void(rclcpp::TimerBase&)> >::value)>::type* <anonymous> = 0][m[K’
[01m[K/opt/ros/humble/include/rclcpp/rclcpp/timer.hpp:227:3:[m[K   required from here
[01m[K/usr/include/c++/11/functional:464:15:[m[K [01;31m[Kerror: [m[Kno type named ‘[01m[Ktype[m[K’ in ‘[01m[Kstruct std::result_of<void (scorbot::Teleop::*&(std::shared_ptr<rclcpp::Node>&))()>[m[K’
  464 |         using [01;31m[K_Res_type_impl[m[K
      |               [01;31m[K^~~~~~~~~~~~~~[m[K
/opt/ros/humble/include/rclcpp/rclcpp/timer.hpp: In instantiation of ‘[01m[Kvoid rclcpp::GenericTimer<FunctorT, <anonymous> >::execute_callback_delegate() [with CallbackT = std::_Bind<void (scorbot::Teleop::*(std::shared_ptr<rclcpp::Node>))()>; typename std::enable_if<rclcpp::function_traits::same_arguments<CallbackT, std::function<void()> >::value>::type* <anonymous> = 0; FunctorT = std::_Bind<void (scorbot::Teleop::*(std::shared_ptr<rclcpp::Node>))()>; typename std::enable_if<(rclcpp::function_traits::same_arguments<FunctorT, std::function<void()> >::value || rclcpp::function_traits::same_arguments<FunctorT, std::function<void(rclcpp::TimerBase&)> >::value)>::type* <anonymous> = 0][m[K’:
[01m[K/opt/ros/humble/include/rclcpp/rclcpp/timer.hpp:230:32:[m[K   required from ‘[01m[Kvoid rclcpp::GenericTimer<FunctorT, <anonymous> >::execute_callback() [with FunctorT = std::_Bind<void (scorbot::Teleop::*(std::shared_ptr<rclcpp::Node>))()>; typename std::enable_if<(rclcpp::function_traits::same_arguments<FunctorT, std::function<void()> >::value || rclcpp::function_traits::same_arguments<FunctorT, std::function<void(rclcpp::TimerBase&)> >::value)>::type* <anonymous> = 0][m[K’
[01m[K/opt/ros/humble/include/rclcpp/rclcpp/timer.hpp:227:3:[m[K   required from here
[01m[K/usr/include/c++/11/functional:513:9:[m[K [01;36m[Knote: [m[Kcandidate: ‘[01m[Ktemplate<class ... _Args, class _Result> _Result std::_Bind<_Functor(_Bound_args ...)>::operator()(_Args&& ...) const [with _Args = {_Args ...}; _Result = _Result; _Functor = void (scorbot::Teleop::*)(); _Bound_args = {std::shared_ptr<rclcpp::Node>}][m[K’
  513 |         [01;36m[Koperator[m[K()(_Args&&... __args) const
      |         [01;36m[K^~~~~~~~[m[K
[01m[K/usr/include/c++/11/functional:513:9:[m[K [01;36m[Knote: [m[K  template argument deduction/substitution failed:
/usr/include/c++/11/functional: In substitution of ‘[01m[Ktemplate<class _Functor, class ... _Bound_args> template<class _Fn, class _CallArgs, class ... _BArgs> using _Res_type_impl = typename std::result_of<_Fn&(decltype (std::_Mu<typename std::remove_cv<_BArgs>::type, std::is_bind_expression<typename std::remove_cv<_BArgs>::type>::value, (std::is_placeholder<typename std::remove_cv<_BArgs>::type>::value > 0)>()(declval<_BArgs&>(), declval<_CallArgs&>()))&& ...)>::type [with _Fn = void (scorbot::Teleop::* const)(); _CallArgs = std::tuple<>; _BArgs = {const std::shared_ptr<rclcpp::Node>}; _Functor = void (scorbot::Teleop::*)(); _Bound_args = {std::shared_ptr<rclcpp::Node>}][m[K’:
[01m[K/usr/include/c++/11/functional:475:8:[m[K   required by substitution of ‘[01m[Ktemplate<class _Functor, class ... _Bound_args> template<class _CallArgs, template<class _CallArgs, template<class> class __cv_quals> template<class _Functor, class ... _Bound_args> template<class> class __cv_quals> using _Res_type_cv = std::_Bind<_Functor(_Bound_args ...)>::_Res_type_impl<typename __cv_quals<typename std::enable_if<(bool)((std::tuple_size<_Tuple>::value + 1)), _Functor>::type>::type, _CallArgs, typename __cv_quals<_Bound_args>::type ...> [with _CallArgs = std::tuple<>; __cv_quals = std::add_const; _Functor = void (scorbot::Teleop::*)(); _Bound_args = {std::shared_ptr<rclcpp::Node>}][m[K’
[01m[K/usr/include/c++/11/functional:510:9:[m[K   required from ‘[01m[Kvoid rclcpp::GenericTimer<FunctorT, <anonymous> >::execute_callback_delegate() [with CallbackT = std::_Bind<void (scorbot::Teleop::*(std::shared_ptr<rclcpp::Node>))()>; typename std::enable_if<rclcpp::function_traits::same_arguments<CallbackT, std::function<void()> >::value>::type* <anonymous> = 0; FunctorT = std::_Bind<void (scorbot::Teleop::*(std::shared_ptr<rclcpp::Node>))()>; typename std::enable_if<(rclcpp::function_traits::same_arguments<FunctorT, std::function<void()> >::value || rclcpp::function_traits::same_arguments<FunctorT, std::function<void(rclcpp::TimerBase&)> >::value)>::type* <anonymous> = 0][m[K’
[01m[K/opt/ros/humble/include/rclcpp/rclcpp/timer.hpp:230:32:[m[K   required from ‘[01m[Kvoid rclcpp::GenericTimer<FunctorT, <anonymous> >::execute_callback() [with FunctorT = std::_Bind<void (scorbot::Teleop::*(std::shared_ptr<rclcpp::Node>))()>; typename std::enable_if<(rclcpp::function_traits::same_arguments<FunctorT, std::function<void()> >::value || rclcpp::function_traits::same_arguments<FunctorT, std::function<void(rclcpp::TimerBase&)> >::value)>::type* <anonymous> = 0][m[K’
[01m[K/opt/ros/humble/include/rclcpp/rclcpp/timer.hpp:227:3:[m[K   required from here
[01m[K/usr/include/c++/11/functional:464:15:[m[K [01;31m[Kerror: [m[Kno type named ‘[01m[Ktype[m[K’ in ‘[01m[Kstruct std::result_of<void (scorbot::Teleop::* const&(const std::shared_ptr<rclcpp::Node>&))()>[m[K’
  464 |         using [01;31m[K_Res_type_impl[m[K
      |               [01;31m[K^~~~~~~~~~~~~~[m[K
/opt/ros/humble/include/rclcpp/rclcpp/timer.hpp: In instantiation of ‘[01m[Kvoid rclcpp::GenericTimer<FunctorT, <anonymous> >::execute_callback_delegate() [with CallbackT = std::_Bind<void (scorbot::Teleop::*(std::shared_ptr<rclcpp::Node>))()>; typename std::enable_if<rclcpp::function_traits::same_arguments<CallbackT, std::function<void()> >::value>::type* <anonymous> = 0; FunctorT = std::_Bind<void (scorbot::Teleop::*(std::shared_ptr<rclcpp::Node>))()>; typename std::enable_if<(rclcpp::function_traits::same_arguments<FunctorT, std::function<void()> >::value || rclcpp::function_traits::same_arguments<FunctorT, std::function<void(rclcpp::TimerBase&)> >::value)>::type* <anonymous> = 0][m[K’:
[01m[K/opt/ros/humble/include/rclcpp/rclcpp/timer.hpp:230:32:[m[K   required from ‘[01m[Kvoid rclcpp::GenericTimer<FunctorT, <anonymous> >::execute_callback() [with FunctorT = std::_Bind<void (scorbot::Teleop::*(std::shared_ptr<rclcpp::Node>))()>; typename std::enable_if<(rclcpp::function_traits::same_arguments<FunctorT, std::function<void()> >::value || rclcpp::function_traits::same_arguments<FunctorT, std::function<void(rclcpp::TimerBase&)> >::value)>::type* <anonymous> = 0][m[K’
[01m[K/opt/ros/humble/include/rclcpp/rclcpp/timer.hpp:227:3:[m[K   required from here
[01m[K/usr/include/c++/11/functional:531:9:[m[K [01;36m[Knote: [m[Kcandidate: ‘[01m[Ktemplate<class ... _Args, class _Result> _Result std::_Bind<_Functor(_Bound_args ...)>::operator()(_Args&& ...) volatile [with _Args = {_Args ...}; _Result = _Result; _Functor = void (scorbot::Teleop::*)(); _Bound_args = {std::shared_ptr<rclcpp::Node>}][m[K’
  531 |         [01;36m[Koperator[m[K()(_Args&&... __args) volatile
      |         [01;36m[K^~~~~~~~[m[K
[01m[K/usr/include/c++/11/functional:531:9:[m[K [01;36m[Knote: [m[K  template argument deduction/substitution failed:
/usr/include/c++/11/functional: In substitution of ‘[01m[Ktemplate<class _Functor, class ... _Bound_args> template<class _Fn, class _CallArgs, class ... _BArgs> using _Res_type_impl = typename std::result_of<_Fn&(decltype (std::_Mu<typename std::remove_cv<_BArgs>::type, std::is_bind_expression<typename std::remove_cv<_BArgs>::type>::value, (std::is_placeholder<typename std::remove_cv<_BArgs>::type>::value > 0)>()(declval<_BArgs&>(), declval<_CallArgs&>()))&& ...)>::type [with _Fn = void (scorbot::Teleop::* volatile)(); _CallArgs = std::tuple<>; _BArgs = {volatile std::shared_ptr<rclcpp::Node>}; _Functor = void (scorbot::Teleop::*)(); _Bound_args = {std::shared_ptr<rclcpp::Node>}][m[K’:
[01m[K/usr/include/c++/11/functional:475:8:[m[K   required by substitution of ‘[01m[Ktemplate<class _Functor, class ... _Bound_args> template<class _CallArgs, template<class _CallArgs, template<class> class __cv_quals> template<class _Functor, class ... _Bound_args> template<class> class __cv_quals> using _Res_type_cv = std::_Bind<_Functor(_Bound_args ...)>::_Res_type_impl<typename __cv_quals<typename std::enable_if<(bool)((std::tuple_size<_Tuple>::value + 1)), _Functor>::type>::type, _CallArgs, typename __cv_quals<_Bound_args>::type ...> [with _CallArgs = std::tuple<>; __cv_quals = std::add_volatile; _Functor = void (scorbot::Teleop::*)(); _Bound_args = {std::shared_ptr<rclcpp::Node>}][m[K’
[01m[K/usr/include/c++/11/functional:528:9:[m[K   required from ‘[01m[Kvoid rclcpp::GenericTimer<FunctorT, <anonymous> >::execute_callback_delegate() [with CallbackT = std::_Bind<void (scorbot::Teleop::*(std::shared_ptr<rclcpp::Node>))()>; typename std::enable_if<rclcpp::function_traits::same_arguments<CallbackT, std::function<void()> >::value>::type* <anonymous> = 0; FunctorT = std::_Bind<void (scorbot::Teleop::*(std::shared_ptr<rclcpp::Node>))()>; typename std::enable_if<(rclcpp::function_traits::same_arguments<FunctorT, std::function<void()> >::value || rclcpp::function_traits::same_arguments<FunctorT, std::function<void(rclcpp::TimerBase&)> >::value)>::type* <anonymous> = 0][m[K’
[01m[K/opt/ros/humble/include/rclcpp/rclcpp/timer.hpp:230:32:[m[K   required from ‘[01m[Kvoid rclcpp::GenericTimer<FunctorT, <anonymous> >::execute_callback() [with FunctorT = std::_Bind<void (scorbot::Teleop::*(std::shared_ptr<rclcpp::Node>))()>; typename std::enable_if<(rclcpp::function_traits::same_arguments<FunctorT, std::function<void()> >::value || rclcpp::function_traits::same_arguments<FunctorT, std::function<void(rclcpp::TimerBase&)> >::value)>::type* <anonymous> = 0][m[K’
[01m[K/opt/ros/humble/include/rclcpp/rclcpp/timer.hpp:227:3:[m[K   required from here
[01m[K/usr/include/c++/11/functional:464:15:[m[K [01;31m[Kerror: [m[Kno type named ‘[01m[Ktype[m[K’ in ‘[01m[Kstruct std::result_of<void (scorbot::Teleop::* volatile&(volatile std::shared_ptr<rclcpp::Node>&))()>[m[K’
  464 |         using [01;31m[K_Res_type_impl[m[K
      |               [01;31m[K^~~~~~~~~~~~~~[m[K
/opt/ros/humble/include/rclcpp/rclcpp/timer.hpp: In instantiation of ‘[01m[Kvoid rclcpp::GenericTimer<FunctorT, <anonymous> >::execute_callback_delegate() [with CallbackT = std::_Bind<void (scorbot::Teleop::*(std::shared_ptr<rclcpp::Node>))()>; typename std::enable_if<rclcpp::function_traits::same_arguments<CallbackT, std::function<void()> >::value>::type* <anonymous> = 0; FunctorT = std::_Bind<void (scorbot::Teleop::*(std::shared_ptr<rclcpp::Node>))()>; typename std::enable_if<(rclcpp::function_traits::same_arguments<FunctorT, std::function<void()> >::value || rclcpp::function_traits::same_arguments<FunctorT, std::function<void(rclcpp::TimerBase&)> >::value)>::type* <anonymous> = 0][m[K’:
[01m[K/opt/ros/humble/include/rclcpp/rclcpp/timer.hpp:230:32:[m[K   required from ‘[01m[Kvoid rclcpp::GenericTimer<FunctorT, <anonymous> >::execute_callback() [with FunctorT = std::_Bind<void (scorbot::Teleop::*(std::shared_ptr<rclcpp::Node>))()>; typename std::enable_if<(rclcpp::function_traits::same_arguments<FunctorT, std::function<void()> >::value || rclcpp::function_traits::same_arguments<FunctorT, std::function<void(rclcpp::TimerBase&)> >::value)>::type* <anonymous> = 0][m[K’
[01m[K/opt/ros/humble/include/rclcpp/rclcpp/timer.hpp:227:3:[m[K   required from here
[01m[K/usr/include/c++/11/functional:543:9:[m[K [01;36m[Knote: [m[Kcandidate: ‘[01m[Ktemplate<class ... _Args, class _Result> _Result std::_Bind<_Functor(_Bound_args ...)>::operator()(_Args&& ...) const volatile [with _Args = {_Args ...}; _Result = _Result; _Functor = void (scorbot::Teleop::*)(); _Bound_args = {std::shared_ptr<rclcpp::Node>}][m[K’
  543 |         [01;36m[Koperator[m[K()(_Args&&... __args) const volatile
      |         [01;36m[K^~~~~~~~[m[K
[01m[K/usr/include/c++/11/functional:543:9:[m[K [01;36m[Knote: [m[K  template argument deduction/substitution failed:
/usr/include/c++/11/functional: In substitution of ‘[01m[Ktemplate<class _Functor, class ... _Bound_args> template<class _Fn, class _CallArgs, class ... _BArgs> using _Res_type_impl = typename std::result_of<_Fn&(decltype (std::_Mu<typename std::remove_cv<_BArgs>::type, std::is_bind_expression<typename std::remove_cv<_BArgs>::type>::value, (std::is_placeholder<typename std::remove_cv<_BArgs>::type>::value > 0)>()(declval<_BArgs&>(), declval<_CallArgs&>()))&& ...)>::type [with _Fn = void (scorbot::Teleop::* const volatile)(); _CallArgs = std::tuple<>; _BArgs = {const volatile std::shared_ptr<rclcpp::Node>}; _Functor = void (scorbot::Teleop::*)(); _Bound_args = {std::shared_ptr<rclcpp::Node>}][m[K’:
[01m[K/usr/include/c++/11/functional:475:8:[m[K   required by substitution of ‘[01m[Ktemplate<class _Functor, class ... _Bound_args> template<class _CallArgs, template<class _CallArgs, template<class> class __cv_quals> template<class _Functor, class ... _Bound_args> template<class> class __cv_quals> using _Res_type_cv = std::_Bind<_Functor(_Bound_args ...)>::_Res_type_impl<typename __cv_quals<typename std::enable_if<(bool)((std::tuple_size<_Tuple>::value + 1)), _Functor>::type>::type, _CallArgs, typename __cv_quals<_Bound_args>::type ...> [with _CallArgs = std::tuple<>; __cv_quals = std::add_cv; _Functor = void (scorbot::Teleop::*)(); _Bound_args = {std::shared_ptr<rclcpp::Node>}][m[K’
[01m[K/usr/include/c++/11/functional:540:9:[m[K   required from ‘[01m[Kvoid rclcpp::GenericTimer<FunctorT, <anonymous> >::execute_callback_delegate() [with CallbackT = std::_Bind<void (scorbot::Teleop::*(std::shared_ptr<rclcpp::Node>))()>; typename std::enable_if<rclcpp::function_traits::same_arguments<CallbackT, std::function<void()> >::value>::type* <anonymous> = 0; FunctorT = std::_Bind<void (scorbot::Teleop::*(std::shared_ptr<rclcpp::Node>))()>; typename std::enable_if<(rclcpp::function_traits::same_arguments<FunctorT, std::function<void()> >::value || rclcpp::function_traits::same_arguments<FunctorT, std::function<void(rclcpp::TimerBase&)> >::value)>::type* <anonymous> = 0][m[K’
[01m[K/opt/ros/humble/include/rclcpp/rclcpp/timer.hpp:230:32:[m[K   required from ‘[01m[Kvoid rclcpp::GenericTimer<FunctorT, <anonymous> >::execute_callback() [with FunctorT = std::_Bind<void (scorbot::Teleop::*(std::shared_ptr<rclcpp::Node>))()>; typename std::enable_if<(rclcpp::function_traits::same_arguments<FunctorT, std::function<void()> >::value || rclcpp::function_traits::same_arguments<FunctorT, std::function<void(rclcpp::TimerBase&)> >::value)>::type* <anonymous> = 0][m[K’
[01m[K/opt/ros/humble/include/rclcpp/rclcpp/timer.hpp:227:3:[m[K   required from here
[01m[K/usr/include/c++/11/functional:464:15:[m[K [01;31m[Kerror: [m[Kno type named ‘[01m[Ktype[m[K’ in ‘[01m[Kstruct std::result_of<void (scorbot::Teleop::* const volatile&(const volatile std::shared_ptr<rclcpp::Node>&))()>[m[K’
  464 |         using [01;31m[K_Res_type_impl[m[K
      |               [01;31m[K^~~~~~~~~~~~~~[m[K
gmake[2]: *** [CMakeFiles/scorbot.dir/build.make:76: CMakeFiles/scorbot.dir/src/scorbot.cpp.o] Error 1
gmake[1]: *** [CMakeFiles/Makefile2:137: CMakeFiles/scorbot.dir/all] Error 2
gmake: *** [Makefile:146: all] Error 2
