[0.022s] Invoking command in '/home/leon/robotica/scorbotLabo/software_scorbot/scorbot_ws/build/scorbot': AMENT_PREFIX_PATH=/home/leon/robotica/scorbotLabo/software_scorbot/scorbot_ws/install/scorbot_msgs:${AMENT_PREFIX_PATH} CMAKE_PREFIX_PATH=/home/leon/robotica/scorbotLabo/software_scorbot/scorbot_ws/install/scorbot_msgs:/home/leon/microros_ws/install/micro_ros_demos_rclc:/home/leon/microros_ws/install/common_interfaces:/home/leon/microros_ws/install/visualization_msgs:/home/leon/microros_ws/install/test_msgs:/home/leon/microros_ws/install/example_interfaces:/home/leon/microros_ws/install/action_msgs:/home/leon/microros_ws/install/unique_identifier_msgs:/home/leon/microros_ws/install/trajectory_msgs:/home/leon/microros_ws/install/stereo_msgs:/home/leon/microros_ws/install/std_srvs:/home/leon/microros_ws/install/shape_msgs:/home/leon/microros_ws/install/sensor_msgs:/home/leon/microros_ws/install/nav_msgs:/home/leon/microros_ws/install/diagnostic_msgs:/home/leon/microros_ws/install/geometry_msgs:/home/leon/microros_ws/install/actionlib_msgs:/home/leon/microros_ws/install/std_msgs:/home/leon/microros_ws/install/statistics_msgs:/home/leon/microros_ws/install/rosidl_typesupport_microxrcedds_test_msg:/home/leon/microros_ws/install/rosidl_typesupport_microxrcedds_cpp_tests:/home/leon/microros_ws/install/rmw_microxrcedds:/home/leon/microros_ws/install/rosidl_typesupport_microxrcedds_cpp:/home/leon/microros_ws/install/rosidl_typesupport_microxrcedds_c_tests:/home/leon/microros_ws/install/rosidl_typesupport_microxrcedds_c:/home/leon/microros_ws/install/rosgraph_msgs:/home/leon/microros_ws/install/rclc_parameter:/home/leon/microros_ws/install/rclc:/home/leon/microros_ws/install/composition_interfaces:/home/leon/microros_ws/install/rcl_interfaces:/home/leon/microros_ws/install/microxrcedds_client:/home/leon/microros_ws/install/microcdr:/home/leon/microros_ws/install/micro_ros_utilities:/home/leon/microros_ws/install/micro_ros_setup:/home/leon/microros_ws/install/micro_ros_agent:/home/leon/microros_ws/install/micro_ros_msgs:/home/leon/microros_ws/install/lifecycle_msgs:/home/leon/microros_ws/install/complex_msgs:/home/leon/microros_ws/install/builtin_interfaces:/home/leon/microros_ws/install/sensor_msgs_py:/opt/ros/humble LD_LIBRARY_PATH=/home/leon/robotica/scorbotLabo/software_scorbot/scorbot_ws/install/scorbot_msgs/lib:${LD_LIBRARY_PATH} PYTHONPATH=/home/leon/robotica/scorbotLabo/software_scorbot/scorbot_ws/install/scorbot_msgs/local/lib/python3.10/dist-packages:${PYTHONPATH} /usr/bin/cmake --build /home/leon/robotica/scorbotLabo/software_scorbot/scorbot_ws/build/scorbot -- -j4 -l4
[0.101s] [35m[1mConsolidate compiler generated dependencies of target scorbot[0m
[0.137s] [ 33%] [32mBuilding CXX object CMakeFiles/scorbot.dir/src/scorbot.cpp.o[0m
[0.140s] [ 66%] [32mBuilding CXX object CMakeFiles/scorbot.dir/src/scorbot_node.cpp.o[0m
[4.539s] [01m[K/home/leon/robotica/scorbotLabo/software_scorbot/scorbot_ws/scorbot/src/scorbot.cpp:138:43:[m[K [01;31m[Kerror: [m[K‘[01m[Kcontrol_msgs[m[K’ does not name a type
[4.539s]   138 | void scorbot::Teleop::on_trajectory(const [01;31m[Kcontrol_msgs[m[K::FollowJointTrajectoryActionGoalConstPtr& msg)
[4.539s]       |                                           [01;31m[K^~~~~~~~~~~~[m[K
[4.540s] [01m[K/home/leon/robotica/scorbotLabo/software_scorbot/scorbot_ws/scorbot/src/scorbot.cpp:138:96:[m[K [01;31m[Kerror: [m[Kexpected unqualified-id before ‘[01m[K&[m[K’ token
[4.540s]   138 | void scorbot::Teleop::on_trajectory(const control_msgs::FollowJointTrajectoryActionGoalConstPtr[01;31m[K&[m[K msg)
[4.540s]       |                                                                                                [01;31m[K^[m[K
[4.540s] [01m[K/home/leon/robotica/scorbotLabo/software_scorbot/scorbot_ws/scorbot/src/scorbot.cpp:138:96:[m[K [01;31m[Kerror: [m[Kexpected ‘[01m[K)[m[K’ before ‘[01m[K&[m[K’ token
[4.541s]   138 | void scorbot::Teleop::on_trajectory[34m[K([m[Kconst control_msgs::FollowJointTrajectoryActionGoalConstPtr[01;31m[K&[m[K msg)
[4.541s]       |                                    [34m[K~[m[K                                                           [01;31m[K^[m[K
[4.541s]       |                                                                                                [32m[K)[m[K
[4.541s] [01m[K/home/leon/robotica/scorbotLabo/software_scorbot/scorbot_ws/scorbot/src/scorbot.cpp:138:98:[m[K [01;31m[Kerror: [m[Kexpected initializer before ‘[01m[Kmsg[m[K’
[4.541s]   138 | void scorbot::Teleop::on_trajectory(const control_msgs::FollowJointTrajectoryActionGoalConstPtr& [01;31m[Kmsg[m[K)
[4.541s]       |                                                                                                  [01;31m[K^~~[m[K
[4.541s] [01m[K/home/leon/robotica/scorbotLabo/software_scorbot/scorbot_ws/scorbot/src/scorbot.cpp:320:58:[m[K [01;31m[Kerror: [m[K‘[01m[KJointStateConstPtr[m[K’ in namespace ‘[01m[Ksensor_msgs[m[K’ does not name a type
[4.542s]   320 | void scorbot::Teleop::on_joint_states(const sensor_msgs::[01;31m[KJointStateConstPtr[m[K& msg){
[4.543s]       |                                                          [01;31m[K^~~~~~~~~~~~~~~~~~[m[K
[4.543s] [01m[K/home/leon/robotica/scorbotLabo/software_scorbot/scorbot_ws/scorbot/src/scorbot.cpp:320:6:[m[K [01;31m[Kerror: [m[Kno declaration matches ‘[01m[Kvoid scorbot::Teleop::on_joint_states(const int&)[m[K’
[4.543s]   320 | void [01;31m[Kscorbot[m[K::Teleop::on_joint_states(const sensor_msgs::JointStateConstPtr& msg){
[4.544s]       |      [01;31m[K^~~~~~~[m[K
[4.544s] In file included from [01m[K/home/leon/robotica/scorbotLabo/software_scorbot/scorbot_ws/scorbot/src/scorbot.cpp:1[m[K:
[4.544s] [01m[K/home/leon/robotica/scorbotLabo/software_scorbot/scorbot_ws/scorbot/src/scorbot.h:40:12:[m[K [01;36m[Knote: [m[Kcandidate is: ‘[01m[Kvoid scorbot::Teleop::on_joint_states(const JointState&)[m[K’
[4.544s]    40 |       void [01;36m[Kon_joint_states[m[K(const sensor_msgs::msg::JointState& msg);
[4.549s]       |            [01;36m[K^~~~~~~~~~~~~~~[m[K
[4.549s] [01m[K/home/leon/robotica/scorbotLabo/software_scorbot/scorbot_ws/scorbot/src/scorbot.h:32:9:[m[K [01;36m[Knote: [m[K‘[01m[Kclass scorbot::Teleop[m[K’ defined here
[4.549s]    32 |   class [01;36m[KTeleop[m[K
[4.549s]       |         [01;36m[K^~~~~~[m[K
[4.549s] [01m[K/home/leon/robotica/scorbotLabo/software_scorbot/scorbot_ws/scorbot/src/scorbot.cpp:414:52:[m[K [01;31m[Kerror: [m[K‘[01m[KFloat64ConstPtr[m[K’ in namespace ‘[01m[Kstd_msgs[m[K’ does not name a type
[4.549s]   414 | void scorbot::Teleop::on_tolerance(const std_msgs::[01;31m[KFloat64ConstPtr[m[K& msg){
[4.553s]       |                                                    [01;31m[K^~~~~~~~~~~~~~~[m[K
[4.553s] [01m[K/home/leon/robotica/scorbotLabo/software_scorbot/scorbot_ws/scorbot/src/scorbot.cpp:414:6:[m[K [01;31m[Kerror: [m[Kno declaration matches ‘[01m[Kvoid scorbot::Teleop::on_tolerance(const int&)[m[K’
[4.554s]   414 | void [01;31m[Kscorbot[m[K::Teleop::on_tolerance(const std_msgs::Float64ConstPtr& msg){
[4.554s]       |      [01;31m[K^~~~~~~[m[K
[4.554s] In file included from [01m[K/home/leon/robotica/scorbotLabo/software_scorbot/scorbot_ws/scorbot/src/scorbot.cpp:1[m[K:
[4.554s] [01m[K/home/leon/robotica/scorbotLabo/software_scorbot/scorbot_ws/scorbot/src/scorbot.h:47:12:[m[K [01;36m[Knote: [m[Kcandidate is: ‘[01m[Kvoid scorbot::Teleop::on_tolerance(const Float64&)[m[K’
[4.554s]    47 |       void [01;36m[Kon_tolerance[m[K(const std_msgs::msg::Float64& msg);
[4.554s]       |            [01;36m[K^~~~~~~~~~~~[m[K
[4.554s] [01m[K/home/leon/robotica/scorbotLabo/software_scorbot/scorbot_ws/scorbot/src/scorbot.h:32:9:[m[K [01;36m[Knote: [m[K‘[01m[Kclass scorbot::Teleop[m[K’ defined here
[4.554s]    32 |   class [01;36m[KTeleop[m[K
[4.555s]       |         [01;36m[K^~~~~~[m[K
[4.555s] [01m[K/home/leon/robotica/scorbotLabo/software_scorbot/scorbot_ws/scorbot/src/scorbot.cpp:418:51:[m[K [01;31m[Kerror: [m[K‘[01m[KStringConstPtr[m[K’ in namespace ‘[01m[Kstd_msgs[m[K’ does not name a type
[4.555s]   418 | void scorbot::Teleop::on_filename(const std_msgs::[01;31m[KStringConstPtr[m[K& msg){
[4.555s]       |                                                   [01;31m[K^~~~~~~~~~~~~~[m[K
[4.555s] [01m[K/home/leon/robotica/scorbotLabo/software_scorbot/scorbot_ws/scorbot/src/scorbot.cpp:418:6:[m[K [01;31m[Kerror: [m[Kno declaration matches ‘[01m[Kvoid scorbot::Teleop::on_filename(const int&)[m[K’
[4.555s]   418 | void [01;31m[Kscorbot[m[K::Teleop::on_filename(const std_msgs::StringConstPtr& msg){
[4.555s]       |      [01;31m[K^~~~~~~[m[K
[4.555s] In file included from [01m[K/home/leon/robotica/scorbotLabo/software_scorbot/scorbot_ws/scorbot/src/scorbot.cpp:1[m[K:
[4.555s] [01m[K/home/leon/robotica/scorbotLabo/software_scorbot/scorbot_ws/scorbot/src/scorbot.h:48:12:[m[K [01;36m[Knote: [m[Kcandidate is: ‘[01m[Kvoid scorbot::Teleop::on_filename(const String&)[m[K’
[4.560s]    48 |       void [01;36m[Kon_filename[m[K(const std_msgs::msg::String& msg);
[4.560s]       |            [01;36m[K^~~~~~~~~~~[m[K
[4.561s] [01m[K/home/leon/robotica/scorbotLabo/software_scorbot/scorbot_ws/scorbot/src/scorbot.h:32:9:[m[K [01;36m[Knote: [m[K‘[01m[Kclass scorbot::Teleop[m[K’ defined here
[4.561s]    32 |   class [01;36m[KTeleop[m[K
[4.561s]       |         [01;36m[K^~~~~~[m[K
[4.562s] [01m[K/home/leon/robotica/scorbotLabo/software_scorbot/scorbot_ws/scorbot/src/scorbot.cpp:422:41:[m[K [01;31m[Kerror: [m[K‘[01m[Kuniversal_teleop[m[K’ does not name a type
[4.562s]   422 | void scorbot::Teleop::on_controls(const [01;31m[Kuniversal_teleop[m[K::ControlConstPtr& msg)
[4.562s]       |                                         [01;31m[K^~~~~~~~~~~~~~~~[m[K
[4.562s] [01m[K/home/leon/robotica/scorbotLabo/software_scorbot/scorbot_ws/scorbot/src/scorbot.cpp:422:74:[m[K [01;31m[Kerror: [m[Kexpected unqualified-id before ‘[01m[K&[m[K’ token
[4.562s]   422 | void scorbot::Teleop::on_controls(const universal_teleop::ControlConstPtr[01;31m[K&[m[K msg)
[4.562s]       |                                                                          [01;31m[K^[m[K
[4.562s] [01m[K/home/leon/robotica/scorbotLabo/software_scorbot/scorbot_ws/scorbot/src/scorbot.cpp:422:74:[m[K [01;31m[Kerror: [m[Kexpected ‘[01m[K)[m[K’ before ‘[01m[K&[m[K’ token
[4.563s]   422 | void scorbot::Teleop::on_controls[34m[K([m[Kconst universal_teleop::ControlConstPtr[01;31m[K&[m[K msg)
[4.563s]       |                                  [34m[K~[m[K                                       [01;31m[K^[m[K
[4.563s]       |                                                                          [32m[K)[m[K
[4.563s] [01m[K/home/leon/robotica/scorbotLabo/software_scorbot/scorbot_ws/scorbot/src/scorbot.cpp:422:76:[m[K [01;31m[Kerror: [m[Kexpected initializer before ‘[01m[Kmsg[m[K’
[4.563s]   422 | void scorbot::Teleop::on_controls(const universal_teleop::ControlConstPtr& [01;31m[Kmsg[m[K)
[4.563s]       |                                                                            [01;31m[K^~~[m[K
[4.563s] [01m[K/home/leon/robotica/scorbotLabo/software_scorbot/scorbot_ws/scorbot/src/scorbot.cpp:447:39:[m[K [01;31m[Kerror: [m[K‘[01m[Kuniversal_teleop[m[K’ does not name a type
[4.563s]   447 | void scorbot::Teleop::on_events(const [01;31m[Kuniversal_teleop[m[K::EventConstPtr& msg)
[4.565s]       |                                       [01;31m[K^~~~~~~~~~~~~~~~[m[K
[4.565s] [01m[K/home/leon/robotica/scorbotLabo/software_scorbot/scorbot_ws/scorbot/src/scorbot.cpp:447:70:[m[K [01;31m[Kerror: [m[Kexpected unqualified-id before ‘[01m[K&[m[K’ token
[4.566s]   447 | void scorbot::Teleop::on_events(const universal_teleop::EventConstPtr[01;31m[K&[m[K msg)
[4.566s]       |                                                                      [01;31m[K^[m[K
[4.567s] [01m[K/home/leon/robotica/scorbotLabo/software_scorbot/scorbot_ws/scorbot/src/scorbot.cpp:447:70:[m[K [01;31m[Kerror: [m[Kexpected ‘[01m[K)[m[K’ before ‘[01m[K&[m[K’ token
[4.567s]   447 | void scorbot::Teleop::on_events[34m[K([m[Kconst universal_teleop::EventConstPtr[01;31m[K&[m[K msg)
[4.567s]       |                                [34m[K~[m[K                                     [01;31m[K^[m[K
[4.568s]       |                                                                      [32m[K)[m[K
[4.568s] [01m[K/home/leon/robotica/scorbotLabo/software_scorbot/scorbot_ws/scorbot/src/scorbot.cpp:447:72:[m[K [01;31m[Kerror: [m[Kexpected initializer before ‘[01m[Kmsg[m[K’
[4.570s]   447 | void scorbot::Teleop::on_events(const universal_teleop::EventConstPtr& [01;31m[Kmsg[m[K)
[4.570s]       |                                                                        [01;31m[K^~~[m[K
[4.570s] [01m[K/home/leon/robotica/scorbotLabo/software_scorbot/scorbot_ws/scorbot/src/scorbot.cpp:[m[K In member function ‘[01m[Kvoid scorbot::Teleop::on_control_cycle()[m[K’:
[4.571s] [01m[K/home/leon/robotica/scorbotLabo/software_scorbot/scorbot_ws/scorbot/src/scorbot.cpp:511:23:[m[K [01;35m[Kwarning: [m[Kcomparison of integer expressions of different signedness: ‘[01m[Kint[m[K’ and ‘[01m[Kstd::vector<float>::size_type[m[K’ {aka ‘[01m[Klong unsigned int[m[K’} [[01;35m[K]8;;https://gcc.gnu.org/onlinedocs/gcc/Warning-Options.html#index-Wsign-compare-Wsign-compare]8;;[m[K]
[4.571s]   511 |     for (int i = 0; [01;35m[Ki < velocities.joint_velocities.size()[m[K; i++) {
[4.571s]       |                     [01;35m[K~~^~~~~~~~~~~~~~~~~~~~~~~~~~~~~~~~~~~~[m[K
[4.572s] [01m[K/home/leon/robotica/scorbotLabo/software_scorbot/scorbot_ws/scorbot/src/scorbot.cpp:514:13:[m[K [01;31m[Kerror: [m[K‘[01m[Kusing SharedPtr = class std::shared_ptr<rclcpp::Publisher<scorbot_msgs::msg::JointVelocities_<std::allocator<void> > > >[m[K’ {aka ‘[01m[Kclass std::shared_ptr<rclcpp::Publisher<scorbot_msgs::msg::JointVelocities_<std::allocator<void> > > >[m[K’} has no member named ‘[01m[Kpublish[m[K’
[4.572s]   514 |     vel_pub.[01;31m[Kpublish[m[K(velocities);
[4.572s]       |             [01;31m[K^~~~~~~[m[K
[11.568s] In file included from [01m[K/opt/ros/humble/include/rclcpp/rclcpp/callback_group.hpp:30[m[K,
[11.569s]                  from [01m[K/opt/ros/humble/include/rclcpp/rclcpp/any_executable.hpp:20[m[K,
[11.569s]                  from [01m[K/opt/ros/humble/include/rclcpp/rclcpp/memory_strategy.hpp:25[m[K,
[11.569s]                  from [01m[K/opt/ros/humble/include/rclcpp/rclcpp/memory_strategies.hpp:18[m[K,
[11.569s]                  from [01m[K/opt/ros/humble/include/rclcpp/rclcpp/executor_options.hpp:20[m[K,
[11.570s]                  from [01m[K/opt/ros/humble/include/rclcpp/rclcpp/executor.hpp:37[m[K,
[11.570s]                  from [01m[K/opt/ros/humble/include/rclcpp/rclcpp/executors/multi_threaded_executor.hpp:25[m[K,
[11.570s]                  from [01m[K/opt/ros/humble/include/rclcpp/rclcpp/executors.hpp:21[m[K,
[11.571s]                  from [01m[K/opt/ros/humble/include/rclcpp/rclcpp/rclcpp.hpp:155[m[K,
[11.571s]                  from [01m[K/home/leon/robotica/scorbotLabo/software_scorbot/scorbot_ws/scorbot/src/scorbot.h:4[m[K,
[11.571s]                  from [01m[K/home/leon/robotica/scorbotLabo/software_scorbot/scorbot_ws/scorbot/src/scorbot.cpp:1[m[K:
[11.572s] /opt/ros/humble/include/rclcpp/rclcpp/timer.hpp: In instantiation of ‘[01m[Kvoid rclcpp::GenericTimer<FunctorT, <anonymous> >::execute_callback_delegate() [with CallbackT = std::_Bind<void (scorbot::Teleop::*(std::shared_ptr<rclcpp::Node>))()>; typename std::enable_if<rclcpp::function_traits::same_arguments<CallbackT, std::function<void()> >::value>::type* <anonymous> = 0; FunctorT = std::_Bind<void (scorbot::Teleop::*(std::shared_ptr<rclcpp::Node>))()>; typename std::enable_if<(rclcpp::function_traits::same_arguments<FunctorT, std::function<void()> >::value || rclcpp::function_traits::same_arguments<FunctorT, std::function<void(rclcpp::TimerBase&)> >::value)>::type* <anonymous> = 0][m[K’:
[11.572s] [01m[K/opt/ros/humble/include/rclcpp/rclcpp/timer.hpp:230:32:[m[K   required from ‘[01m[Kvoid rclcpp::GenericTimer<FunctorT, <anonymous> >::execute_callback() [with FunctorT = std::_Bind<void (scorbot::Teleop::*(std::shared_ptr<rclcpp::Node>))()>; typename std::enable_if<(rclcpp::function_traits::same_arguments<FunctorT, std::function<void()> >::value || rclcpp::function_traits::same_arguments<FunctorT, std::function<void(rclcpp::TimerBase&)> >::value)>::type* <anonymous> = 0][m[K’
[11.572s] [01m[K/opt/ros/humble/include/rclcpp/rclcpp/timer.hpp:227:3:[m[K   required from here
[11.573s] [01m[K/opt/ros/humble/include/rclcpp/rclcpp/timer.hpp:244:14:[m[K [01;31m[Kerror: [m[Kno match for call to ‘[01m[K(std::_Bind<void (scorbot::Teleop::*(std::shared_ptr<rclcpp::Node>))()>) ()[m[K’
[11.573s]   244 |     [01;31m[Kcallback_()[m[K;
[11.573s]       |     [01;31m[K~~~~~~~~~^~[m[K
[11.573s] In file included from [01m[K/usr/include/c++/11/pstl/glue_algorithm_defs.h:13[m[K,
[11.574s]                  from [01m[K/usr/include/c++/11/algorithm:74[m[K,
[11.574s]                  from [01m[K/opt/ros/humble/include/rclcpp/rclcpp/executor.hpp:18[m[K,
[11.574s]                  from [01m[K/opt/ros/humble/include/rclcpp/rclcpp/executors/multi_threaded_executor.hpp:25[m[K,
[11.574s]                  from [01m[K/opt/ros/humble/include/rclcpp/rclcpp/executors.hpp:21[m[K,
[11.575s]                  from [01m[K/opt/ros/humble/include/rclcpp/rclcpp/rclcpp.hpp:155[m[K,
[11.575s]                  from [01m[K/home/leon/robotica/scorbotLabo/software_scorbot/scorbot_ws/scorbot/src/scorbot.h:4[m[K,
[11.575s]                  from [01m[K/home/leon/robotica/scorbotLabo/software_scorbot/scorbot_ws/scorbot/src/scorbot.cpp:1[m[K:
[11.576s] [01m[K/usr/include/c++/11/functional:501:9:[m[K [01;36m[Knote: [m[Kcandidate: ‘[01m[Ktemplate<class ... _Args, class _Result> _Result std::_Bind<_Functor(_Bound_args ...)>::operator()(_Args&& ...) [with _Args = {_Args ...}; _Result = _Result; _Functor = void (scorbot::Teleop::*)(); _Bound_args = {std::shared_ptr<rclcpp::Node>}][m[K’
[11.576s]   501 |         [01;36m[Koperator[m[K()(_Args&&... __args)
[11.576s]       |         [01;36m[K^~~~~~~~[m[K
[11.577s] [01m[K/usr/include/c++/11/functional:501:9:[m[K [01;36m[Knote: [m[K  template argument deduction/substitution failed:
[11.577s] /usr/include/c++/11/functional: In substitution of ‘[01m[Ktemplate<class _Functor, class ... _Bound_args> template<class _Fn, class _CallArgs, class ... _BArgs> using _Res_type_impl = typename std::result_of<_Fn&(decltype (std::_Mu<typename std::remove_cv<_BArgs>::type, std::is_bind_expression<typename std::remove_cv<_BArgs>::type>::value, (std::is_placeholder<typename std::remove_cv<_BArgs>::type>::value > 0)>()(declval<_BArgs&>(), declval<_CallArgs&>()))&& ...)>::type [with _Fn = void (scorbot::Teleop::*)(); _CallArgs = std::tuple<>; _BArgs = {std::shared_ptr<rclcpp::Node>}; _Functor = void (scorbot::Teleop::*)(); _Bound_args = {std::shared_ptr<rclcpp::Node>}][m[K’:
[11.578s] [01m[K/usr/include/c++/11/functional:468:8:[m[K   required by substitution of ‘[01m[Ktemplate<class _Functor, class ... _Bound_args> template<class _CallArgs> using _Res_type = std::_Bind<_Functor(_Bound_args ...)>::_Res_type_impl<_Functor, _CallArgs, _Bound_args ...> [with _CallArgs = std::tuple<>; _Functor = void (scorbot::Teleop::*)(); _Bound_args = {std::shared_ptr<rclcpp::Node>}][m[K’
[11.578s] [01m[K/usr/include/c++/11/functional:498:9:[m[K   required from ‘[01m[Kvoid rclcpp::GenericTimer<FunctorT, <anonymous> >::execute_callback_delegate() [with CallbackT = std::_Bind<void (scorbot::Teleop::*(std::shared_ptr<rclcpp::Node>))()>; typename std::enable_if<rclcpp::function_traits::same_arguments<CallbackT, std::function<void()> >::value>::type* <anonymous> = 0; FunctorT = std::_Bind<void (scorbot::Teleop::*(std::shared_ptr<rclcpp::Node>))()>; typename std::enable_if<(rclcpp::function_traits::same_arguments<FunctorT, std::function<void()> >::value || rclcpp::function_traits::same_arguments<FunctorT, std::function<void(rclcpp::TimerBase&)> >::value)>::type* <anonymous> = 0][m[K’
[11.579s] [01m[K/opt/ros/humble/include/rclcpp/rclcpp/timer.hpp:230:32:[m[K   required from ‘[01m[Kvoid rclcpp::GenericTimer<FunctorT, <anonymous> >::execute_callback() [with FunctorT = std::_Bind<void (scorbot::Teleop::*(std::shared_ptr<rclcpp::Node>))()>; typename std::enable_if<(rclcpp::function_traits::same_arguments<FunctorT, std::function<void()> >::value || rclcpp::function_traits::same_arguments<FunctorT, std::function<void(rclcpp::TimerBase&)> >::value)>::type* <anonymous> = 0][m[K’
[11.579s] [01m[K/opt/ros/humble/include/rclcpp/rclcpp/timer.hpp:227:3:[m[K   required from here
[11.580s] [01m[K/usr/include/c++/11/functional:464:15:[m[K [01;31m[Kerror: [m[Kno type named ‘[01m[Ktype[m[K’ in ‘[01m[Kstruct std::result_of<void (scorbot::Teleop::*&(std::shared_ptr<rclcpp::Node>&))()>[m[K’
[11.580s]   464 |         using [01;31m[K_Res_type_impl[m[K
[11.580s]       |               [01;31m[K^~~~~~~~~~~~~~[m[K
[11.581s] /opt/ros/humble/include/rclcpp/rclcpp/timer.hpp: In instantiation of ‘[01m[Kvoid rclcpp::GenericTimer<FunctorT, <anonymous> >::execute_callback_delegate() [with CallbackT = std::_Bind<void (scorbot::Teleop::*(std::shared_ptr<rclcpp::Node>))()>; typename std::enable_if<rclcpp::function_traits::same_arguments<CallbackT, std::function<void()> >::value>::type* <anonymous> = 0; FunctorT = std::_Bind<void (scorbot::Teleop::*(std::shared_ptr<rclcpp::Node>))()>; typename std::enable_if<(rclcpp::function_traits::same_arguments<FunctorT, std::function<void()> >::value || rclcpp::function_traits::same_arguments<FunctorT, std::function<void(rclcpp::TimerBase&)> >::value)>::type* <anonymous> = 0][m[K’:
[11.581s] [01m[K/opt/ros/humble/include/rclcpp/rclcpp/timer.hpp:230:32:[m[K   required from ‘[01m[Kvoid rclcpp::GenericTimer<FunctorT, <anonymous> >::execute_callback() [with FunctorT = std::_Bind<void (scorbot::Teleop::*(std::shared_ptr<rclcpp::Node>))()>; typename std::enable_if<(rclcpp::function_traits::same_arguments<FunctorT, std::function<void()> >::value || rclcpp::function_traits::same_arguments<FunctorT, std::function<void(rclcpp::TimerBase&)> >::value)>::type* <anonymous> = 0][m[K’
[11.581s] [01m[K/opt/ros/humble/include/rclcpp/rclcpp/timer.hpp:227:3:[m[K   required from here
[11.582s] [01m[K/usr/include/c++/11/functional:513:9:[m[K [01;36m[Knote: [m[Kcandidate: ‘[01m[Ktemplate<class ... _Args, class _Result> _Result std::_Bind<_Functor(_Bound_args ...)>::operator()(_Args&& ...) const [with _Args = {_Args ...}; _Result = _Result; _Functor = void (scorbot::Teleop::*)(); _Bound_args = {std::shared_ptr<rclcpp::Node>}][m[K’
[11.582s]   513 |         [01;36m[Koperator[m[K()(_Args&&... __args) const
[11.582s]       |         [01;36m[K^~~~~~~~[m[K
[11.583s] [01m[K/usr/include/c++/11/functional:513:9:[m[K [01;36m[Knote: [m[K  template argument deduction/substitution failed:
[11.583s] /usr/include/c++/11/functional: In substitution of ‘[01m[Ktemplate<class _Functor, class ... _Bound_args> template<class _Fn, class _CallArgs, class ... _BArgs> using _Res_type_impl = typename std::result_of<_Fn&(decltype (std::_Mu<typename std::remove_cv<_BArgs>::type, std::is_bind_expression<typename std::remove_cv<_BArgs>::type>::value, (std::is_placeholder<typename std::remove_cv<_BArgs>::type>::value > 0)>()(declval<_BArgs&>(), declval<_CallArgs&>()))&& ...)>::type [with _Fn = void (scorbot::Teleop::* const)(); _CallArgs = std::tuple<>; _BArgs = {const std::shared_ptr<rclcpp::Node>}; _Functor = void (scorbot::Teleop::*)(); _Bound_args = {std::shared_ptr<rclcpp::Node>}][m[K’:
[11.583s] [01m[K/usr/include/c++/11/functional:475:8:[m[K   required by substitution of ‘[01m[Ktemplate<class _Functor, class ... _Bound_args> template<class _CallArgs, template<class _CallArgs, template<class> class __cv_quals> template<class _Functor, class ... _Bound_args> template<class> class __cv_quals> using _Res_type_cv = std::_Bind<_Functor(_Bound_args ...)>::_Res_type_impl<typename __cv_quals<typename std::enable_if<(bool)((std::tuple_size<_Tuple>::value + 1)), _Functor>::type>::type, _CallArgs, typename __cv_quals<_Bound_args>::type ...> [with _CallArgs = std::tuple<>; __cv_quals = std::add_const; _Functor = void (scorbot::Teleop::*)(); _Bound_args = {std::shared_ptr<rclcpp::Node>}][m[K’
[11.584s] [01m[K/usr/include/c++/11/functional:510:9:[m[K   required from ‘[01m[Kvoid rclcpp::GenericTimer<FunctorT, <anonymous> >::execute_callback_delegate() [with CallbackT = std::_Bind<void (scorbot::Teleop::*(std::shared_ptr<rclcpp::Node>))()>; typename std::enable_if<rclcpp::function_traits::same_arguments<CallbackT, std::function<void()> >::value>::type* <anonymous> = 0; FunctorT = std::_Bind<void (scorbot::Teleop::*(std::shared_ptr<rclcpp::Node>))()>; typename std::enable_if<(rclcpp::function_traits::same_arguments<FunctorT, std::function<void()> >::value || rclcpp::function_traits::same_arguments<FunctorT, std::function<void(rclcpp::TimerBase&)> >::value)>::type* <anonymous> = 0][m[K’
[11.584s] [01m[K/opt/ros/humble/include/rclcpp/rclcpp/timer.hpp:230:32:[m[K   required from ‘[01m[Kvoid rclcpp::GenericTimer<FunctorT, <anonymous> >::execute_callback() [with FunctorT = std::_Bind<void (scorbot::Teleop::*(std::shared_ptr<rclcpp::Node>))()>; typename std::enable_if<(rclcpp::function_traits::same_arguments<FunctorT, std::function<void()> >::value || rclcpp::function_traits::same_arguments<FunctorT, std::function<void(rclcpp::TimerBase&)> >::value)>::type* <anonymous> = 0][m[K’
[11.584s] [01m[K/opt/ros/humble/include/rclcpp/rclcpp/timer.hpp:227:3:[m[K   required from here
[11.584s] [01m[K/usr/include/c++/11/functional:464:15:[m[K [01;31m[Kerror: [m[Kno type named ‘[01m[Ktype[m[K’ in ‘[01m[Kstruct std::result_of<void (scorbot::Teleop::* const&(const std::shared_ptr<rclcpp::Node>&))()>[m[K’
[11.585s]   464 |         using [01;31m[K_Res_type_impl[m[K
[11.585s]       |               [01;31m[K^~~~~~~~~~~~~~[m[K
[11.585s] /opt/ros/humble/include/rclcpp/rclcpp/timer.hpp: In instantiation of ‘[01m[Kvoid rclcpp::GenericTimer<FunctorT, <anonymous> >::execute_callback_delegate() [with CallbackT = std::_Bind<void (scorbot::Teleop::*(std::shared_ptr<rclcpp::Node>))()>; typename std::enable_if<rclcpp::function_traits::same_arguments<CallbackT, std::function<void()> >::value>::type* <anonymous> = 0; FunctorT = std::_Bind<void (scorbot::Teleop::*(std::shared_ptr<rclcpp::Node>))()>; typename std::enable_if<(rclcpp::function_traits::same_arguments<FunctorT, std::function<void()> >::value || rclcpp::function_traits::same_arguments<FunctorT, std::function<void(rclcpp::TimerBase&)> >::value)>::type* <anonymous> = 0][m[K’:
[11.585s] [01m[K/opt/ros/humble/include/rclcpp/rclcpp/timer.hpp:230:32:[m[K   required from ‘[01m[Kvoid rclcpp::GenericTimer<FunctorT, <anonymous> >::execute_callback() [with FunctorT = std::_Bind<void (scorbot::Teleop::*(std::shared_ptr<rclcpp::Node>))()>; typename std::enable_if<(rclcpp::function_traits::same_arguments<FunctorT, std::function<void()> >::value || rclcpp::function_traits::same_arguments<FunctorT, std::function<void(rclcpp::TimerBase&)> >::value)>::type* <anonymous> = 0][m[K’
[11.586s] [01m[K/opt/ros/humble/include/rclcpp/rclcpp/timer.hpp:227:3:[m[K   required from here
[11.586s] [01m[K/usr/include/c++/11/functional:531:9:[m[K [01;36m[Knote: [m[Kcandidate: ‘[01m[Ktemplate<class ... _Args, class _Result> _Result std::_Bind<_Functor(_Bound_args ...)>::operator()(_Args&& ...) volatile [with _Args = {_Args ...}; _Result = _Result; _Functor = void (scorbot::Teleop::*)(); _Bound_args = {std::shared_ptr<rclcpp::Node>}][m[K’
[11.586s]   531 |         [01;36m[Koperator[m[K()(_Args&&... __args) volatile
[11.586s]       |         [01;36m[K^~~~~~~~[m[K
[11.587s] [01m[K/usr/include/c++/11/functional:531:9:[m[K [01;36m[Knote: [m[K  template argument deduction/substitution failed:
[11.587s] /usr/include/c++/11/functional: In substitution of ‘[01m[Ktemplate<class _Functor, class ... _Bound_args> template<class _Fn, class _CallArgs, class ... _BArgs> using _Res_type_impl = typename std::result_of<_Fn&(decltype (std::_Mu<typename std::remove_cv<_BArgs>::type, std::is_bind_expression<typename std::remove_cv<_BArgs>::type>::value, (std::is_placeholder<typename std::remove_cv<_BArgs>::type>::value > 0)>()(declval<_BArgs&>(), declval<_CallArgs&>()))&& ...)>::type [with _Fn = void (scorbot::Teleop::* volatile)(); _CallArgs = std::tuple<>; _BArgs = {volatile std::shared_ptr<rclcpp::Node>}; _Functor = void (scorbot::Teleop::*)(); _Bound_args = {std::shared_ptr<rclcpp::Node>}][m[K’:
[11.587s] [01m[K/usr/include/c++/11/functional:475:8:[m[K   required by substitution of ‘[01m[Ktemplate<class _Functor, class ... _Bound_args> template<class _CallArgs, template<class _CallArgs, template<class> class __cv_quals> template<class _Functor, class ... _Bound_args> template<class> class __cv_quals> using _Res_type_cv = std::_Bind<_Functor(_Bound_args ...)>::_Res_type_impl<typename __cv_quals<typename std::enable_if<(bool)((std::tuple_size<_Tuple>::value + 1)), _Functor>::type>::type, _CallArgs, typename __cv_quals<_Bound_args>::type ...> [with _CallArgs = std::tuple<>; __cv_quals = std::add_volatile; _Functor = void (scorbot::Teleop::*)(); _Bound_args = {std::shared_ptr<rclcpp::Node>}][m[K’
[11.587s] [01m[K/usr/include/c++/11/functional:528:9:[m[K   required from ‘[01m[Kvoid rclcpp::GenericTimer<FunctorT, <anonymous> >::execute_callback_delegate() [with CallbackT = std::_Bind<void (scorbot::Teleop::*(std::shared_ptr<rclcpp::Node>))()>; typename std::enable_if<rclcpp::function_traits::same_arguments<CallbackT, std::function<void()> >::value>::type* <anonymous> = 0; FunctorT = std::_Bind<void (scorbot::Teleop::*(std::shared_ptr<rclcpp::Node>))()>; typename std::enable_if<(rclcpp::function_traits::same_arguments<FunctorT, std::function<void()> >::value || rclcpp::function_traits::same_arguments<FunctorT, std::function<void(rclcpp::TimerBase&)> >::value)>::type* <anonymous> = 0][m[K’
[11.588s] [01m[K/opt/ros/humble/include/rclcpp/rclcpp/timer.hpp:230:32:[m[K   required from ‘[01m[Kvoid rclcpp::GenericTimer<FunctorT, <anonymous> >::execute_callback() [with FunctorT = std::_Bind<void (scorbot::Teleop::*(std::shared_ptr<rclcpp::Node>))()>; typename std::enable_if<(rclcpp::function_traits::same_arguments<FunctorT, std::function<void()> >::value || rclcpp::function_traits::same_arguments<FunctorT, std::function<void(rclcpp::TimerBase&)> >::value)>::type* <anonymous> = 0][m[K’
[11.588s] [01m[K/opt/ros/humble/include/rclcpp/rclcpp/timer.hpp:227:3:[m[K   required from here
[11.588s] [01m[K/usr/include/c++/11/functional:464:15:[m[K [01;31m[Kerror: [m[Kno type named ‘[01m[Ktype[m[K’ in ‘[01m[Kstruct std::result_of<void (scorbot::Teleop::* volatile&(volatile std::shared_ptr<rclcpp::Node>&))()>[m[K’
[11.588s]   464 |         using [01;31m[K_Res_type_impl[m[K
[11.589s]       |               [01;31m[K^~~~~~~~~~~~~~[m[K
[11.589s] /opt/ros/humble/include/rclcpp/rclcpp/timer.hpp: In instantiation of ‘[01m[Kvoid rclcpp::GenericTimer<FunctorT, <anonymous> >::execute_callback_delegate() [with CallbackT = std::_Bind<void (scorbot::Teleop::*(std::shared_ptr<rclcpp::Node>))()>; typename std::enable_if<rclcpp::function_traits::same_arguments<CallbackT, std::function<void()> >::value>::type* <anonymous> = 0; FunctorT = std::_Bind<void (scorbot::Teleop::*(std::shared_ptr<rclcpp::Node>))()>; typename std::enable_if<(rclcpp::function_traits::same_arguments<FunctorT, std::function<void()> >::value || rclcpp::function_traits::same_arguments<FunctorT, std::function<void(rclcpp::TimerBase&)> >::value)>::type* <anonymous> = 0][m[K’:
[11.589s] [01m[K/opt/ros/humble/include/rclcpp/rclcpp/timer.hpp:230:32:[m[K   required from ‘[01m[Kvoid rclcpp::GenericTimer<FunctorT, <anonymous> >::execute_callback() [with FunctorT = std::_Bind<void (scorbot::Teleop::*(std::shared_ptr<rclcpp::Node>))()>; typename std::enable_if<(rclcpp::function_traits::same_arguments<FunctorT, std::function<void()> >::value || rclcpp::function_traits::same_arguments<FunctorT, std::function<void(rclcpp::TimerBase&)> >::value)>::type* <anonymous> = 0][m[K’
[11.589s] [01m[K/opt/ros/humble/include/rclcpp/rclcpp/timer.hpp:227:3:[m[K   required from here
[11.590s] [01m[K/usr/include/c++/11/functional:543:9:[m[K [01;36m[Knote: [m[Kcandidate: ‘[01m[Ktemplate<class ... _Args, class _Result> _Result std::_Bind<_Functor(_Bound_args ...)>::operator()(_Args&& ...) const volatile [with _Args = {_Args ...}; _Result = _Result; _Functor = void (scorbot::Teleop::*)(); _Bound_args = {std::shared_ptr<rclcpp::Node>}][m[K’
[11.590s]   543 |         [01;36m[Koperator[m[K()(_Args&&... __args) const volatile
[11.590s]       |         [01;36m[K^~~~~~~~[m[K
[11.590s] [01m[K/usr/include/c++/11/functional:543:9:[m[K [01;36m[Knote: [m[K  template argument deduction/substitution failed:
[11.591s] /usr/include/c++/11/functional: In substitution of ‘[01m[Ktemplate<class _Functor, class ... _Bound_args> template<class _Fn, class _CallArgs, class ... _BArgs> using _Res_type_impl = typename std::result_of<_Fn&(decltype (std::_Mu<typename std::remove_cv<_BArgs>::type, std::is_bind_expression<typename std::remove_cv<_BArgs>::type>::value, (std::is_placeholder<typename std::remove_cv<_BArgs>::type>::value > 0)>()(declval<_BArgs&>(), declval<_CallArgs&>()))&& ...)>::type [with _Fn = void (scorbot::Teleop::* const volatile)(); _CallArgs = std::tuple<>; _BArgs = {const volatile std::shared_ptr<rclcpp::Node>}; _Functor = void (scorbot::Teleop::*)(); _Bound_args = {std::shared_ptr<rclcpp::Node>}][m[K’:
[11.591s] [01m[K/usr/include/c++/11/functional:475:8:[m[K   required by substitution of ‘[01m[Ktemplate<class _Functor, class ... _Bound_args> template<class _CallArgs, template<class _CallArgs, template<class> class __cv_quals> template<class _Functor, class ... _Bound_args> template<class> class __cv_quals> using _Res_type_cv = std::_Bind<_Functor(_Bound_args ...)>::_Res_type_impl<typename __cv_quals<typename std::enable_if<(bool)((std::tuple_size<_Tuple>::value + 1)), _Functor>::type>::type, _CallArgs, typename __cv_quals<_Bound_args>::type ...> [with _CallArgs = std::tuple<>; __cv_quals = std::add_cv; _Functor = void (scorbot::Teleop::*)(); _Bound_args = {std::shared_ptr<rclcpp::Node>}][m[K’
[11.591s] [01m[K/usr/include/c++/11/functional:540:9:[m[K   required from ‘[01m[Kvoid rclcpp::GenericTimer<FunctorT, <anonymous> >::execute_callback_delegate() [with CallbackT = std::_Bind<void (scorbot::Teleop::*(std::shared_ptr<rclcpp::Node>))()>; typename std::enable_if<rclcpp::function_traits::same_arguments<CallbackT, std::function<void()> >::value>::type* <anonymous> = 0; FunctorT = std::_Bind<void (scorbot::Teleop::*(std::shared_ptr<rclcpp::Node>))()>; typename std::enable_if<(rclcpp::function_traits::same_arguments<FunctorT, std::function<void()> >::value || rclcpp::function_traits::same_arguments<FunctorT, std::function<void(rclcpp::TimerBase&)> >::value)>::type* <anonymous> = 0][m[K’
[11.591s] [01m[K/opt/ros/humble/include/rclcpp/rclcpp/timer.hpp:230:32:[m[K   required from ‘[01m[Kvoid rclcpp::GenericTimer<FunctorT, <anonymous> >::execute_callback() [with FunctorT = std::_Bind<void (scorbot::Teleop::*(std::shared_ptr<rclcpp::Node>))()>; typename std::enable_if<(rclcpp::function_traits::same_arguments<FunctorT, std::function<void()> >::value || rclcpp::function_traits::same_arguments<FunctorT, std::function<void(rclcpp::TimerBase&)> >::value)>::type* <anonymous> = 0][m[K’
[11.592s] [01m[K/opt/ros/humble/include/rclcpp/rclcpp/timer.hpp:227:3:[m[K   required from here
[11.592s] [01m[K/usr/include/c++/11/functional:464:15:[m[K [01;31m[Kerror: [m[Kno type named ‘[01m[Ktype[m[K’ in ‘[01m[Kstruct std::result_of<void (scorbot::Teleop::* const volatile&(const volatile std::shared_ptr<rclcpp::Node>&))()>[m[K’
[11.592s]   464 |         using [01;31m[K_Res_type_impl[m[K
[11.592s]       |               [01;31m[K^~~~~~~~~~~~~~[m[K
[14.520s] gmake[2]: *** [CMakeFiles/scorbot.dir/build.make:76: CMakeFiles/scorbot.dir/src/scorbot.cpp.o] Error 1
[14.521s] gmake[1]: *** [CMakeFiles/Makefile2:137: CMakeFiles/scorbot.dir/all] Error 2
[14.521s] gmake: *** [Makefile:146: all] Error 2
[14.524s] Invoked command in '/home/leon/robotica/scorbotLabo/software_scorbot/scorbot_ws/build/scorbot' returned '2': AMENT_PREFIX_PATH=/home/leon/robotica/scorbotLabo/software_scorbot/scorbot_ws/install/scorbot_msgs:${AMENT_PREFIX_PATH} CMAKE_PREFIX_PATH=/home/leon/robotica/scorbotLabo/software_scorbot/scorbot_ws/install/scorbot_msgs:/home/leon/microros_ws/install/micro_ros_demos_rclc:/home/leon/microros_ws/install/common_interfaces:/home/leon/microros_ws/install/visualization_msgs:/home/leon/microros_ws/install/test_msgs:/home/leon/microros_ws/install/example_interfaces:/home/leon/microros_ws/install/action_msgs:/home/leon/microros_ws/install/unique_identifier_msgs:/home/leon/microros_ws/install/trajectory_msgs:/home/leon/microros_ws/install/stereo_msgs:/home/leon/microros_ws/install/std_srvs:/home/leon/microros_ws/install/shape_msgs:/home/leon/microros_ws/install/sensor_msgs:/home/leon/microros_ws/install/nav_msgs:/home/leon/microros_ws/install/diagnostic_msgs:/home/leon/microros_ws/install/geometry_msgs:/home/leon/microros_ws/install/actionlib_msgs:/home/leon/microros_ws/install/std_msgs:/home/leon/microros_ws/install/statistics_msgs:/home/leon/microros_ws/install/rosidl_typesupport_microxrcedds_test_msg:/home/leon/microros_ws/install/rosidl_typesupport_microxrcedds_cpp_tests:/home/leon/microros_ws/install/rmw_microxrcedds:/home/leon/microros_ws/install/rosidl_typesupport_microxrcedds_cpp:/home/leon/microros_ws/install/rosidl_typesupport_microxrcedds_c_tests:/home/leon/microros_ws/install/rosidl_typesupport_microxrcedds_c:/home/leon/microros_ws/install/rosgraph_msgs:/home/leon/microros_ws/install/rclc_parameter:/home/leon/microros_ws/install/rclc:/home/leon/microros_ws/install/composition_interfaces:/home/leon/microros_ws/install/rcl_interfaces:/home/leon/microros_ws/install/microxrcedds_client:/home/leon/microros_ws/install/microcdr:/home/leon/microros_ws/install/micro_ros_utilities:/home/leon/microros_ws/install/micro_ros_setup:/home/leon/microros_ws/install/micro_ros_agent:/home/leon/microros_ws/install/micro_ros_msgs:/home/leon/microros_ws/install/lifecycle_msgs:/home/leon/microros_ws/install/complex_msgs:/home/leon/microros_ws/install/builtin_interfaces:/home/leon/microros_ws/install/sensor_msgs_py:/opt/ros/humble LD_LIBRARY_PATH=/home/leon/robotica/scorbotLabo/software_scorbot/scorbot_ws/install/scorbot_msgs/lib:${LD_LIBRARY_PATH} PYTHONPATH=/home/leon/robotica/scorbotLabo/software_scorbot/scorbot_ws/install/scorbot_msgs/local/lib/python3.10/dist-packages:${PYTHONPATH} /usr/bin/cmake --build /home/leon/robotica/scorbotLabo/software_scorbot/scorbot_ws/build/scorbot -- -j4 -l4
